Java HotSpot(TM) 64-Bit Server VM (25.251-b08) for windows-amd64 JRE (1.8.0_251-b08), built on Mar 12 2020 06:31:49 by "" with MS VC++ 10.0 (VS2010)
Memory: 4k page, physical 33268804k(5750648k free), swap 50861440k(4738832k free)
CommandLine flags: -XX:CMSInitiatingOccupancyFraction=50 -XX:CMSMaxAbortablePrecleanTime=6000 -XX:+CMSParallelRemarkEnabled -XX:+CMSScavengeBeforeRemark -XX:ConcGCThreads=4 -XX:GCLogFileSize=20971520 -XX:InitialHeapSize=536870912 -XX:MaxHeapSize=536870912 -XX:MaxTenuringThreshold=8 -XX:NewRatio=3 -XX:NumberOfGCLogFiles=9 -XX:OldPLABSize=16 -XX:-OmitStackTraceInFastThrow -XX:ParallelGCThreads=4 -XX:+ParallelRefProcEnabled -XX:PretenureSizeThreshold=67108864 -XX:+PrintGC -XX:+PrintGCApplicationStoppedTime -XX:+PrintGCDateStamps -XX:+PrintGCDetails -XX:+PrintGCTimeStamps -XX:+PrintHeapAtGC -XX:+PrintTenuringDistribution -XX:SurvivorRatio=4 -XX:TargetSurvivorRatio=90 -XX:ThreadStackSize=256 -XX:+UseCMSInitiatingOccupancyOnly -XX:+UseCompressedClassPointers -XX:+UseCompressedOops -XX:+UseConcMarkSweepGC -XX:+UseGCLogFileRotation -XX:-UseLargePagesIndividualAllocation -XX:+UseParNewGC 
2023-12-01T09:23:53.777+0800: 0.148: Total time for which application threads were stopped: 0.0000709 seconds, Stopping threads took: 0.0000141 seconds
2023-12-01T09:23:53.813+0800: 0.184: Total time for which application threads were stopped: 0.0000949 seconds, Stopping threads took: 0.0000234 seconds
2023-12-01T09:23:53.915+0800: 0.286: Total time for which application threads were stopped: 0.0001185 seconds, Stopping threads took: 0.0000202 seconds
2023-12-01T09:23:54.267+0800: 0.638: Total time for which application threads were stopped: 0.0001721 seconds, Stopping threads took: 0.0000410 seconds
2023-12-01T09:23:54.319+0800: 0.690: Total time for which application threads were stopped: 0.0001515 seconds, Stopping threads took: 0.0000252 seconds
2023-12-01T09:23:54.440+0800: 0.811: Total time for which application threads were stopped: 0.0001809 seconds, Stopping threads took: 0.0000181 seconds
2023-12-01T09:23:54.640+0800: 1.011: Total time for which application threads were stopped: 0.0001455 seconds, Stopping threads took: 0.0000649 seconds
2023-12-01T09:23:54.723+0800: 1.095: Total time for which application threads were stopped: 0.0001811 seconds, Stopping threads took: 0.0000155 seconds
2023-12-01T09:23:54.728+0800: 1.099: Total time for which application threads were stopped: 0.0001554 seconds, Stopping threads took: 0.0000148 seconds
2023-12-01T09:23:54.788+0800: 1.159: Total time for which application threads were stopped: 0.0002144 seconds, Stopping threads took: 0.0000261 seconds
{Heap before GC invocations=0 (full 0):
 par new generation   total 109248K, used 87424K [0x00000000e0000000, 0x00000000e8000000, 0x00000000e8000000)
  eden space 87424K, 100% used [0x00000000e0000000, 0x00000000e5560000, 0x00000000e5560000)
  from space 21824K,   0% used [0x00000000e5560000, 0x00000000e5560000, 0x00000000e6ab0000)
  to   space 21824K,   0% used [0x00000000e6ab0000, 0x00000000e6ab0000, 0x00000000e8000000)
 concurrent mark-sweep generation total 393216K, used 0K [0x00000000e8000000, 0x0000000100000000, 0x0000000100000000)
 Metaspace       used 17519K, capacity 17802K, committed 18176K, reserved 1064960K
  class space    used 2096K, capacity 2179K, committed 2304K, reserved 1048576K
2023-12-01T09:23:55.395+0800: 1.766: [GC (Allocation Failure) 2023-12-01T09:23:55.395+0800: 1.767: [ParNew
Desired survivor size 20112992 bytes, new threshold 8 (max 8)
- age   1:   10756304 bytes,   10756304 total
: 87424K->10595K(109248K), 0.0069780 secs] 87424K->10595K(502464K), 0.0073722 secs] [Times: user=0.00 sys=0.00, real=0.01 secs] 
Heap after GC invocations=1 (full 0):
 par new generation   total 109248K, used 10595K [0x00000000e0000000, 0x00000000e8000000, 0x00000000e8000000)
  eden space 87424K,   0% used [0x00000000e0000000, 0x00000000e0000000, 0x00000000e5560000)
  from space 21824K,  48% used [0x00000000e6ab0000, 0x00000000e7508d18, 0x00000000e8000000)
  to   space 21824K,   0% used [0x00000000e5560000, 0x00000000e5560000, 0x00000000e6ab0000)
 concurrent mark-sweep generation total 393216K, used 0K [0x00000000e8000000, 0x0000000100000000, 0x0000000100000000)
 Metaspace       used 17519K, capacity 17802K, committed 18176K, reserved 1064960K
  class space    used 2096K, capacity 2179K, committed 2304K, reserved 1048576K
}
2023-12-01T09:23:55.403+0800: 1.774: Total time for which application threads were stopped: 0.0075532 seconds, Stopping threads took: 0.0000246 seconds
2023-12-01T09:23:56.081+0800: 2.452: Total time for which application threads were stopped: 0.0002648 seconds, Stopping threads took: 0.0000226 seconds
2023-12-01T09:23:56.318+0800: 2.689: Total time for which application threads were stopped: 0.0000879 seconds, Stopping threads took: 0.0000237 seconds
2023-12-01T09:23:56.334+0800: 2.705: Total time for which application threads were stopped: 0.0000732 seconds, Stopping threads took: 0.0000240 seconds
2023-12-01T09:23:56.340+0800: 2.711: Total time for which application threads were stopped: 0.0000738 seconds, Stopping threads took: 0.0000262 seconds
2023-12-01T09:23:56.345+0800: 2.716: Total time for which application threads were stopped: 0.0000908 seconds, Stopping threads took: 0.0000224 seconds
2023-12-01T09:23:56.388+0800: 2.759: Total time for which application threads were stopped: 0.0002322 seconds, Stopping threads took: 0.0000409 seconds
2023-12-01T09:23:56.424+0800: 2.795: Total time for which application threads were stopped: 0.0001079 seconds, Stopping threads took: 0.0000445 seconds
{Heap before GC invocations=1 (full 0):
 par new generation   total 109248K, used 98019K [0x00000000e0000000, 0x00000000e8000000, 0x00000000e8000000)
  eden space 87424K, 100% used [0x00000000e0000000, 0x00000000e5560000, 0x00000000e5560000)
  from space 21824K,  48% used [0x00000000e6ab0000, 0x00000000e7508d18, 0x00000000e8000000)
  to   space 21824K,   0% used [0x00000000e5560000, 0x00000000e5560000, 0x00000000e6ab0000)
 concurrent mark-sweep generation total 393216K, used 0K [0x00000000e8000000, 0x0000000100000000, 0x0000000100000000)
 Metaspace       used 22650K, capacity 23008K, committed 23288K, reserved 1069056K
  class space    used 2738K, capacity 2868K, committed 2916K, reserved 1048576K
2023-12-01T09:23:56.522+0800: 2.893: [GC (Allocation Failure) 2023-12-01T09:23:56.522+0800: 2.893: [ParNew
Desired survivor size 20112992 bytes, new threshold 8 (max 8)
- age   1:    4761848 bytes,    4761848 total
- age   2:    5376168 bytes,   10138016 total
: 98019K->12697K(109248K), 0.0067505 secs] 98019K->12697K(502464K), 0.0070976 secs] [Times: user=0.00 sys=0.00, real=0.01 secs] 
Heap after GC invocations=2 (full 0):
 par new generation   total 109248K, used 12697K [0x00000000e0000000, 0x00000000e8000000, 0x00000000e8000000)
  eden space 87424K,   0% used [0x00000000e0000000, 0x00000000e0000000, 0x00000000e5560000)
  from space 21824K,  58% used [0x00000000e5560000, 0x00000000e61c6640, 0x00000000e6ab0000)
  to   space 21824K,   0% used [0x00000000e6ab0000, 0x00000000e6ab0000, 0x00000000e8000000)
 concurrent mark-sweep generation total 393216K, used 0K [0x00000000e8000000, 0x0000000100000000, 0x0000000100000000)
 Metaspace       used 22650K, capacity 23008K, committed 23288K, reserved 1069056K
  class space    used 2738K, capacity 2868K, committed 2916K, reserved 1048576K
}
2023-12-01T09:23:56.529+0800: 2.900: Total time for which application threads were stopped: 0.0073142 seconds, Stopping threads took: 0.0000506 seconds
2023-12-01T09:23:56.529+0800: 2.900: [GC (CMS Initial Mark) [1 CMS-initial-mark: 0K(393216K)] 14400K(502464K), 0.0017303 secs] [Times: user=0.00 sys=0.00, real=0.00 secs] 
2023-12-01T09:23:56.531+0800: 2.902: Total time for which application threads were stopped: 0.0019320 seconds, Stopping threads took: 0.0000533 seconds
2023-12-01T09:23:56.531+0800: 2.902: [CMS-concurrent-mark-start]
2023-12-01T09:23:56.531+0800: 2.902: [CMS-concurrent-mark: 0.000/0.000 secs] [Times: user=0.00 sys=0.00, real=0.00 secs] 
2023-12-01T09:23:56.532+0800: 2.902: [CMS-concurrent-preclean-start]
2023-12-01T09:23:56.532+0800: 2.903: [CMS-concurrent-preclean: 0.001/0.001 secs] [Times: user=0.00 sys=0.00, real=0.00 secs] 
2023-12-01T09:23:56.533+0800: 2.903: [GC (CMS Final Remark) [YG occupancy: 14400 K (109248 K)]{Heap before GC invocations=2 (full 1):
 par new generation   total 109248K, used 14400K [0x00000000e0000000, 0x00000000e8000000, 0x00000000e8000000)
  eden space 87424K,   1% used [0x00000000e0000000, 0x00000000e01a9c48, 0x00000000e5560000)
  from space 21824K,  58% used [0x00000000e5560000, 0x00000000e61c6640, 0x00000000e6ab0000)
  to   space 21824K,   0% used [0x00000000e6ab0000, 0x00000000e6ab0000, 0x00000000e8000000)
 concurrent mark-sweep generation total 393216K, used 0K [0x00000000e8000000, 0x0000000100000000, 0x0000000100000000)
 Metaspace       used 22651K, capacity 23008K, committed 23288K, reserved 1069056K
  class space    used 2738K, capacity 2868K, committed 2916K, reserved 1048576K
2023-12-01T09:23:56.533+0800: 2.903: [GC (CMS Final Remark) 2023-12-01T09:23:56.533+0800: 2.903: [ParNew
Desired survivor size 20112992 bytes, new threshold 8 (max 8)
- age   1:        736 bytes,        736 total
- age   2:    1290168 bytes,    1290904 total
- age   3:    5343232 bytes,    6634136 total
: 14400K->11265K(109248K), 0.0045518 secs] 14400K->11265K(502464K), 0.0046772 secs] [Times: user=0.08 sys=0.00, real=0.00 secs] 
Heap after GC invocations=3 (full 1):
 par new generation   total 109248K, used 11265K [0x00000000e0000000, 0x00000000e8000000, 0x00000000e8000000)
  eden space 87424K,   0% used [0x00000000e0000000, 0x00000000e0000000, 0x00000000e5560000)
  from space 21824K,  51% used [0x00000000e6ab0000, 0x00000000e75b0680, 0x00000000e8000000)
  to   space 21824K,   0% used [0x00000000e5560000, 0x00000000e5560000, 0x00000000e6ab0000)
 concurrent mark-sweep generation total 393216K, used 0K [0x00000000e8000000, 0x0000000100000000, 0x0000000100000000)
 Metaspace       used 22651K, capacity 23008K, committed 23288K, reserved 1069056K
  class space    used 2738K, capacity 2868K, committed 2916K, reserved 1048576K
}
2023-12-01T09:23:56.537+0800: 2.908: [Rescan (parallel) , 0.0019643 secs]2023-12-01T09:23:56.539+0800: 2.910: [weak refs processing, 0.0004718 secs]2023-12-01T09:23:56.540+0800: 2.911: [class unloading, 0.0025443 secs]2023-12-01T09:23:56.543+0800: 2.913: [scrub symbol table, 0.0058853 secs]2023-12-01T09:23:56.549+0800: 2.919: [scrub string table, 0.0003771 secs][1 CMS-remark: 0K(393216K)] 11265K(502464K), 0.0170014 secs] [Times: user=0.08 sys=0.00, real=0.02 secs] 
2023-12-01T09:23:56.550+0800: 2.920: Total time for which application threads were stopped: 0.0172498 seconds, Stopping threads took: 0.0000585 seconds
2023-12-01T09:23:56.550+0800: 2.921: [CMS-concurrent-sweep-start]
2023-12-01T09:23:56.550+0800: 2.921: [CMS-concurrent-sweep: 0.000/0.000 secs] [Times: user=0.00 sys=0.00, real=0.00 secs] 
2023-12-01T09:23:56.550+0800: 2.921: [CMS-concurrent-reset-start]
2023-12-01T09:23:56.551+0800: 2.922: [CMS-concurrent-reset: 0.002/0.002 secs] [Times: user=0.00 sys=0.00, real=0.00 secs] 
2023-12-01T09:23:56.602+0800: 2.973: Total time for which application threads were stopped: 0.0003927 seconds, Stopping threads took: 0.0000423 seconds
2023-12-01T09:23:56.607+0800: 2.978: Total time for which application threads were stopped: 0.0003855 seconds, Stopping threads took: 0.0000430 seconds
2023-12-01T09:23:56.608+0800: 2.979: Total time for which application threads were stopped: 0.0003686 seconds, Stopping threads took: 0.0000333 seconds
2023-12-01T09:23:56.686+0800: 3.058: Total time for which application threads were stopped: 0.0003725 seconds, Stopping threads took: 0.0000345 seconds
2023-12-01T09:23:57.111+0800: 3.482: Total time for which application threads were stopped: 0.0003472 seconds, Stopping threads took: 0.0000271 seconds
2023-12-01T09:23:57.337+0800: 3.709: Total time for which application threads were stopped: 0.0004620 seconds, Stopping threads took: 0.0000380 seconds
{Heap before GC invocations=3 (full 1):
 par new generation   total 109248K, used 98689K [0x00000000e0000000, 0x00000000e8000000, 0x00000000e8000000)
  eden space 87424K, 100% used [0x00000000e0000000, 0x00000000e5560000, 0x00000000e5560000)
  from space 21824K,  51% used [0x00000000e6ab0000, 0x00000000e75b0680, 0x00000000e8000000)
  to   space 21824K,   0% used [0x00000000e5560000, 0x00000000e5560000, 0x00000000e6ab0000)
 concurrent mark-sweep generation total 393216K, used 0K [0x00000000e8000000, 0x0000000100000000, 0x0000000100000000)
 Metaspace       used 27886K, capacity 28510K, committed 28772K, reserved 1075200K
  class space    used 3404K, capacity 3585K, committed 3684K, reserved 1048576K
2023-12-01T09:23:57.547+0800: 3.918: [GC (Allocation Failure) 2023-12-01T09:23:57.547+0800: 3.918: [ParNew
Desired survivor size 20112992 bytes, new threshold 8 (max 8)
- age   1:    6349528 bytes,    6349528 total
- age   3:    1238936 bytes,    7588464 total
- age   4:    5288496 bytes,   12876960 total
: 98689K->15491K(109248K), 0.0071592 secs] 98689K->15491K(502464K), 0.0072972 secs] [Times: user=0.02 sys=0.02, real=0.01 secs] 
Heap after GC invocations=4 (full 1):
 par new generation   total 109248K, used 15491K [0x00000000e0000000, 0x00000000e8000000, 0x00000000e8000000)
  eden space 87424K,   0% used [0x00000000e0000000, 0x00000000e0000000, 0x00000000e5560000)
  from space 21824K,  70% used [0x00000000e5560000, 0x00000000e6480c00, 0x00000000e6ab0000)
  to   space 21824K,   0% used [0x00000000e6ab0000, 0x00000000e6ab0000, 0x00000000e8000000)
 concurrent mark-sweep generation total 393216K, used 0K [0x00000000e8000000, 0x0000000100000000, 0x0000000100000000)
 Metaspace       used 27886K, capacity 28510K, committed 28772K, reserved 1075200K
  class space    used 3404K, capacity 3585K, committed 3684K, reserved 1048576K
}
2023-12-01T09:23:57.554+0800: 3.925: Total time for which application threads were stopped: 0.0075751 seconds, Stopping threads took: 0.0000589 seconds
2023-12-01T09:23:57.717+0800: 4.088: Total time for which application threads were stopped: 0.0006238 seconds, Stopping threads took: 0.0000475 seconds
{Heap before GC invocations=4 (full 1):
 par new generation   total 109248K, used 102911K [0x00000000e0000000, 0x00000000e8000000, 0x00000000e8000000)
  eden space 87424K,  99% used [0x00000000e0000000, 0x00000000e555f0c0, 0x00000000e5560000)
  from space 21824K,  70% used [0x00000000e5560000, 0x00000000e6480c00, 0x00000000e6ab0000)
  to   space 21824K,   0% used [0x00000000e6ab0000, 0x00000000e6ab0000, 0x00000000e8000000)
 concurrent mark-sweep generation total 393216K, used 0K [0x00000000e8000000, 0x0000000100000000, 0x0000000100000000)
 Metaspace       used 29918K, capacity 30658K, committed 30820K, reserved 1077248K
  class space    used 3661K, capacity 3875K, committed 3940K, reserved 1048576K
2023-12-01T09:23:57.731+0800: 4.102: [GC (Allocation Failure) 2023-12-01T09:23:57.731+0800: 4.102: [ParNew
Desired survivor size 20112992 bytes, new threshold 8 (max 8)
- age   1:    3180808 bytes,    3180808 total
- age   2:    3169272 bytes,    6350080 total
- age   4:    1233784 bytes,    7583864 total
- age   5:    5265568 bytes,   12849432 total
: 102911K->20799K(109248K), 0.0071422 secs] 102911K->20799K(502464K), 0.0072602 secs] [Times: user=0.00 sys=0.00, real=0.01 secs] 
Heap after GC invocations=5 (full 1):
 par new generation   total 109248K, used 20799K [0x00000000e0000000, 0x00000000e8000000, 0x00000000e8000000)
  eden space 87424K,   0% used [0x00000000e0000000, 0x00000000e0000000, 0x00000000e5560000)
  from space 21824K,  95% used [0x00000000e6ab0000, 0x00000000e7effc40, 0x00000000e8000000)
  to   space 21824K,   0% used [0x00000000e5560000, 0x00000000e5560000, 0x00000000e6ab0000)
 concurrent mark-sweep generation total 393216K, used 0K [0x00000000e8000000, 0x0000000100000000, 0x0000000100000000)
 Metaspace       used 29918K, capacity 30658K, committed 30820K, reserved 1077248K
  class space    used 3661K, capacity 3875K, committed 3940K, reserved 1048576K
}
2023-12-01T09:23:57.738+0800: 4.109: Total time for which application threads were stopped: 0.0075073 seconds, Stopping threads took: 0.0000401 seconds
2023-12-01T09:23:57.746+0800: 4.117: Total time for which application threads were stopped: 0.0011131 seconds, Stopping threads took: 0.0008069 seconds
2023-12-01T09:23:57.797+0800: 4.168: Total time for which application threads were stopped: 0.0002261 seconds, Stopping threads took: 0.0000416 seconds
2023-12-01T09:23:57.798+0800: 4.168: Total time for which application threads were stopped: 0.0001337 seconds, Stopping threads took: 0.0000654 seconds
2023-12-01T09:23:57.799+0800: 4.170: Total time for which application threads were stopped: 0.0003120 seconds, Stopping threads took: 0.0002337 seconds
2023-12-01T09:23:57.799+0800: 4.170: Total time for which application threads were stopped: 0.0000886 seconds, Stopping threads took: 0.0000310 seconds
2023-12-01T09:23:57.801+0800: 4.172: Total time for which application threads were stopped: 0.0001766 seconds, Stopping threads took: 0.0001077 seconds
2023-12-01T09:23:57.801+0800: 4.172: Total time for which application threads were stopped: 0.0000712 seconds, Stopping threads took: 0.0000159 seconds
2023-12-01T09:23:57.804+0800: 4.175: Total time for which application threads were stopped: 0.0001066 seconds, Stopping threads took: 0.0000275 seconds
2023-12-01T09:23:57.806+0800: 4.177: Total time for which application threads were stopped: 0.0001788 seconds, Stopping threads took: 0.0000572 seconds
2023-12-01T09:23:57.806+0800: 4.177: Total time for which application threads were stopped: 0.0001049 seconds, Stopping threads took: 0.0000270 seconds
2023-12-01T09:23:57.807+0800: 4.178: Total time for which application threads were stopped: 0.0002735 seconds, Stopping threads took: 0.0001871 seconds
2023-12-01T09:23:57.808+0800: 4.179: Total time for which application threads were stopped: 0.0002730 seconds, Stopping threads took: 0.0001789 seconds
2023-12-01T09:23:57.808+0800: 4.179: Total time for which application threads were stopped: 0.0000980 seconds, Stopping threads took: 0.0000153 seconds
2023-12-01T09:23:57.809+0800: 4.179: Total time for which application threads were stopped: 0.0001679 seconds, Stopping threads took: 0.0001052 seconds
2023-12-01T09:23:57.809+0800: 4.180: Total time for which application threads were stopped: 0.0001600 seconds, Stopping threads took: 0.0000418 seconds
2023-12-01T09:23:57.809+0800: 4.180: Total time for which application threads were stopped: 0.0000935 seconds, Stopping threads took: 0.0000190 seconds
2023-12-01T09:23:57.810+0800: 4.181: Total time for which application threads were stopped: 0.0001352 seconds, Stopping threads took: 0.0000618 seconds
2023-12-01T09:23:57.810+0800: 4.181: Total time for which application threads were stopped: 0.0001018 seconds, Stopping threads took: 0.0000375 seconds
2023-12-01T09:23:57.810+0800: 4.181: Total time for which application threads were stopped: 0.0000595 seconds, Stopping threads took: 0.0000176 seconds
2023-12-01T09:23:57.810+0800: 4.181: Total time for which application threads were stopped: 0.0000680 seconds, Stopping threads took: 0.0000165 seconds
2023-12-01T09:23:57.810+0800: 4.181: Total time for which application threads were stopped: 0.0000911 seconds, Stopping threads took: 0.0000324 seconds
2023-12-01T09:23:57.811+0800: 4.182: Total time for which application threads were stopped: 0.0000636 seconds, Stopping threads took: 0.0000177 seconds
2023-12-01T09:23:57.811+0800: 4.182: Total time for which application threads were stopped: 0.0001521 seconds, Stopping threads took: 0.0000184 seconds
2023-12-01T09:23:57.812+0800: 4.183: Total time for which application threads were stopped: 0.0000785 seconds, Stopping threads took: 0.0000414 seconds
2023-12-01T09:23:57.814+0800: 4.185: Total time for which application threads were stopped: 0.0001729 seconds, Stopping threads took: 0.0000614 seconds
2023-12-01T09:23:57.814+0800: 4.185: Total time for which application threads were stopped: 0.0000902 seconds, Stopping threads took: 0.0000332 seconds
2023-12-01T09:23:57.814+0800: 4.185: Total time for which application threads were stopped: 0.0000916 seconds, Stopping threads took: 0.0000332 seconds
2023-12-01T09:23:57.814+0800: 4.185: Total time for which application threads were stopped: 0.0000785 seconds, Stopping threads took: 0.0000268 seconds
2023-12-01T09:23:57.814+0800: 4.185: Total time for which application threads were stopped: 0.0000600 seconds, Stopping threads took: 0.0000130 seconds
2023-12-01T09:23:57.815+0800: 4.186: Total time for which application threads were stopped: 0.0000877 seconds, Stopping threads took: 0.0000220 seconds
2023-12-01T09:23:57.815+0800: 4.186: Total time for which application threads were stopped: 0.0000611 seconds, Stopping threads took: 0.0000157 seconds
2023-12-01T09:23:57.815+0800: 4.186: Total time for which application threads were stopped: 0.0000702 seconds, Stopping threads took: 0.0000281 seconds
2023-12-01T09:23:57.815+0800: 4.186: Total time for which application threads were stopped: 0.0000849 seconds, Stopping threads took: 0.0000320 seconds
2023-12-01T09:23:57.815+0800: 4.186: Total time for which application threads were stopped: 0.0000696 seconds, Stopping threads took: 0.0000256 seconds
2023-12-01T09:23:57.816+0800: 4.187: Total time for which application threads were stopped: 0.0000810 seconds, Stopping threads took: 0.0000320 seconds
2023-12-01T09:23:57.816+0800: 4.187: Total time for which application threads were stopped: 0.0000720 seconds, Stopping threads took: 0.0000279 seconds
2023-12-01T09:23:57.816+0800: 4.187: Total time for which application threads were stopped: 0.0001015 seconds, Stopping threads took: 0.0000398 seconds
2023-12-01T09:23:57.816+0800: 4.187: Total time for which application threads were stopped: 0.0000774 seconds, Stopping threads took: 0.0000261 seconds
2023-12-01T09:23:57.816+0800: 4.187: Total time for which application threads were stopped: 0.0000680 seconds, Stopping threads took: 0.0000257 seconds
2023-12-01T09:23:57.817+0800: 4.188: Total time for which application threads were stopped: 0.0001126 seconds, Stopping threads took: 0.0000579 seconds
2023-12-01T09:23:57.817+0800: 4.188: Total time for which application threads were stopped: 0.0001433 seconds, Stopping threads took: 0.0000929 seconds
2023-12-01T09:23:57.820+0800: 4.191: Total time for which application threads were stopped: 0.0002044 seconds, Stopping threads took: 0.0001050 seconds
2023-12-01T09:23:57.820+0800: 4.191: Total time for which application threads were stopped: 0.0001189 seconds, Stopping threads took: 0.0000359 seconds
2023-12-01T09:23:57.821+0800: 4.191: Total time for which application threads were stopped: 0.0001785 seconds, Stopping threads took: 0.0001089 seconds
2023-12-01T09:23:57.821+0800: 4.192: Total time for which application threads were stopped: 0.0002135 seconds, Stopping threads took: 0.0000374 seconds
2023-12-01T09:23:57.822+0800: 4.193: Total time for which application threads were stopped: 0.0002245 seconds, Stopping threads took: 0.0001654 seconds
2023-12-01T09:23:57.824+0800: 4.195: Total time for which application threads were stopped: 0.0001813 seconds, Stopping threads took: 0.0001279 seconds
2023-12-01T09:23:57.829+0800: 4.200: Total time for which application threads were stopped: 0.0001328 seconds, Stopping threads took: 0.0000435 seconds
2023-12-01T09:23:57.830+0800: 4.201: Total time for which application threads were stopped: 0.0001228 seconds, Stopping threads took: 0.0000417 seconds
2023-12-01T09:23:57.840+0800: 4.211: Total time for which application threads were stopped: 0.0001095 seconds, Stopping threads took: 0.0000386 seconds
2023-12-01T09:23:57.844+0800: 4.215: Total time for which application threads were stopped: 0.0001062 seconds, Stopping threads took: 0.0000423 seconds
2023-12-01T09:23:57.848+0800: 4.219: Total time for which application threads were stopped: 0.0001023 seconds, Stopping threads took: 0.0000390 seconds
2023-12-01T09:23:57.849+0800: 4.220: Total time for which application threads were stopped: 0.0001656 seconds, Stopping threads took: 0.0000986 seconds
2023-12-01T09:23:57.860+0800: 4.231: Total time for which application threads were stopped: 0.0004673 seconds, Stopping threads took: 0.0004030 seconds
2023-12-01T09:23:57.860+0800: 4.231: Total time for which application threads were stopped: 0.0001141 seconds, Stopping threads took: 0.0000428 seconds
2023-12-01T09:23:57.865+0800: 4.235: Total time for which application threads were stopped: 0.0001144 seconds, Stopping threads took: 0.0000327 seconds
{Heap before GC invocations=5 (full 1):
 par new generation   total 109248K, used 108225K [0x00000000e0000000, 0x00000000e8000000, 0x00000000e8000000)
  eden space 87424K, 100% used [0x00000000e0000000, 0x00000000e5560000, 0x00000000e5560000)
  from space 21824K,  95% used [0x00000000e6ab0000, 0x00000000e7f00450, 0x00000000e8000000)
  to   space 21824K,   0% used [0x00000000e5560000, 0x00000000e5560000, 0x00000000e6ab0000)
 concurrent mark-sweep generation total 393216K, used 0K [0x00000000e8000000, 0x0000000100000000, 0x0000000100000000)
 Metaspace       used 31009K, capacity 31740K, committed 31972K, reserved 1077248K
  class space    used 3778K, capacity 3982K, committed 4068K, reserved 1048576K
2023-12-01T09:23:57.865+0800: 4.236: [GC (GCLocker Initiated GC) 2023-12-01T09:23:57.865+0800: 4.236: [ParNew
Desired survivor size 20112992 bytes, new threshold 8 (max 8)
- age   1:    2166080 bytes,    2166080 total
- age   2:    1028104 bytes,    3194184 total
- age   3:    3124224 bytes,    6318408 total
- age   5:    1232680 bytes,    7551088 total
- age   6:    5265480 bytes,   12816568 total
: 108225K->15776K(109248K), 0.0068275 secs] 108225K->15776K(502464K), 0.0069635 secs] [Times: user=0.00 sys=0.00, real=0.01 secs] 
Heap after GC invocations=6 (full 1):
 par new generation   total 109248K, used 15776K [0x00000000e0000000, 0x00000000e8000000, 0x00000000e8000000)
  eden space 87424K,   0% used [0x00000000e0000000, 0x00000000e0000000, 0x00000000e5560000)
  from space 21824K,  72% used [0x00000000e5560000, 0x00000000e64c8250, 0x00000000e6ab0000)
  to   space 21824K,   0% used [0x00000000e6ab0000, 0x00000000e6ab0000, 0x00000000e8000000)
 concurrent mark-sweep generation total 393216K, used 0K [0x00000000e8000000, 0x0000000100000000, 0x0000000100000000)
 Metaspace       used 31009K, capacity 31740K, committed 31972K, reserved 1077248K
  class space    used 3778K, capacity 3982K, committed 4068K, reserved 1048576K
}
2023-12-01T09:23:57.872+0800: 4.243: Total time for which application threads were stopped: 0.0071472 seconds, Stopping threads took: 0.0000280 seconds
2023-12-01T09:23:57.910+0800: 4.281: Total time for which application threads were stopped: 0.0001289 seconds, Stopping threads took: 0.0000471 seconds
2023-12-01T09:23:57.924+0800: 4.295: Total time for which application threads were stopped: 0.0001251 seconds, Stopping threads took: 0.0000527 seconds
2023-12-01T09:23:57.925+0800: 4.296: Total time for which application threads were stopped: 0.0001656 seconds, Stopping threads took: 0.0000486 seconds
2023-12-01T09:23:57.960+0800: 4.331: Total time for which application threads were stopped: 0.0001472 seconds, Stopping threads took: 0.0000543 seconds
2023-12-01T09:23:57.963+0800: 4.334: Total time for which application threads were stopped: 0.0001417 seconds, Stopping threads took: 0.0000534 seconds
2023-12-01T09:23:57.964+0800: 4.335: Total time for which application threads were stopped: 0.0001782 seconds, Stopping threads took: 0.0000647 seconds
2023-12-01T09:23:57.977+0800: 4.348: Total time for which application threads were stopped: 0.0001805 seconds, Stopping threads took: 0.0000689 seconds
2023-12-01T09:23:57.986+0800: 4.357: Total time for which application threads were stopped: 0.0001565 seconds, Stopping threads took: 0.0000596 seconds
{Heap before GC invocations=6 (full 1):
 par new generation   total 109248K, used 103200K [0x00000000e0000000, 0x00000000e8000000, 0x00000000e8000000)
  eden space 87424K, 100% used [0x00000000e0000000, 0x00000000e5560000, 0x00000000e5560000)
  from space 21824K,  72% used [0x00000000e5560000, 0x00000000e64c8250, 0x00000000e6ab0000)
  to   space 21824K,   0% used [0x00000000e6ab0000, 0x00000000e6ab0000, 0x00000000e8000000)
 concurrent mark-sweep generation total 393216K, used 0K [0x00000000e8000000, 0x0000000100000000, 0x0000000100000000)
 Metaspace       used 32620K, capacity 33392K, committed 33764K, reserved 1079296K
  class space    used 4011K, capacity 4240K, committed 4324K, reserved 1048576K
2023-12-01T09:23:57.997+0800: 4.368: [GC (Allocation Failure) 2023-12-01T09:23:57.997+0800: 4.368: [ParNew
Desired survivor size 20112992 bytes, new threshold 8 (max 8)
- age   1:    1852696 bytes,    1852696 total
- age   2:    1056168 bytes,    2908864 total
- age   3:     972712 bytes,    3881576 total
- age   4:    3120120 bytes,    7001696 total
- age   6:    1231384 bytes,    8233080 total
- age   7:    5264840 bytes,   13497920 total
: 103200K->18937K(109248K), 0.0074299 secs] 103200K->18937K(502464K), 0.0076319 secs] [Times: user=0.05 sys=0.01, real=0.01 secs] 
Heap after GC invocations=7 (full 1):
 par new generation   total 109248K, used 18937K [0x00000000e0000000, 0x00000000e8000000, 0x00000000e8000000)
  eden space 87424K,   0% used [0x00000000e0000000, 0x00000000e0000000, 0x00000000e5560000)
  from space 21824K,  86% used [0x00000000e6ab0000, 0x00000000e7d2e4f8, 0x00000000e8000000)
  to   space 21824K,   0% used [0x00000000e5560000, 0x00000000e5560000, 0x00000000e6ab0000)
 concurrent mark-sweep generation total 393216K, used 0K [0x00000000e8000000, 0x0000000100000000, 0x0000000100000000)
 Metaspace       used 32620K, capacity 33392K, committed 33764K, reserved 1079296K
  class space    used 4011K, capacity 4240K, committed 4324K, reserved 1048576K
}
2023-12-01T09:23:58.005+0800: 4.376: Total time for which application threads were stopped: 0.0078508 seconds, Stopping threads took: 0.0000381 seconds
2023-12-01T09:23:58.013+0800: 4.384: Total time for which application threads were stopped: 0.0001302 seconds, Stopping threads took: 0.0000636 seconds
2023-12-01T09:23:58.031+0800: 4.402: Total time for which application threads were stopped: 0.0001874 seconds, Stopping threads took: 0.0000495 seconds
2023-12-01T09:23:58.034+0800: 4.405: Total time for which application threads were stopped: 0.0001667 seconds, Stopping threads took: 0.0000512 seconds
2023-12-01T09:23:58.071+0800: 4.442: Total time for which application threads were stopped: 0.0002987 seconds, Stopping threads took: 0.0001697 seconds
2023-12-01T09:23:58.082+0800: 4.453: Total time for which application threads were stopped: 0.0001144 seconds, Stopping threads took: 0.0000340 seconds
{Heap before GC invocations=7 (full 1):
 par new generation   total 109248K, used 106361K [0x00000000e0000000, 0x00000000e8000000, 0x00000000e8000000)
  eden space 87424K, 100% used [0x00000000e0000000, 0x00000000e5560000, 0x00000000e5560000)
  from space 21824K,  86% used [0x00000000e6ab0000, 0x00000000e7d2e4f8, 0x00000000e8000000)
  to   space 21824K,   0% used [0x00000000e5560000, 0x00000000e5560000, 0x00000000e6ab0000)
 concurrent mark-sweep generation total 393216K, used 0K [0x00000000e8000000, 0x0000000100000000, 0x0000000100000000)
 Metaspace       used 34188K, capacity 34968K, committed 35300K, reserved 1079296K
  class space    used 4240K, capacity 4468K, committed 4580K, reserved 1048576K
2023-12-01T09:23:58.114+0800: 4.485: [GC (Allocation Failure) 2023-12-01T09:23:58.114+0800: 4.485: [ParNew
Desired survivor size 20112992 bytes, new threshold 8 (max 8)
- age   1:    1918440 bytes,    1918440 total
- age   2:     470592 bytes,    2389032 total
- age   3:    1053248 bytes,    3442280 total
- age   4:     970112 bytes,    4412392 total
- age   5:    3120120 bytes,    7532512 total
- age   7:    1231064 bytes,    8763576 total
- age   8:    5264728 bytes,   14028304 total
: 106361K->19121K(109248K), 0.0069852 secs] 106361K->19121K(502464K), 0.0070919 secs] [Times: user=0.00 sys=0.00, real=0.01 secs] 
Heap after GC invocations=8 (full 1):
 par new generation   total 109248K, used 19121K [0x00000000e0000000, 0x00000000e8000000, 0x00000000e8000000)
  eden space 87424K,   0% used [0x00000000e0000000, 0x00000000e0000000, 0x00000000e5560000)
  from space 21824K,  87% used [0x00000000e5560000, 0x00000000e680c410, 0x00000000e6ab0000)
  to   space 21824K,   0% used [0x00000000e6ab0000, 0x00000000e6ab0000, 0x00000000e8000000)
 concurrent mark-sweep generation total 393216K, used 0K [0x00000000e8000000, 0x0000000100000000, 0x0000000100000000)
 Metaspace       used 34188K, capacity 34968K, committed 35300K, reserved 1079296K
  class space    used 4240K, capacity 4468K, committed 4580K, reserved 1048576K
}
2023-12-01T09:23:58.121+0800: 4.492: Total time for which application threads were stopped: 0.0073129 seconds, Stopping threads took: 0.0000556 seconds
2023-12-01T09:23:58.127+0800: 4.498: Total time for which application threads were stopped: 0.0003176 seconds, Stopping threads took: 0.0000507 seconds
2023-12-01T09:23:58.129+0800: 4.500: Total time for which application threads were stopped: 0.0004749 seconds, Stopping threads took: 0.0000407 seconds
2023-12-01T09:23:58.194+0800: 4.565: Total time for which application threads were stopped: 0.0004912 seconds, Stopping threads took: 0.0000299 seconds
2023-12-01T09:23:58.195+0800: 4.566: Total time for which application threads were stopped: 0.0001246 seconds, Stopping threads took: 0.0000316 seconds
2023-12-01T09:23:58.229+0800: 4.600: Total time for which application threads were stopped: 0.0001303 seconds, Stopping threads took: 0.0000365 seconds
2023-12-01T09:23:58.254+0800: 4.625: Total time for which application threads were stopped: 0.0001292 seconds, Stopping threads took: 0.0000321 seconds
2023-12-01T09:23:58.255+0800: 4.626: Total time for which application threads were stopped: 0.0001228 seconds, Stopping threads took: 0.0000485 seconds
2023-12-01T09:23:58.255+0800: 4.626: Total time for which application threads were stopped: 0.0001019 seconds, Stopping threads took: 0.0000221 seconds
2023-12-01T09:23:58.255+0800: 4.626: Total time for which application threads were stopped: 0.0001096 seconds, Stopping threads took: 0.0000477 seconds
2023-12-01T09:23:58.255+0800: 4.626: Total time for which application threads were stopped: 0.0000803 seconds, Stopping threads took: 0.0000292 seconds
2023-12-01T09:23:58.256+0800: 4.627: Total time for which application threads were stopped: 0.0000847 seconds, Stopping threads took: 0.0000338 seconds
2023-12-01T09:23:58.256+0800: 4.627: Total time for which application threads were stopped: 0.0000681 seconds, Stopping threads took: 0.0000322 seconds
2023-12-01T09:23:58.256+0800: 4.627: Total time for which application threads were stopped: 0.0000560 seconds, Stopping threads took: 0.0000147 seconds
2023-12-01T09:23:58.256+0800: 4.627: Total time for which application threads were stopped: 0.0000737 seconds, Stopping threads took: 0.0000330 seconds
2023-12-01T09:23:58.256+0800: 4.627: Total time for which application threads were stopped: 0.0000548 seconds, Stopping threads took: 0.0000255 seconds
2023-12-01T09:23:58.256+0800: 4.627: Total time for which application threads were stopped: 0.0000563 seconds, Stopping threads took: 0.0000279 seconds
2023-12-01T09:23:58.256+0800: 4.627: Total time for which application threads were stopped: 0.0000564 seconds, Stopping threads took: 0.0000285 seconds
2023-12-01T09:23:58.256+0800: 4.627: Total time for which application threads were stopped: 0.0000481 seconds, Stopping threads took: 0.0000197 seconds
2023-12-01T09:23:58.256+0800: 4.627: Total time for which application threads were stopped: 0.0000588 seconds, Stopping threads took: 0.0000246 seconds
2023-12-01T09:23:58.256+0800: 4.627: Total time for which application threads were stopped: 0.0000654 seconds, Stopping threads took: 0.0000294 seconds
2023-12-01T09:23:58.257+0800: 4.627: Total time for which application threads were stopped: 0.0000710 seconds, Stopping threads took: 0.0000353 seconds
2023-12-01T09:23:58.257+0800: 4.628: Total time for which application threads were stopped: 0.0001172 seconds, Stopping threads took: 0.0000111 seconds
2023-12-01T09:23:58.364+0800: 4.735: Total time for which application threads were stopped: 0.0001825 seconds, Stopping threads took: 0.0000472 seconds
2023-12-01T09:23:58.367+0800: 4.738: Total time for which application threads were stopped: 0.0001561 seconds, Stopping threads took: 0.0000436 seconds
{Heap before GC invocations=8 (full 1):
 par new generation   total 109248K, used 106545K [0x00000000e0000000, 0x00000000e8000000, 0x00000000e8000000)
  eden space 87424K, 100% used [0x00000000e0000000, 0x00000000e5560000, 0x00000000e5560000)
  from space 21824K,  87% used [0x00000000e5560000, 0x00000000e680c410, 0x00000000e6ab0000)
  to   space 21824K,   0% used [0x00000000e6ab0000, 0x00000000e6ab0000, 0x00000000e8000000)
 concurrent mark-sweep generation total 393216K, used 0K [0x00000000e8000000, 0x0000000100000000, 0x0000000100000000)
 Metaspace       used 36701K, capacity 37536K, committed 37860K, reserved 1083392K
  class space    used 4567K, capacity 4800K, committed 4836K, reserved 1048576K
2023-12-01T09:23:58.373+0800: 4.744: [GC (Allocation Failure) 2023-12-01T09:23:58.374+0800: 4.744: [ParNew
Desired survivor size 20112992 bytes, new threshold 8 (max 8)
- age   1:    4141200 bytes,    4141200 total
- age   2:     313304 bytes,    4454504 total
- age   3:     457664 bytes,    4912168 total
- age   4:     240864 bytes,    5153032 total
- age   5:     938048 bytes,    6091080 total
- age   6:    3114728 bytes,    9205808 total
- age   8:    1227224 bytes,   10433032 total
: 106545K->15861K(109248K), 0.0178740 secs] 106545K->21494K(502464K), 0.0180655 secs] [Times: user=0.08 sys=0.02, real=0.02 secs] 
Heap after GC invocations=9 (full 1):
 par new generation   total 109248K, used 15861K [0x00000000e0000000, 0x00000000e8000000, 0x00000000e8000000)
  eden space 87424K,   0% used [0x00000000e0000000, 0x00000000e0000000, 0x00000000e5560000)
  from space 21824K,  72% used [0x00000000e6ab0000, 0x00000000e7a2d4f0, 0x00000000e8000000)
  to   space 21824K,   0% used [0x00000000e5560000, 0x00000000e5560000, 0x00000000e6ab0000)
 concurrent mark-sweep generation total 393216K, used 5633K [0x00000000e8000000, 0x0000000100000000, 0x0000000100000000)
 Metaspace       used 36701K, capacity 37536K, committed 37860K, reserved 1083392K
  class space    used 4567K, capacity 4800K, committed 4836K, reserved 1048576K
}
2023-12-01T09:23:58.392+0800: 4.762: Total time for which application threads were stopped: 0.0182940 seconds, Stopping threads took: 0.0000454 seconds
2023-12-01T09:23:58.424+0800: 4.794: Total time for which application threads were stopped: 0.0001246 seconds, Stopping threads took: 0.0000273 seconds
2023-12-01T09:23:58.437+0800: 4.808: Total time for which application threads were stopped: 0.0006300 seconds, Stopping threads took: 0.0005613 seconds
2023-12-01T09:23:58.463+0800: 4.833: Total time for which application threads were stopped: 0.0006015 seconds, Stopping threads took: 0.0000548 seconds
2023-12-01T09:23:58.465+0800: 4.836: Total time for which application threads were stopped: 0.0001546 seconds, Stopping threads took: 0.0000518 seconds
2023-12-01T09:23:58.484+0800: 4.854: Total time for which application threads were stopped: 0.0001207 seconds, Stopping threads took: 0.0000333 seconds
2023-12-01T09:23:58.484+0800: 4.855: Total time for which application threads were stopped: 0.0000594 seconds, Stopping threads took: 0.0000247 seconds
2023-12-01T09:23:58.500+0800: 4.871: Total time for which application threads were stopped: 0.0002411 seconds, Stopping threads took: 0.0001499 seconds
2023-12-01T09:23:58.517+0800: 4.888: Total time for which application threads were stopped: 0.0000975 seconds, Stopping threads took: 0.0000328 seconds
2023-12-01T09:23:58.518+0800: 4.889: Total time for which application threads were stopped: 0.0005168 seconds, Stopping threads took: 0.0000263 seconds
2023-12-01T09:23:58.550+0800: 4.921: Total time for which application threads were stopped: 0.0001147 seconds, Stopping threads took: 0.0000307 seconds
2023-12-01T09:23:58.562+0800: 4.933: Total time for which application threads were stopped: 0.0005962 seconds, Stopping threads took: 0.0000326 seconds
2023-12-01T09:23:58.581+0800: 4.952: Total time for which application threads were stopped: 0.0000879 seconds, Stopping threads took: 0.0000322 seconds
2023-12-01T09:23:58.585+0800: 4.956: Total time for which application threads were stopped: 0.0000868 seconds, Stopping threads took: 0.0000283 seconds
2023-12-01T09:23:58.592+0800: 4.963: Total time for which application threads were stopped: 0.0001018 seconds, Stopping threads took: 0.0000289 seconds
2023-12-01T09:23:58.618+0800: 4.988: Total time for which application threads were stopped: 0.0001535 seconds, Stopping threads took: 0.0000534 seconds
2023-12-01T09:23:58.649+0800: 5.020: Total time for which application threads were stopped: 0.0001004 seconds, Stopping threads took: 0.0000295 seconds
2023-12-01T09:23:58.680+0800: 5.051: Total time for which application threads were stopped: 0.0000901 seconds, Stopping threads took: 0.0000264 seconds
2023-12-01T09:23:58.698+0800: 5.069: Total time for which application threads were stopped: 0.0000738 seconds, Stopping threads took: 0.0000234 seconds
{Heap before GC invocations=9 (full 1):
 par new generation   total 109248K, used 103285K [0x00000000e0000000, 0x00000000e8000000, 0x00000000e8000000)
  eden space 87424K, 100% used [0x00000000e0000000, 0x00000000e5560000, 0x00000000e5560000)
  from space 21824K,  72% used [0x00000000e6ab0000, 0x00000000e7a2d4f0, 0x00000000e8000000)
  to   space 21824K,   0% used [0x00000000e5560000, 0x00000000e5560000, 0x00000000e6ab0000)
 concurrent mark-sweep generation total 393216K, used 5633K [0x00000000e8000000, 0x0000000100000000, 0x0000000100000000)
 Metaspace       used 39987K, capacity 40996K, committed 41064K, reserved 1085440K
  class space    used 4958K, capacity 5210K, committed 5244K, reserved 1048576K
2023-12-01T09:23:59.078+0800: 5.449: [GC (Allocation Failure) 2023-12-01T09:23:59.078+0800: 5.449: [ParNew
Desired survivor size 20112992 bytes, new threshold 8 (max 8)
- age   1:    8464480 bytes,    8464480 total
- age   2:    1480752 bytes,    9945232 total
- age   3:     309336 bytes,   10254568 total
- age   4:     454712 bytes,   10709280 total
- age   5:     235312 bytes,   10944592 total
- age   6:     904584 bytes,   11849176 total
- age   7:    3102632 bytes,   14951808 total
: 103285K->16437K(109248K), 0.0074453 secs] 108918K->23285K(502464K), 0.0075340 secs] [Times: user=0.06 sys=0.00, real=0.01 secs] 
Heap after GC invocations=10 (full 1):
 par new generation   total 109248K, used 16437K [0x00000000e0000000, 0x00000000e8000000, 0x00000000e8000000)
  eden space 87424K,   0% used [0x00000000e0000000, 0x00000000e0000000, 0x00000000e5560000)
  from space 21824K,  75% used [0x00000000e5560000, 0x00000000e656d738, 0x00000000e6ab0000)
  to   space 21824K,   0% used [0x00000000e6ab0000, 0x00000000e6ab0000, 0x00000000e8000000)
 concurrent mark-sweep generation total 393216K, used 6847K [0x00000000e8000000, 0x0000000100000000, 0x0000000100000000)
 Metaspace       used 39987K, capacity 40996K, committed 41064K, reserved 1085440K
  class space    used 4958K, capacity 5210K, committed 5244K, reserved 1048576K
}
2023-12-01T09:23:59.086+0800: 5.457: Total time for which application threads were stopped: 0.0078725 seconds, Stopping threads took: 0.0000832 seconds
2023-12-01T09:23:59.086+0800: 5.457: [GC (CMS Initial Mark) [1 CMS-initial-mark: 6847K(393216K)] 24399K(502464K), 0.0019257 secs] [Times: user=0.00 sys=0.00, real=0.00 secs] 
2023-12-01T09:23:59.088+0800: 5.459: Total time for which application threads were stopped: 0.0020838 seconds, Stopping threads took: 0.0000361 seconds
2023-12-01T09:23:59.088+0800: 5.459: [CMS-concurrent-mark-start]
2023-12-01T09:23:59.088+0800: 5.459: Total time for which application threads were stopped: 0.0000926 seconds, Stopping threads took: 0.0000431 seconds
2023-12-01T09:23:59.089+0800: 5.460: Total time for which application threads were stopped: 0.0000551 seconds, Stopping threads took: 0.0000259 seconds
2023-12-01T09:23:59.102+0800: 5.473: [CMS-concurrent-mark: 0.003/0.014 secs] [Times: user=0.02 sys=0.00, real=0.01 secs] 
2023-12-01T09:23:59.102+0800: 5.473: [CMS-concurrent-preclean-start]
2023-12-01T09:23:59.103+0800: 5.474: [CMS-concurrent-preclean: 0.001/0.001 secs] [Times: user=0.00 sys=0.00, real=0.00 secs] 
2023-12-01T09:23:59.103+0800: 5.474: [CMS-concurrent-abortable-preclean-start]
2023-12-01T09:23:59.103+0800: 5.474: Total time for which application threads were stopped: 0.0000642 seconds, Stopping threads took: 0.0000225 seconds
2023-12-01T09:23:59.110+0800: 5.481: Total time for which application threads were stopped: 0.0000572 seconds, Stopping threads took: 0.0000159 seconds
2023-12-01T09:23:59.125+0800: 5.496: Total time for which application threads were stopped: 0.0001327 seconds, Stopping threads took: 0.0000385 seconds
2023-12-01T09:23:59.126+0800: 5.497: Total time for which application threads were stopped: 0.0004867 seconds, Stopping threads took: 0.0000111 seconds
2023-12-01T09:23:59.131+0800: 5.502: Total time for which application threads were stopped: 0.0001664 seconds, Stopping threads took: 0.0001233 seconds
2023-12-01T09:23:59.138+0800: 5.509: Total time for which application threads were stopped: 0.0001912 seconds, Stopping threads took: 0.0001309 seconds
2023-12-01T09:23:59.144+0800: 5.516: Total time for which application threads were stopped: 0.0000844 seconds, Stopping threads took: 0.0000273 seconds
2023-12-01T09:23:59.151+0800: 5.522: Total time for which application threads were stopped: 0.0001674 seconds, Stopping threads took: 0.0001015 seconds
2023-12-01T09:23:59.156+0800: 5.528: Total time for which application threads were stopped: 0.0000756 seconds, Stopping threads took: 0.0000255 seconds
2023-12-01T09:23:59.285+0800: 5.656: Total time for which application threads were stopped: 0.0000559 seconds, Stopping threads took: 0.0000170 seconds
2023-12-01T09:23:59.296+0800: 5.667: Total time for which application threads were stopped: 0.0003717 seconds, Stopping threads took: 0.0000201 seconds
2023-12-01T09:23:59.304+0800: 5.675: Total time for which application threads were stopped: 0.0001978 seconds, Stopping threads took: 0.0001042 seconds
2023-12-01T09:23:59.444+0800: 5.815: Total time for which application threads were stopped: 0.0000725 seconds, Stopping threads took: 0.0000195 seconds
2023-12-01T09:23:59.456+0800: 5.828: Total time for which application threads were stopped: 0.0002017 seconds, Stopping threads took: 0.0001048 seconds
2023-12-01T09:23:59.457+0800: 5.828: Total time for which application threads were stopped: 0.0001291 seconds, Stopping threads took: 0.0001005 seconds
2023-12-01T09:23:59.457+0800: 5.828: Total time for which application threads were stopped: 0.0000349 seconds, Stopping threads took: 0.0000171 seconds
2023-12-01T09:23:59.457+0800: 5.828: Total time for which application threads were stopped: 0.0000659 seconds, Stopping threads took: 0.0000222 seconds
2023-12-01T09:23:59.457+0800: 5.829: Total time for which application threads were stopped: 0.0000675 seconds, Stopping threads took: 0.0000231 seconds
2023-12-01T09:24:03.620+0800: 9.991: Total time for which application threads were stopped: 0.0003049 seconds, Stopping threads took: 0.0002294 seconds
2023-12-01T09:24:03.620+0800: 9.991: Total time for which application threads were stopped: 0.0000878 seconds, Stopping threads took: 0.0000394 seconds
2023-12-01T09:24:03.620+0800: 9.991: Total time for which application threads were stopped: 0.0000333 seconds, Stopping threads took: 0.0000084 seconds
2023-12-01T09:24:03.620+0800: 9.991: Total time for which application threads were stopped: 0.0000254 seconds, Stopping threads took: 0.0000057 seconds
2023-12-01T09:24:03.620+0800: 9.991: Total time for which application threads were stopped: 0.0000293 seconds, Stopping threads took: 0.0000117 seconds
2023-12-01T09:24:03.947+0800: 10.318: Total time for which application threads were stopped: 0.0056054 seconds, Stopping threads took: 0.0054837 seconds
2023-12-01T09:24:03.947+0800: 10.319: Total time for which application threads were stopped: 0.0001088 seconds, Stopping threads took: 0.0000475 seconds
2023-12-01T09:24:03.949+0800: 10.321: Total time for which application threads were stopped: 0.0017204 seconds, Stopping threads took: 0.0016192 seconds
2023-12-01T09:24:03.950+0800: 10.322: Total time for which application threads were stopped: 0.0001422 seconds, Stopping threads took: 0.0000551 seconds
2023-12-01T09:24:03.951+0800: 10.322: Total time for which application threads were stopped: 0.0001090 seconds, Stopping threads took: 0.0000373 seconds
2023-12-01T09:24:03.952+0800: 10.323: Total time for which application threads were stopped: 0.0002145 seconds, Stopping threads took: 0.0000957 seconds
2023-12-01T09:24:03.952+0800: 10.324: Total time for which application threads were stopped: 0.0001286 seconds, Stopping threads took: 0.0000544 seconds
2023-12-01T09:24:03.952+0800: 10.324: Total time for which application threads were stopped: 0.0000931 seconds, Stopping threads took: 0.0000391 seconds
2023-12-01T09:24:03.952+0800: 10.324: Total time for which application threads were stopped: 0.0001036 seconds, Stopping threads took: 0.0000606 seconds
2023-12-01T09:24:03.953+0800: 10.324: Total time for which application threads were stopped: 0.0000648 seconds, Stopping threads took: 0.0000334 seconds
2023-12-01T09:24:03.953+0800: 10.325: Total time for which application threads were stopped: 0.0005280 seconds, Stopping threads took: 0.0000414 seconds
2023-12-01T09:24:03.954+0800: 10.326: Total time for which application threads were stopped: 0.0001266 seconds, Stopping threads took: 0.0000591 seconds
2023-12-01T09:24:03.955+0800: 10.327: Total time for which application threads were stopped: 0.0001397 seconds, Stopping threads took: 0.0000644 seconds
2023-12-01T09:24:03.955+0800: 10.327: Total time for which application threads were stopped: 0.0000794 seconds, Stopping threads took: 0.0000346 seconds
2023-12-01T09:24:03.955+0800: 10.327: Total time for which application threads were stopped: 0.0000751 seconds, Stopping threads took: 0.0000386 seconds
2023-12-01T09:24:03.956+0800: 10.327: Total time for which application threads were stopped: 0.0000479 seconds, Stopping threads took: 0.0000160 seconds
2023-12-01T09:24:03.956+0800: 10.327: Total time for which application threads were stopped: 0.0000605 seconds, Stopping threads took: 0.0000274 seconds
2023-12-01T09:24:03.956+0800: 10.327: Total time for which application threads were stopped: 0.0000538 seconds, Stopping threads took: 0.0000231 seconds
2023-12-01T09:24:03.956+0800: 10.327: Total time for which application threads were stopped: 0.0000595 seconds, Stopping threads took: 0.0000257 seconds
2023-12-01T09:24:04.958+0800: 11.329: Total time for which application threads were stopped: 0.0001559 seconds, Stopping threads took: 0.0000413 seconds
 CMS: abort preclean due to time 2023-12-01T09:24:05.147+0800: 11.518: [CMS-concurrent-abortable-preclean: 1.958/6.044 secs] [Times: user=2.02 sys=0.33, real=6.04 secs] 
2023-12-01T09:24:05.147+0800: 11.518: [GC (CMS Final Remark) [YG occupancy: 42978 K (109248 K)]{Heap before GC invocations=10 (full 2):
 par new generation   total 109248K, used 42978K [0x00000000e0000000, 0x00000000e8000000, 0x00000000e8000000)
  eden space 87424K,  30% used [0x00000000e0000000, 0x00000000e19eb308, 0x00000000e5560000)
  from space 21824K,  75% used [0x00000000e5560000, 0x00000000e656d738, 0x00000000e6ab0000)
  to   space 21824K,   0% used [0x00000000e6ab0000, 0x00000000e6ab0000, 0x00000000e8000000)
 concurrent mark-sweep generation total 393216K, used 6847K [0x00000000e8000000, 0x0000000100000000, 0x0000000100000000)
 Metaspace       used 41609K, capacity 42683K, committed 42800K, reserved 1087488K
  class space    used 5195K, capacity 5490K, committed 5576K, reserved 1048576K
2023-12-01T09:24:05.147+0800: 11.518: [GC (CMS Final Remark) 2023-12-01T09:24:05.147+0800: 11.518: [ParNew
Desired survivor size 20112992 bytes, new threshold 8 (max 8)
- age   1:    1652312 bytes,    1652312 total
- age   2:    5469368 bytes,    7121680 total
- age   3:    1480016 bytes,    8601696 total
- age   4:     309192 bytes,    8910888 total
- age   5:     454232 bytes,    9365120 total
- age   6:     235184 bytes,    9600304 total
- age   7:     904184 bytes,   10504488 total
- age   8:    3101352 bytes,   13605840 total
: 42978K->20033K(109248K), 0.0091709 secs] 49826K->26881K(502464K), 0.0092630 secs] [Times: user=0.00 sys=0.00, real=0.01 secs] 
Heap after GC invocations=11 (full 2):
 par new generation   total 109248K, used 20033K [0x00000000e0000000, 0x00000000e8000000, 0x00000000e8000000)
  eden space 87424K,   0% used [0x00000000e0000000, 0x00000000e0000000, 0x00000000e5560000)
  from space 21824K,  91% used [0x00000000e6ab0000, 0x00000000e7e406e8, 0x00000000e8000000)
  to   space 21824K,   0% used [0x00000000e5560000, 0x00000000e5560000, 0x00000000e6ab0000)
 concurrent mark-sweep generation total 393216K, used 6847K [0x00000000e8000000, 0x0000000100000000, 0x0000000100000000)
 Metaspace       used 41609K, capacity 42683K, committed 42800K, reserved 1087488K
  class space    used 5195K, capacity 5490K, committed 5576K, reserved 1048576K
}
2023-12-01T09:24:05.157+0800: 11.528: [Rescan (parallel) , 0.0034697 secs]2023-12-01T09:24:05.160+0800: 11.531: [weak refs processing, 0.0007892 secs]2023-12-01T09:24:05.161+0800: 11.532: [class unloading, 0.0065553 secs]2023-12-01T09:24:05.168+0800: 11.539: [scrub symbol table, 0.0122153 secs]2023-12-01T09:24:05.180+0800: 11.551: [scrub string table, 0.0005133 secs][1 CMS-remark: 6847K(393216K)] 26881K(502464K), 0.0341947 secs] [Times: user=0.02 sys=0.00, real=0.03 secs] 
2023-12-01T09:24:05.181+0800: 11.552: Total time for which application threads were stopped: 0.0343794 seconds, Stopping threads took: 0.0000251 seconds
2023-12-01T09:24:05.182+0800: 11.552: [CMS-concurrent-sweep-start]
2023-12-01T09:24:05.184+0800: 11.555: [CMS-concurrent-sweep: 0.003/0.003 secs] [Times: user=0.00 sys=0.00, real=0.00 secs] 
2023-12-01T09:24:05.184+0800: 11.555: [CMS-concurrent-reset-start]
2023-12-01T09:24:05.184+0800: 11.556: [CMS-concurrent-reset: 0.000/0.000 secs] [Times: user=0.00 sys=0.00, real=0.00 secs] 
2023-12-01T09:24:06.628+0800: 12.999: Total time for which application threads were stopped: 0.0001341 seconds, Stopping threads took: 0.0000417 seconds
2023-12-01T09:24:06.633+0800: 13.004: Total time for which application threads were stopped: 0.0042804 seconds, Stopping threads took: 0.0041785 seconds
2023-12-01T09:24:06.633+0800: 13.004: Total time for which application threads were stopped: 0.0001202 seconds, Stopping threads took: 0.0000540 seconds
2023-12-01T09:24:06.633+0800: 13.004: Total time for which application threads were stopped: 0.0000812 seconds, Stopping threads took: 0.0000366 seconds
2023-12-01T09:24:06.633+0800: 13.004: Total time for which application threads were stopped: 0.0000790 seconds, Stopping threads took: 0.0000461 seconds
2023-12-01T09:24:06.635+0800: 13.006: Total time for which application threads were stopped: 0.0001070 seconds, Stopping threads took: 0.0000429 seconds
2023-12-01T09:24:06.636+0800: 13.007: Total time for which application threads were stopped: 0.0000831 seconds, Stopping threads took: 0.0000241 seconds
2023-12-01T09:24:06.636+0800: 13.007: Total time for which application threads were stopped: 0.0000780 seconds, Stopping threads took: 0.0000372 seconds
2023-12-01T09:24:06.638+0800: 13.009: Total time for which application threads were stopped: 0.0001143 seconds, Stopping threads took: 0.0000538 seconds
2023-12-01T09:24:06.645+0800: 13.016: Total time for which application threads were stopped: 0.0001416 seconds, Stopping threads took: 0.0000684 seconds
2023-12-01T09:24:06.645+0800: 13.016: Total time for which application threads were stopped: 0.0000615 seconds, Stopping threads took: 0.0000188 seconds
2023-12-01T09:24:06.645+0800: 13.017: Total time for which application threads were stopped: 0.0000417 seconds, Stopping threads took: 0.0000152 seconds
2023-12-01T09:24:06.647+0800: 13.018: Total time for which application threads were stopped: 0.0000927 seconds, Stopping threads took: 0.0000360 seconds
2023-12-01T09:24:06.805+0800: 13.176: Total time for which application threads were stopped: 0.0001665 seconds, Stopping threads took: 0.0000526 seconds
2023-12-01T09:24:06.805+0800: 13.176: Total time for which application threads were stopped: 0.0000914 seconds, Stopping threads took: 0.0000310 seconds
2023-12-01T09:24:06.805+0800: 13.176: Total time for which application threads were stopped: 0.0000955 seconds, Stopping threads took: 0.0000368 seconds
2023-12-01T09:24:06.805+0800: 13.176: Total time for which application threads were stopped: 0.0000775 seconds, Stopping threads took: 0.0000359 seconds
2023-12-01T09:24:06.805+0800: 13.177: Total time for which application threads were stopped: 0.0000737 seconds, Stopping threads took: 0.0000338 seconds
2023-12-01T09:24:06.806+0800: 13.178: Total time for which application threads were stopped: 0.0000769 seconds, Stopping threads took: 0.0000337 seconds
2023-12-01T09:24:06.807+0800: 13.178: Total time for which application threads were stopped: 0.0001495 seconds, Stopping threads took: 0.0000212 seconds
2023-12-01T09:24:07.910+0800: 14.282: Total time for which application threads were stopped: 0.0001233 seconds, Stopping threads took: 0.0000427 seconds
2023-12-01T09:24:07.911+0800: 14.282: Total time for which application threads were stopped: 0.0000913 seconds, Stopping threads took: 0.0000255 seconds
2023-12-01T09:24:07.911+0800: 14.282: Total time for which application threads were stopped: 0.0000569 seconds, Stopping threads took: 0.0000224 seconds
2023-12-01T09:24:07.911+0800: 14.282: Total time for which application threads were stopped: 0.0000509 seconds, Stopping threads took: 0.0000192 seconds
2023-12-01T09:24:07.911+0800: 14.282: Total time for which application threads were stopped: 0.0000699 seconds, Stopping threads took: 0.0000278 seconds
2023-12-01T09:24:07.911+0800: 14.283: Total time for which application threads were stopped: 0.0000519 seconds, Stopping threads took: 0.0000197 seconds
2023-12-01T09:24:07.911+0800: 14.283: Total time for which application threads were stopped: 0.0000408 seconds, Stopping threads took: 0.0000144 seconds
2023-12-01T09:24:08.920+0800: 15.291: Total time for which application threads were stopped: 0.0001334 seconds, Stopping threads took: 0.0000394 seconds
2023-12-01T09:24:10.933+0800: 17.304: Total time for which application threads were stopped: 0.0001404 seconds, Stopping threads took: 0.0000365 seconds
{Heap before GC invocations=11 (full 2):
 par new generation   total 109248K, used 107457K [0x00000000e0000000, 0x00000000e8000000, 0x00000000e8000000)
  eden space 87424K, 100% used [0x00000000e0000000, 0x00000000e5560000, 0x00000000e5560000)
  from space 21824K,  91% used [0x00000000e6ab0000, 0x00000000e7e406e8, 0x00000000e8000000)
  to   space 21824K,   0% used [0x00000000e5560000, 0x00000000e5560000, 0x00000000e6ab0000)
 concurrent mark-sweep generation total 393216K, used 6839K [0x00000000e8000000, 0x0000000100000000, 0x0000000100000000)
 Metaspace       used 41697K, capacity 42821K, committed 43056K, reserved 1087488K
  class space    used 5197K, capacity 5491K, committed 5576K, reserved 1048576K
2023-12-01T09:24:14.660+0800: 21.031: [GC (Allocation Failure) 2023-12-01T09:24:14.660+0800: 21.031: [ParNew
Desired survivor size 20112992 bytes, new threshold 8 (max 8)
- age   1:    1767096 bytes,    1767096 total
- age   2:     765056 bytes,    2532152 total
- age   3:    5469016 bytes,    8001168 total
- age   4:    1479216 bytes,    9480384 total
- age   5:     309192 bytes,    9789576 total
- age   6:     454200 bytes,   10243776 total
- age   7:     235088 bytes,   10478864 total
- age   8:     896208 bytes,   11375072 total
: 107457K->14165K(109248K), 0.0084797 secs] 114297K->24063K(502464K), 0.0086493 secs] [Times: user=0.06 sys=0.00, real=0.01 secs] 
Heap after GC invocations=12 (full 2):
 par new generation   total 109248K, used 14165K [0x00000000e0000000, 0x00000000e8000000, 0x00000000e8000000)
  eden space 87424K,   0% used [0x00000000e0000000, 0x00000000e0000000, 0x00000000e5560000)
  from space 21824K,  64% used [0x00000000e5560000, 0x00000000e63357a8, 0x00000000e6ab0000)
  to   space 21824K,   0% used [0x00000000e6ab0000, 0x00000000e6ab0000, 0x00000000e8000000)
 concurrent mark-sweep generation total 393216K, used 9897K [0x00000000e8000000, 0x0000000100000000, 0x0000000100000000)
 Metaspace       used 41697K, capacity 42821K, committed 43056K, reserved 1087488K
  class space    used 5197K, capacity 5491K, committed 5576K, reserved 1048576K
}
2023-12-01T09:24:14.668+0800: 21.039: Total time for which application threads were stopped: 0.0088959 seconds, Stopping threads took: 0.0000440 seconds
{Heap before GC invocations=12 (full 2):
 par new generation   total 109248K, used 101576K [0x00000000e0000000, 0x00000000e8000000, 0x00000000e8000000)
  eden space 87424K,  99% used [0x00000000e0000000, 0x00000000e555cb90, 0x00000000e5560000)
  from space 21824K,  64% used [0x00000000e5560000, 0x00000000e63357a8, 0x00000000e6ab0000)
  to   space 21824K,   0% used [0x00000000e6ab0000, 0x00000000e6ab0000, 0x00000000e8000000)
 concurrent mark-sweep generation total 393216K, used 9897K [0x00000000e8000000, 0x0000000100000000, 0x0000000100000000)
 Metaspace       used 41719K, capacity 42827K, committed 43056K, reserved 1087488K
  class space    used 5198K, capacity 5492K, committed 5576K, reserved 1048576K
2023-12-01T09:24:14.708+0800: 21.079: [GC (Allocation Failure) 2023-12-01T09:24:14.708+0800: 21.079: [ParNew
Desired survivor size 20112992 bytes, new threshold 8 (max 8)
- age   1:     248728 bytes,     248728 total
- age   2:    1550296 bytes,    1799024 total
- age   3:     765056 bytes,    2564080 total
- age   4:    5469016 bytes,    8033096 total
- age   5:    1479152 bytes,    9512248 total
- age   6:     309192 bytes,    9821440 total
- age   7:     454096 bytes,   10275536 total
- age   8:     235088 bytes,   10510624 total
: 101576K->11539K(109248K), 0.0079137 secs] 111474K->22323K(502464K), 0.0080806 secs] [Times: user=0.00 sys=0.00, real=0.01 secs] 
Heap after GC invocations=13 (full 2):
 par new generation   total 109248K, used 11539K [0x00000000e0000000, 0x00000000e8000000, 0x00000000e8000000)
  eden space 87424K,   0% used [0x00000000e0000000, 0x00000000e0000000, 0x00000000e5560000)
  from space 21824K,  52% used [0x00000000e6ab0000, 0x00000000e75f4f10, 0x00000000e8000000)
  to   space 21824K,   0% used [0x00000000e5560000, 0x00000000e5560000, 0x00000000e6ab0000)
 concurrent mark-sweep generation total 393216K, used 10783K [0x00000000e8000000, 0x0000000100000000, 0x0000000100000000)
 Metaspace       used 41719K, capacity 42827K, committed 43056K, reserved 1087488K
  class space    used 5198K, capacity 5492K, committed 5576K, reserved 1048576K
}
2023-12-01T09:24:14.716+0800: 21.087: Total time for which application threads were stopped: 0.0082727 seconds, Stopping threads took: 0.0000342 seconds
2023-12-01T09:24:14.813+0800: 21.184: Total time for which application threads were stopped: 0.0001457 seconds, Stopping threads took: 0.0000366 seconds
2023-12-01T09:24:14.815+0800: 21.186: Total time for which application threads were stopped: 0.0000980 seconds, Stopping threads took: 0.0000396 seconds
2023-12-01T09:24:14.816+0800: 21.187: Total time for which application threads were stopped: 0.0001062 seconds, Stopping threads took: 0.0000774 seconds
2023-12-01T09:24:14.818+0800: 21.189: Total time for which application threads were stopped: 0.0000874 seconds, Stopping threads took: 0.0000237 seconds
2023-12-01T09:24:14.830+0800: 21.201: Total time for which application threads were stopped: 0.0002245 seconds, Stopping threads took: 0.0001451 seconds
2023-12-01T09:24:14.856+0800: 21.227: Total time for which application threads were stopped: 0.0002605 seconds, Stopping threads took: 0.0001811 seconds
2023-12-01T09:24:14.858+0800: 21.229: Total time for which application threads were stopped: 0.0000703 seconds, Stopping threads took: 0.0000297 seconds
2023-12-01T09:24:14.858+0800: 21.229: Total time for which application threads were stopped: 0.0000507 seconds, Stopping threads took: 0.0000295 seconds
2023-12-01T09:24:14.858+0800: 21.229: Total time for which application threads were stopped: 0.0000261 seconds, Stopping threads took: 0.0000099 seconds
2023-12-01T09:24:14.858+0800: 21.229: Total time for which application threads were stopped: 0.0000308 seconds, Stopping threads took: 0.0000139 seconds
2023-12-01T09:24:14.859+0800: 21.229: Total time for which application threads were stopped: 0.0000253 seconds, Stopping threads took: 0.0000095 seconds
2023-12-01T09:24:14.859+0800: 21.230: Total time for which application threads were stopped: 0.0000546 seconds, Stopping threads took: 0.0000298 seconds
2023-12-01T09:24:14.860+0800: 21.231: Total time for which application threads were stopped: 0.0000671 seconds, Stopping threads took: 0.0000269 seconds
2023-12-01T09:24:14.863+0800: 21.234: Total time for which application threads were stopped: 0.0000985 seconds, Stopping threads took: 0.0000441 seconds
2023-12-01T09:24:14.869+0800: 21.240: Total time for which application threads were stopped: 0.0001318 seconds, Stopping threads took: 0.0000592 seconds
2023-12-01T09:24:14.869+0800: 21.240: Total time for which application threads were stopped: 0.0000750 seconds, Stopping threads took: 0.0000493 seconds
2023-12-01T09:24:14.869+0800: 21.240: Total time for which application threads were stopped: 0.0000673 seconds, Stopping threads took: 0.0000280 seconds
2023-12-01T09:24:14.870+0800: 21.241: Total time for which application threads were stopped: 0.0000805 seconds, Stopping threads took: 0.0000504 seconds
2023-12-01T09:24:14.870+0800: 21.241: Total time for which application threads were stopped: 0.0000849 seconds, Stopping threads took: 0.0000324 seconds
2023-12-01T09:24:14.870+0800: 21.241: Total time for which application threads were stopped: 0.0000387 seconds, Stopping threads took: 0.0000245 seconds
2023-12-01T09:24:14.870+0800: 21.241: Total time for which application threads were stopped: 0.0001108 seconds, Stopping threads took: 0.0000965 seconds
2023-12-01T09:24:14.870+0800: 21.241: Total time for which application threads were stopped: 0.0001446 seconds, Stopping threads took: 0.0000633 seconds
2023-12-01T09:24:14.871+0800: 21.241: Total time for which application threads were stopped: 0.0000640 seconds, Stopping threads took: 0.0000431 seconds
2023-12-01T09:24:14.871+0800: 21.241: Total time for which application threads were stopped: 0.0000394 seconds, Stopping threads took: 0.0000232 seconds
2023-12-01T09:24:14.871+0800: 21.242: Total time for which application threads were stopped: 0.0000444 seconds, Stopping threads took: 0.0000297 seconds
2023-12-01T09:24:14.871+0800: 21.242: Total time for which application threads were stopped: 0.0000532 seconds, Stopping threads took: 0.0000380 seconds
2023-12-01T09:24:14.871+0800: 21.242: Total time for which application threads were stopped: 0.0000518 seconds, Stopping threads took: 0.0000069 seconds
2023-12-01T09:24:14.871+0800: 21.242: Total time for which application threads were stopped: 0.0001081 seconds, Stopping threads took: 0.0000938 seconds
2023-12-01T09:24:14.871+0800: 21.242: Total time for which application threads were stopped: 0.0000379 seconds, Stopping threads took: 0.0000235 seconds
2023-12-01T09:24:14.871+0800: 21.242: Total time for which application threads were stopped: 0.0000459 seconds, Stopping threads took: 0.0000278 seconds
2023-12-01T09:24:14.871+0800: 21.242: Total time for which application threads were stopped: 0.0000401 seconds, Stopping threads took: 0.0000248 seconds
2023-12-01T09:24:14.871+0800: 21.242: Total time for which application threads were stopped: 0.0000351 seconds, Stopping threads took: 0.0000199 seconds
2023-12-01T09:24:14.871+0800: 21.242: Total time for which application threads were stopped: 0.0000408 seconds, Stopping threads took: 0.0000248 seconds
2023-12-01T09:24:14.871+0800: 21.242: Total time for which application threads were stopped: 0.0000372 seconds, Stopping threads took: 0.0000233 seconds
2023-12-01T09:24:14.871+0800: 21.242: Total time for which application threads were stopped: 0.0000396 seconds, Stopping threads took: 0.0000249 seconds
2023-12-01T09:24:14.871+0800: 21.242: Total time for which application threads were stopped: 0.0000385 seconds, Stopping threads took: 0.0000240 seconds
2023-12-01T09:24:14.872+0800: 21.242: Total time for which application threads were stopped: 0.0001355 seconds, Stopping threads took: 0.0000249 seconds
2023-12-01T09:24:14.876+0800: 21.247: Total time for which application threads were stopped: 0.0001722 seconds, Stopping threads took: 0.0000933 seconds
2023-12-01T09:24:14.876+0800: 21.247: Total time for which application threads were stopped: 0.0001160 seconds, Stopping threads took: 0.0000897 seconds
2023-12-01T09:24:14.882+0800: 21.252: Total time for which application threads were stopped: 0.0000733 seconds, Stopping threads took: 0.0000290 seconds
2023-12-01T09:24:14.892+0800: 21.263: Total time for which application threads were stopped: 0.0007389 seconds, Stopping threads took: 0.0000346 seconds
2023-12-01T09:24:14.900+0800: 21.270: Total time for which application threads were stopped: 0.0000903 seconds, Stopping threads took: 0.0000295 seconds
2023-12-01T09:24:14.900+0800: 21.271: Total time for which application threads were stopped: 0.0000631 seconds, Stopping threads took: 0.0000198 seconds
2023-12-01T09:24:14.900+0800: 21.271: Total time for which application threads were stopped: 0.0000428 seconds, Stopping threads took: 0.0000106 seconds
2023-12-01T09:24:14.900+0800: 21.271: Total time for which application threads were stopped: 0.0000229 seconds, Stopping threads took: 0.0000088 seconds
2023-12-01T09:24:14.901+0800: 21.271: Total time for which application threads were stopped: 0.0000221 seconds, Stopping threads took: 0.0000093 seconds
2023-12-01T09:24:14.901+0800: 21.271: Total time for which application threads were stopped: 0.0000200 seconds, Stopping threads took: 0.0000083 seconds
2023-12-01T09:24:14.901+0800: 21.272: Total time for which application threads were stopped: 0.0000201 seconds, Stopping threads took: 0.0000083 seconds
2023-12-01T09:24:14.901+0800: 21.272: Total time for which application threads were stopped: 0.0000270 seconds, Stopping threads took: 0.0000105 seconds
{Heap before GC invocations=13 (full 2):
 par new generation   total 109248K, used 98963K [0x00000000e0000000, 0x00000000e8000000, 0x00000000e8000000)
  eden space 87424K, 100% used [0x00000000e0000000, 0x00000000e5560000, 0x00000000e5560000)
  from space 21824K,  52% used [0x00000000e6ab0000, 0x00000000e75f4f10, 0x00000000e8000000)
  to   space 21824K,   0% used [0x00000000e5560000, 0x00000000e5560000, 0x00000000e6ab0000)
 concurrent mark-sweep generation total 393216K, used 10783K [0x00000000e8000000, 0x0000000100000000, 0x0000000100000000)
 Metaspace       used 42035K, capacity 43183K, committed 43312K, reserved 1087488K
  class space    used 5224K, capacity 5523K, committed 5576K, reserved 1048576K
2023-12-01T09:24:15.449+0800: 21.821: [GC (Allocation Failure) 2023-12-01T09:24:15.449+0800: 21.821: [ParNew
Desired survivor size 20112992 bytes, new threshold 8 (max 8)
- age   1:    4439936 bytes,    4439936 total
- age   2:      77560 bytes,    4517496 total
- age   3:     729552 bytes,    5247048 total
- age   4:     765056 bytes,    6012104 total
- age   5:    3645232 bytes,    9657336 total
- age   6:    1467392 bytes,   11124728 total
- age   7:     309160 bytes,   11433888 total
- age   8:     454064 bytes,   11887952 total
: 98963K->16649K(109248K), 0.0070431 secs] 109747K->27668K(502464K), 0.0072142 secs] [Times: user=0.00 sys=0.00, real=0.01 secs] 
Heap after GC invocations=14 (full 2):
 par new generation   total 109248K, used 16649K [0x00000000e0000000, 0x00000000e8000000, 0x00000000e8000000)
  eden space 87424K,   0% used [0x00000000e0000000, 0x00000000e0000000, 0x00000000e5560000)
  from space 21824K,  76% used [0x00000000e5560000, 0x00000000e65a2590, 0x00000000e6ab0000)
  to   space 21824K,   0% used [0x00000000e6ab0000, 0x00000000e6ab0000, 0x00000000e8000000)
 concurrent mark-sweep generation total 393216K, used 11019K [0x00000000e8000000, 0x0000000100000000, 0x0000000100000000)
 Metaspace       used 42035K, capacity 43183K, committed 43312K, reserved 1087488K
  class space    used 5224K, capacity 5523K, committed 5576K, reserved 1048576K
}
2023-12-01T09:24:15.457+0800: 21.828: Total time for which application threads were stopped: 0.0074296 seconds, Stopping threads took: 0.0000477 seconds
2023-12-01T09:24:15.457+0800: 21.828: Total time for which application threads were stopped: 0.0001081 seconds, Stopping threads took: 0.0000591 seconds
{Heap before GC invocations=14 (full 2):
 par new generation   total 109248K, used 104073K [0x00000000e0000000, 0x00000000e8000000, 0x00000000e8000000)
  eden space 87424K, 100% used [0x00000000e0000000, 0x00000000e5560000, 0x00000000e5560000)
  from space 21824K,  76% used [0x00000000e5560000, 0x00000000e65a2590, 0x00000000e6ab0000)
  to   space 21824K,   0% used [0x00000000e6ab0000, 0x00000000e6ab0000, 0x00000000e8000000)
 concurrent mark-sweep generation total 393216K, used 11019K [0x00000000e8000000, 0x0000000100000000, 0x0000000100000000)
 Metaspace       used 42057K, capacity 43201K, committed 43312K, reserved 1087488K
  class space    used 5226K, capacity 5526K, committed 5576K, reserved 1048576K
2023-12-01T09:24:15.489+0800: 21.860: [GC (Allocation Failure) 2023-12-01T09:24:15.489+0800: 21.860: [ParNew
Desired survivor size 20112992 bytes, new threshold 8 (max 8)
- age   1:     286072 bytes,     286072 total
- age   2:    4054976 bytes,    4341048 total
- age   3:      77560 bytes,    4418608 total
- age   4:     729552 bytes,    5148160 total
- age   5:     765056 bytes,    5913216 total
- age   6:    3644104 bytes,    9557320 total
- age   7:    1467416 bytes,   11024736 total
- age   8:     309160 bytes,   11333896 total
: 104073K->12594K(109248K), 0.0062004 secs] 115092K->24067K(502464K), 0.0063565 secs] [Times: user=0.00 sys=0.00, real=0.01 secs] 
Heap after GC invocations=15 (full 2):
 par new generation   total 109248K, used 12594K [0x00000000e0000000, 0x00000000e8000000, 0x00000000e8000000)
  eden space 87424K,   0% used [0x00000000e0000000, 0x00000000e0000000, 0x00000000e5560000)
  from space 21824K,  57% used [0x00000000e6ab0000, 0x00000000e76fcb10, 0x00000000e8000000)
  to   space 21824K,   0% used [0x00000000e5560000, 0x00000000e5560000, 0x00000000e6ab0000)
 concurrent mark-sweep generation total 393216K, used 11472K [0x00000000e8000000, 0x0000000100000000, 0x0000000100000000)
 Metaspace       used 42057K, capacity 43201K, committed 43312K, reserved 1087488K
  class space    used 5226K, capacity 5526K, committed 5576K, reserved 1048576K
}
2023-12-01T09:24:15.496+0800: 21.867: Total time for which application threads were stopped: 0.0065701 seconds, Stopping threads took: 0.0000465 seconds
2023-12-01T09:24:15.608+0800: 21.978: Total time for which application threads were stopped: 0.0001204 seconds, Stopping threads took: 0.0000463 seconds
2023-12-01T09:24:15.608+0800: 21.979: Total time for which application threads were stopped: 0.0000660 seconds, Stopping threads took: 0.0000315 seconds
2023-12-01T09:24:15.609+0800: 21.980: Total time for which application threads were stopped: 0.0000743 seconds, Stopping threads took: 0.0000236 seconds
2023-12-01T09:24:15.619+0800: 21.989: Total time for which application threads were stopped: 0.0001800 seconds, Stopping threads took: 0.0001241 seconds
2023-12-01T09:24:15.643+0800: 22.015: Total time for which application threads were stopped: 0.0001758 seconds, Stopping threads took: 0.0000485 seconds
2023-12-01T09:24:15.644+0800: 22.016: Total time for which application threads were stopped: 0.0000883 seconds, Stopping threads took: 0.0000296 seconds
2023-12-01T09:24:15.645+0800: 22.016: Total time for which application threads were stopped: 0.0000498 seconds, Stopping threads took: 0.0000173 seconds
2023-12-01T09:24:15.645+0800: 22.016: Total time for which application threads were stopped: 0.0000499 seconds, Stopping threads took: 0.0000244 seconds
2023-12-01T09:24:15.645+0800: 22.017: Total time for which application threads were stopped: 0.0000389 seconds, Stopping threads took: 0.0000146 seconds
2023-12-01T09:24:15.645+0800: 22.017: Total time for which application threads were stopped: 0.0000512 seconds, Stopping threads took: 0.0000146 seconds
2023-12-01T09:24:15.645+0800: 22.017: Total time for which application threads were stopped: 0.0000672 seconds, Stopping threads took: 0.0000165 seconds
2023-12-01T09:24:15.645+0800: 22.017: Total time for which application threads were stopped: 0.0000386 seconds, Stopping threads took: 0.0000147 seconds
2023-12-01T09:24:15.645+0800: 22.017: Total time for which application threads were stopped: 0.0000337 seconds, Stopping threads took: 0.0000096 seconds
2023-12-01T09:24:15.646+0800: 22.017: Total time for which application threads were stopped: 0.0000873 seconds, Stopping threads took: 0.0000150 seconds
2023-12-01T09:24:15.646+0800: 22.017: Total time for which application threads were stopped: 0.0000596 seconds, Stopping threads took: 0.0000343 seconds
2023-12-01T09:24:15.655+0800: 22.026: Total time for which application threads were stopped: 0.0001180 seconds, Stopping threads took: 0.0000373 seconds
2023-12-01T09:24:15.655+0800: 22.027: Total time for which application threads were stopped: 0.0001846 seconds, Stopping threads took: 0.0001526 seconds
2023-12-01T09:24:15.655+0800: 22.027: Total time for which application threads were stopped: 0.0001564 seconds, Stopping threads took: 0.0001272 seconds
2023-12-01T09:24:15.656+0800: 22.027: Total time for which application threads were stopped: 0.0000613 seconds, Stopping threads took: 0.0000137 seconds
2023-12-01T09:24:15.656+0800: 22.027: Total time for which application threads were stopped: 0.0000628 seconds, Stopping threads took: 0.0000324 seconds
2023-12-01T09:24:15.656+0800: 22.027: Total time for which application threads were stopped: 0.0000635 seconds, Stopping threads took: 0.0000322 seconds
2023-12-01T09:24:15.656+0800: 22.028: Total time for which application threads were stopped: 0.0001765 seconds, Stopping threads took: 0.0000397 seconds
2023-12-01T09:24:15.656+0800: 22.028: Total time for which application threads were stopped: 0.0001287 seconds, Stopping threads took: 0.0001000 seconds
2023-12-01T09:24:15.656+0800: 22.028: Total time for which application threads were stopped: 0.0000579 seconds, Stopping threads took: 0.0000356 seconds
2023-12-01T09:24:15.656+0800: 22.028: Total time for which application threads were stopped: 0.0000730 seconds, Stopping threads took: 0.0000397 seconds
2023-12-01T09:24:15.657+0800: 22.028: Total time for which application threads were stopped: 0.0000805 seconds, Stopping threads took: 0.0000472 seconds
2023-12-01T09:24:15.657+0800: 22.028: Total time for which application threads were stopped: 0.0000436 seconds, Stopping threads took: 0.0000236 seconds
2023-12-01T09:24:15.657+0800: 22.029: Total time for which application threads were stopped: 0.0002387 seconds, Stopping threads took: 0.0002108 seconds
2023-12-01T09:24:15.657+0800: 22.029: Total time for which application threads were stopped: 0.0001956 seconds, Stopping threads took: 0.0001553 seconds
2023-12-01T09:24:15.657+0800: 22.029: Total time for which application threads were stopped: 0.0000505 seconds, Stopping threads took: 0.0000312 seconds
2023-12-01T09:24:15.657+0800: 22.029: Total time for which application threads were stopped: 0.0001226 seconds, Stopping threads took: 0.0000976 seconds
2023-12-01T09:24:15.658+0800: 22.029: Total time for which application threads were stopped: 0.0000758 seconds, Stopping threads took: 0.0000505 seconds
2023-12-01T09:24:15.658+0800: 22.029: Total time for which application threads were stopped: 0.0001556 seconds, Stopping threads took: 0.0001303 seconds
2023-12-01T09:24:15.658+0800: 22.029: Total time for which application threads were stopped: 0.0000804 seconds, Stopping threads took: 0.0000507 seconds
2023-12-01T09:24:15.658+0800: 22.030: Total time for which application threads were stopped: 0.0001953 seconds, Stopping threads took: 0.0000786 seconds
2023-12-01T09:24:15.662+0800: 22.033: Total time for which application threads were stopped: 0.0001495 seconds, Stopping threads took: 0.0000722 seconds
2023-12-01T09:24:15.662+0800: 22.034: Total time for which application threads were stopped: 0.0001103 seconds, Stopping threads took: 0.0000543 seconds
2023-12-01T09:24:15.675+0800: 22.046: Total time for which application threads were stopped: 0.0000723 seconds, Stopping threads took: 0.0000236 seconds
2023-12-01T09:24:15.681+0800: 22.053: Total time for which application threads were stopped: 0.0000853 seconds, Stopping threads took: 0.0000391 seconds
2023-12-01T09:24:15.681+0800: 22.053: Total time for which application threads were stopped: 0.0000360 seconds, Stopping threads took: 0.0000128 seconds
2023-12-01T09:24:15.681+0800: 22.053: Total time for which application threads were stopped: 0.0000418 seconds, Stopping threads took: 0.0000265 seconds
2023-12-01T09:24:15.681+0800: 22.053: Total time for which application threads were stopped: 0.0000336 seconds, Stopping threads took: 0.0000182 seconds
2023-12-01T09:24:15.682+0800: 22.053: Total time for which application threads were stopped: 0.0000365 seconds, Stopping threads took: 0.0000192 seconds
2023-12-01T09:24:15.682+0800: 22.053: Total time for which application threads were stopped: 0.0000257 seconds, Stopping threads took: 0.0000094 seconds
2023-12-01T09:24:15.682+0800: 22.053: Total time for which application threads were stopped: 0.0000249 seconds, Stopping threads took: 0.0000093 seconds
2023-12-01T09:24:15.682+0800: 22.053: Total time for which application threads were stopped: 0.0000234 seconds, Stopping threads took: 0.0000092 seconds
2023-12-01T09:24:15.915+0800: 22.286: Total time for which application threads were stopped: 0.0000982 seconds, Stopping threads took: 0.0000458 seconds
2023-12-01T09:24:15.915+0800: 22.286: Total time for which application threads were stopped: 0.0000365 seconds, Stopping threads took: 0.0000122 seconds
2023-12-01T09:24:15.915+0800: 22.286: Total time for which application threads were stopped: 0.0000333 seconds, Stopping threads took: 0.0000113 seconds
2023-12-01T09:24:16.688+0800: 23.060: Total time for which application threads were stopped: 0.0001386 seconds, Stopping threads took: 0.0000619 seconds
2023-12-01T09:24:16.689+0800: 23.060: Total time for which application threads were stopped: 0.0001482 seconds, Stopping threads took: 0.0000959 seconds
2023-12-01T09:24:16.689+0800: 23.060: Total time for which application threads were stopped: 0.0000518 seconds, Stopping threads took: 0.0000201 seconds
2023-12-01T09:24:16.689+0800: 23.060: Total time for which application threads were stopped: 0.0000521 seconds, Stopping threads took: 0.0000278 seconds
2023-12-01T09:24:16.689+0800: 23.060: Total time for which application threads were stopped: 0.0001233 seconds, Stopping threads took: 0.0001015 seconds
2023-12-01T09:24:16.690+0800: 23.061: Total time for which application threads were stopped: 0.0000577 seconds, Stopping threads took: 0.0000289 seconds
2023-12-01T09:24:16.690+0800: 23.061: Total time for which application threads were stopped: 0.0000540 seconds, Stopping threads took: 0.0000194 seconds
2023-12-01T09:24:16.690+0800: 23.062: Total time for which application threads were stopped: 0.0000677 seconds, Stopping threads took: 0.0000507 seconds
2023-12-01T09:24:16.690+0800: 23.062: Total time for which application threads were stopped: 0.0000286 seconds, Stopping threads took: 0.0000090 seconds
2023-12-01T09:24:16.690+0800: 23.062: Total time for which application threads were stopped: 0.0000262 seconds, Stopping threads took: 0.0000091 seconds
2023-12-01T09:24:16.690+0800: 23.062: Total time for which application threads were stopped: 0.0000322 seconds, Stopping threads took: 0.0000154 seconds
2023-12-01T09:24:16.691+0800: 23.062: Total time for which application threads were stopped: 0.0000447 seconds, Stopping threads took: 0.0000263 seconds
2023-12-01T09:24:16.691+0800: 23.062: Total time for which application threads were stopped: 0.0001358 seconds, Stopping threads took: 0.0000100 seconds
{Heap before GC invocations=15 (full 2):
 par new generation   total 109248K, used 100018K [0x00000000e0000000, 0x00000000e8000000, 0x00000000e8000000)
  eden space 87424K, 100% used [0x00000000e0000000, 0x00000000e5560000, 0x00000000e5560000)
  from space 21824K,  57% used [0x00000000e6ab0000, 0x00000000e76fcb10, 0x00000000e8000000)
  to   space 21824K,   0% used [0x00000000e5560000, 0x00000000e5560000, 0x00000000e6ab0000)
 concurrent mark-sweep generation total 393216K, used 11472K [0x00000000e8000000, 0x0000000100000000, 0x0000000100000000)
 Metaspace       used 42216K, capacity 43497K, committed 43568K, reserved 1087488K
  class space    used 5235K, capacity 5542K, committed 5576K, reserved 1048576K
2023-12-01T09:24:17.473+0800: 23.844: [GC (Allocation Failure) 2023-12-01T09:24:17.473+0800: 23.844: [ParNew
Desired survivor size 20112992 bytes, new threshold 8 (max 8)
- age   1:    2935976 bytes,    2935976 total
- age   2:      80088 bytes,    3016064 total
- age   3:    1358848 bytes,    4374912 total
- age   4:      77560 bytes,    4452472 total
- age   5:     724720 bytes,    5177192 total
- age   6:     764912 bytes,    5942104 total
- age   7:    3644008 bytes,    9586112 total
- age   8:    1467392 bytes,   11053504 total
: 100018K->15670K(109248K), 0.0069676 secs] 111491K->27454K(502464K), 0.0070729 secs] [Times: user=0.01 sys=0.00, real=0.01 secs] 
Heap after GC invocations=16 (full 2):
 par new generation   total 109248K, used 15670K [0x00000000e0000000, 0x00000000e8000000, 0x00000000e8000000)
  eden space 87424K,   0% used [0x00000000e0000000, 0x00000000e0000000, 0x00000000e5560000)
  from space 21824K,  71% used [0x00000000e5560000, 0x00000000e64ad980, 0x00000000e6ab0000)
  to   space 21824K,   0% used [0x00000000e6ab0000, 0x00000000e6ab0000, 0x00000000e8000000)
 concurrent mark-sweep generation total 393216K, used 11784K [0x00000000e8000000, 0x0000000100000000, 0x0000000100000000)
 Metaspace       used 42216K, capacity 43497K, committed 43568K, reserved 1087488K
  class space    used 5235K, capacity 5542K, committed 5576K, reserved 1048576K
}
2023-12-01T09:24:17.481+0800: 23.851: Total time for which application threads were stopped: 0.0072655 seconds, Stopping threads took: 0.0000262 seconds
2023-12-01T09:24:17.481+0800: 23.852: Total time for which application threads were stopped: 0.0000651 seconds, Stopping threads took: 0.0000192 seconds
2023-12-01T09:24:18.491+0800: 24.862: Total time for which application threads were stopped: 0.0001433 seconds, Stopping threads took: 0.0000430 seconds
2023-12-01T09:24:28.590+0800: 34.961: Total time for which application threads were stopped: 0.0001314 seconds, Stopping threads took: 0.0000451 seconds
2023-12-01T09:24:47.750+0800: 54.121: Total time for which application threads were stopped: 0.0001544 seconds, Stopping threads took: 0.0000619 seconds
2023-12-01T09:24:50.773+0800: 57.144: Total time for which application threads were stopped: 0.0001442 seconds, Stopping threads took: 0.0000485 seconds
2023-12-01T09:24:56.138+0800: 62.509: Total time for which application threads were stopped: 0.0001108 seconds, Stopping threads took: 0.0000410 seconds
2023-12-01T09:24:56.163+0800: 62.534: Total time for which application threads were stopped: 0.0001261 seconds, Stopping threads took: 0.0000655 seconds
2023-12-01T09:24:56.163+0800: 62.535: Total time for which application threads were stopped: 0.0000992 seconds, Stopping threads took: 0.0000414 seconds
2023-12-01T09:24:56.164+0800: 62.535: Total time for which application threads were stopped: 0.0007012 seconds, Stopping threads took: 0.0001029 seconds
2023-12-01T09:24:56.164+0800: 62.535: Total time for which application threads were stopped: 0.0000802 seconds, Stopping threads took: 0.0000392 seconds
2023-12-01T09:24:56.164+0800: 62.536: Total time for which application threads were stopped: 0.0000695 seconds, Stopping threads took: 0.0000366 seconds
2023-12-01T09:24:56.165+0800: 62.536: Total time for which application threads were stopped: 0.0000701 seconds, Stopping threads took: 0.0000268 seconds
2023-12-01T09:24:56.169+0800: 62.540: Total time for which application threads were stopped: 0.0001233 seconds, Stopping threads took: 0.0000442 seconds
2023-12-01T09:24:56.206+0800: 62.577: Total time for which application threads were stopped: 0.0007242 seconds, Stopping threads took: 0.0000500 seconds
2023-12-01T09:24:56.208+0800: 62.580: Total time for which application threads were stopped: 0.0007089 seconds, Stopping threads took: 0.0000276 seconds
2023-12-01T09:24:56.215+0800: 62.586: Total time for which application threads were stopped: 0.0001670 seconds, Stopping threads took: 0.0000615 seconds
2023-12-01T09:24:56.215+0800: 62.586: Total time for which application threads were stopped: 0.0000908 seconds, Stopping threads took: 0.0000270 seconds
2023-12-01T09:24:56.215+0800: 62.586: Total time for which application threads were stopped: 0.0000609 seconds, Stopping threads took: 0.0000171 seconds
2023-12-01T09:24:56.215+0800: 62.586: Total time for which application threads were stopped: 0.0000434 seconds, Stopping threads took: 0.0000139 seconds
2023-12-01T09:24:56.215+0800: 62.586: Total time for which application threads were stopped: 0.0000396 seconds, Stopping threads took: 0.0000131 seconds
2023-12-01T09:24:56.215+0800: 62.586: Total time for which application threads were stopped: 0.0000372 seconds, Stopping threads took: 0.0000126 seconds
2023-12-01T09:24:56.215+0800: 62.586: Total time for which application threads were stopped: 0.0001448 seconds, Stopping threads took: 0.0000125 seconds
2023-12-01T09:24:56.229+0800: 62.600: Total time for which application threads were stopped: 0.0001209 seconds, Stopping threads took: 0.0000370 seconds
2023-12-01T09:24:56.388+0800: 62.760: Total time for which application threads were stopped: 0.0007895 seconds, Stopping threads took: 0.0000360 seconds
2023-12-01T09:24:56.428+0800: 62.799: Total time for which application threads were stopped: 0.0000951 seconds, Stopping threads took: 0.0000315 seconds
2023-12-01T09:24:56.468+0800: 62.840: Total time for which application threads were stopped: 0.0007333 seconds, Stopping threads took: 0.0000318 seconds
2023-12-01T09:24:56.570+0800: 62.941: Total time for which application threads were stopped: 0.0001346 seconds, Stopping threads took: 0.0000435 seconds
2023-12-01T09:24:56.675+0800: 63.046: Total time for which application threads were stopped: 0.0001279 seconds, Stopping threads took: 0.0000383 seconds
2023-12-01T09:24:57.505+0800: 63.876: Total time for which application threads were stopped: 0.0005426 seconds, Stopping threads took: 0.0000236 seconds
2023-12-01T09:24:58.516+0800: 64.886: Total time for which application threads were stopped: 0.0001413 seconds, Stopping threads took: 0.0000380 seconds
2023-12-01T09:25:01.212+0800: 67.583: Total time for which application threads were stopped: 0.0003322 seconds, Stopping threads took: 0.0000947 seconds
2023-12-01T09:25:01.213+0800: 67.583: Total time for which application threads were stopped: 0.0002683 seconds, Stopping threads took: 0.0000942 seconds
2023-12-01T09:25:01.213+0800: 67.584: Total time for which application threads were stopped: 0.0002142 seconds, Stopping threads took: 0.0000465 seconds
2023-12-01T09:25:02.228+0800: 68.598: Total time for which application threads were stopped: 0.0001876 seconds, Stopping threads took: 0.0000751 seconds
2023-12-01T09:25:11.310+0800: 77.680: Total time for which application threads were stopped: 0.0001290 seconds, Stopping threads took: 0.0000449 seconds
2023-12-01T09:25:44.595+0800: 110.966: Total time for which application threads were stopped: 0.0002966 seconds, Stopping threads took: 0.0000957 seconds
2023-12-01T09:25:56.140+0800: 122.511: Total time for which application threads were stopped: 0.0001117 seconds, Stopping threads took: 0.0000343 seconds
2023-12-01T09:25:56.153+0800: 122.524: Total time for which application threads were stopped: 0.0001098 seconds, Stopping threads took: 0.0000338 seconds
2023-12-01T09:25:56.154+0800: 122.524: Total time for which application threads were stopped: 0.0000838 seconds, Stopping threads took: 0.0000345 seconds
2023-12-01T09:25:56.154+0800: 122.525: Total time for which application threads were stopped: 0.0000615 seconds, Stopping threads took: 0.0000321 seconds
2023-12-01T09:25:56.154+0800: 122.525: Total time for which application threads were stopped: 0.0000571 seconds, Stopping threads took: 0.0000302 seconds
2023-12-01T09:25:56.154+0800: 122.525: Total time for which application threads were stopped: 0.0000560 seconds, Stopping threads took: 0.0000319 seconds
2023-12-01T09:25:56.160+0800: 122.531: Total time for which application threads were stopped: 0.0002349 seconds, Stopping threads took: 0.0001595 seconds
2023-12-01T09:25:56.163+0800: 122.534: Total time for which application threads were stopped: 0.0000952 seconds, Stopping threads took: 0.0000394 seconds
2023-12-01T09:25:56.193+0800: 122.564: Total time for which application threads were stopped: 0.0001354 seconds, Stopping threads took: 0.0000428 seconds
2023-12-01T09:25:56.194+0800: 122.565: Total time for which application threads were stopped: 0.0000631 seconds, Stopping threads took: 0.0000208 seconds
2023-12-01T09:25:56.207+0800: 122.578: Total time for which application threads were stopped: 0.0000853 seconds, Stopping threads took: 0.0000305 seconds
2023-12-01T09:25:56.222+0800: 122.593: Total time for which application threads were stopped: 0.0001434 seconds, Stopping threads took: 0.0000719 seconds
2023-12-01T09:25:56.223+0800: 122.594: Total time for which application threads were stopped: 0.0000831 seconds, Stopping threads took: 0.0000242 seconds
2023-12-01T09:25:58.232+0800: 124.603: Total time for which application threads were stopped: 0.0002858 seconds, Stopping threads took: 0.0001022 seconds
2023-12-01T09:26:01.172+0800: 127.542: Total time for which application threads were stopped: 0.0001066 seconds, Stopping threads took: 0.0000440 seconds
2023-12-01T09:26:01.172+0800: 127.543: Total time for which application threads were stopped: 0.0000510 seconds, Stopping threads took: 0.0000252 seconds
2023-12-01T09:26:27.359+0800: 153.730: Total time for which application threads were stopped: 0.0001716 seconds, Stopping threads took: 0.0000696 seconds
2023-12-01T09:26:48.581+0800: 174.952: Total time for which application threads were stopped: 0.0001189 seconds, Stopping threads took: 0.0000393 seconds
2023-12-01T09:26:56.160+0800: 182.532: Total time for which application threads were stopped: 0.0001088 seconds, Stopping threads took: 0.0000657 seconds
2023-12-01T09:26:56.202+0800: 182.573: Total time for which application threads were stopped: 0.0000776 seconds, Stopping threads took: 0.0000246 seconds
2023-12-01T09:26:58.218+0800: 184.589: Total time for which application threads were stopped: 0.0001383 seconds, Stopping threads took: 0.0000425 seconds
2023-12-01T09:27:01.166+0800: 187.537: Total time for which application threads were stopped: 0.0001742 seconds, Stopping threads took: 0.0000494 seconds
2023-12-01T09:27:01.166+0800: 187.537: Total time for which application threads were stopped: 0.0000753 seconds, Stopping threads took: 0.0000222 seconds
2023-12-01T09:27:19.287+0800: 205.658: Total time for which application threads were stopped: 0.0001389 seconds, Stopping threads took: 0.0000482 seconds
2023-12-01T09:27:29.344+0800: 215.715: Total time for which application threads were stopped: 0.0001618 seconds, Stopping threads took: 0.0000541 seconds
2023-12-01T09:27:29.613+0800: 215.984: Total time for which application threads were stopped: 0.0005261 seconds, Stopping threads took: 0.0000305 seconds
2023-12-01T09:27:29.616+0800: 215.987: Total time for which application threads were stopped: 0.0000744 seconds, Stopping threads took: 0.0000190 seconds
2023-12-01T09:27:29.616+0800: 215.987: Total time for which application threads were stopped: 0.0000325 seconds, Stopping threads took: 0.0000113 seconds
2023-12-01T09:27:29.617+0800: 215.988: Total time for which application threads were stopped: 0.0000270 seconds, Stopping threads took: 0.0000097 seconds
2023-12-01T09:27:29.617+0800: 215.988: Total time for which application threads were stopped: 0.0000253 seconds, Stopping threads took: 0.0000088 seconds
2023-12-01T09:27:29.617+0800: 215.988: Total time for which application threads were stopped: 0.0000180 seconds, Stopping threads took: 0.0000057 seconds
2023-12-01T09:27:29.617+0800: 215.988: Total time for which application threads were stopped: 0.0000172 seconds, Stopping threads took: 0.0000055 seconds
2023-12-01T09:27:29.617+0800: 215.988: Total time for which application threads were stopped: 0.0000173 seconds, Stopping threads took: 0.0000056 seconds
2023-12-01T09:27:29.635+0800: 216.006: Total time for which application threads were stopped: 0.0001351 seconds, Stopping threads took: 0.0000806 seconds
2023-12-01T09:27:29.635+0800: 216.006: Total time for which application threads were stopped: 0.0000977 seconds, Stopping threads took: 0.0000789 seconds
2023-12-01T09:27:29.645+0800: 216.016: Total time for which application threads were stopped: 0.0000885 seconds, Stopping threads took: 0.0000282 seconds
2023-12-01T09:27:29.645+0800: 216.016: Total time for which application threads were stopped: 0.0000443 seconds, Stopping threads took: 0.0000238 seconds
2023-12-01T09:27:29.646+0800: 216.017: Total time for which application threads were stopped: 0.0000532 seconds, Stopping threads took: 0.0000139 seconds
2023-12-01T09:27:29.651+0800: 216.022: Total time for which application threads were stopped: 0.0000698 seconds, Stopping threads took: 0.0000237 seconds
2023-12-01T09:27:29.651+0800: 216.022: Total time for which application threads were stopped: 0.0000387 seconds, Stopping threads took: 0.0000145 seconds
2023-12-01T09:27:29.651+0800: 216.022: Total time for which application threads were stopped: 0.0000264 seconds, Stopping threads took: 0.0000093 seconds
2023-12-01T09:27:29.652+0800: 216.022: Total time for which application threads were stopped: 0.0001117 seconds, Stopping threads took: 0.0000075 seconds
2023-12-01T09:27:30.211+0800: 216.583: Total time for which application threads were stopped: 0.0001313 seconds, Stopping threads took: 0.0000445 seconds
2023-12-01T09:27:30.226+0800: 216.598: Total time for which application threads were stopped: 0.0006618 seconds, Stopping threads took: 0.0000357 seconds
2023-12-01T09:27:30.231+0800: 216.602: Total time for which application threads were stopped: 0.0006583 seconds, Stopping threads took: 0.0000302 seconds
2023-12-01T09:27:30.278+0800: 216.650: Total time for which application threads were stopped: 0.0007736 seconds, Stopping threads took: 0.0000456 seconds
2023-12-01T09:27:30.291+0800: 216.663: Total time for which application threads were stopped: 0.0006916 seconds, Stopping threads took: 0.0000376 seconds
{Heap before GC invocations=16 (full 2):
 par new generation   total 109248K, used 103074K [0x00000000e0000000, 0x00000000e8000000, 0x00000000e8000000)
  eden space 87424K,  99% used [0x00000000e0000000, 0x00000000e555b180, 0x00000000e5560000)
  from space 21824K,  71% used [0x00000000e5560000, 0x00000000e64ad980, 0x00000000e6ab0000)
  to   space 21824K,   0% used [0x00000000e6ab0000, 0x00000000e6ab0000, 0x00000000e8000000)
 concurrent mark-sweep generation total 393216K, used 11784K [0x00000000e8000000, 0x0000000100000000, 0x0000000100000000)
 Metaspace       used 47427K, capacity 48653K, committed 48840K, reserved 1091584K
  class space    used 5792K, capacity 6088K, committed 6088K, reserved 1048576K
2023-12-01T09:27:30.353+0800: 216.724: [GC (Allocation Failure) 2023-12-01T09:27:30.353+0800: 216.724: [ParNew
Desired survivor size 20112992 bytes, new threshold 8 (max 8)
- age   1:    8427024 bytes,    8427024 total
- age   2:    2662168 bytes,   11089192 total
- age   3:      80088 bytes,   11169280 total
- age   4:     665504 bytes,   11834784 total
- age   5:       3640 bytes,   11838424 total
- age   6:     159312 bytes,   11997736 total
- age   7:     732784 bytes,   12730520 total
- age   8:    3600296 bytes,   16330816 total
: 103074K->18761K(109248K), 0.0109858 secs] 114858K->31998K(502464K), 0.0112101 secs] [Times: user=0.00 sys=0.00, real=0.01 secs] 
Heap after GC invocations=17 (full 2):
 par new generation   total 109248K, used 18761K [0x00000000e0000000, 0x00000000e8000000, 0x00000000e8000000)
  eden space 87424K,   0% used [0x00000000e0000000, 0x00000000e0000000, 0x00000000e5560000)
  from space 21824K,  85% used [0x00000000e6ab0000, 0x00000000e7d02620, 0x00000000e8000000)
  to   space 21824K,   0% used [0x00000000e5560000, 0x00000000e5560000, 0x00000000e6ab0000)
 concurrent mark-sweep generation total 393216K, used 13236K [0x00000000e8000000, 0x0000000100000000, 0x0000000100000000)
 Metaspace       used 47427K, capacity 48653K, committed 48840K, reserved 1091584K
  class space    used 5792K, capacity 6088K, committed 6088K, reserved 1048576K
}
2023-12-01T09:27:30.364+0800: 216.735: Total time for which application threads were stopped: 0.0115120 seconds, Stopping threads took: 0.0000560 seconds
2023-12-01T09:27:30.365+0800: 216.736: Total time for which application threads were stopped: 0.0001547 seconds, Stopping threads took: 0.0000541 seconds
2023-12-01T09:27:30.560+0800: 216.931: Total time for which application threads were stopped: 0.0006432 seconds, Stopping threads took: 0.0000274 seconds
2023-12-01T09:27:30.582+0800: 216.953: Total time for which application threads were stopped: 0.0007950 seconds, Stopping threads took: 0.0000424 seconds
{Heap before GC invocations=17 (full 2):
 par new generation   total 109248K, used 106185K [0x00000000e0000000, 0x00000000e8000000, 0x00000000e8000000)
  eden space 87424K, 100% used [0x00000000e0000000, 0x00000000e5560000, 0x00000000e5560000)
  from space 21824K,  85% used [0x00000000e6ab0000, 0x00000000e7d02620, 0x00000000e8000000)
  to   space 21824K,   0% used [0x00000000e5560000, 0x00000000e5560000, 0x00000000e6ab0000)
 concurrent mark-sweep generation total 393216K, used 13236K [0x00000000e8000000, 0x0000000100000000, 0x0000000100000000)
 Metaspace       used 51116K, capacity 52369K, committed 52680K, reserved 1095680K
  class space    used 6189K, capacity 6474K, committed 6600K, reserved 1048576K
2023-12-01T09:27:30.861+0800: 217.232: [GC (Allocation Failure) 2023-12-01T09:27:30.861+0800: 217.232: [ParNew
Desired survivor size 20112992 bytes, new threshold 8 (max 8)
- age   1:    9252880 bytes,    9252880 total
- age   2:    4875600 bytes,   14128480 total
- age   3:    2662168 bytes,   16790648 total
- age   4:      80088 bytes,   16870736 total
- age   5:     665424 bytes,   17536160 total
- age   6:       3640 bytes,   17539800 total
- age   7:     159312 bytes,   17699112 total
- age   8:     732680 bytes,   18431792 total
: 106185K->21824K(109248K), 0.0131061 secs] 119422K->38839K(502464K), 0.0133368 secs] [Times: user=0.08 sys=0.00, real=0.01 secs] 
Heap after GC invocations=18 (full 2):
 par new generation   total 109248K, used 21824K [0x00000000e0000000, 0x00000000e8000000, 0x00000000e8000000)
  eden space 87424K,   0% used [0x00000000e0000000, 0x00000000e0000000, 0x00000000e5560000)
  from space 21824K, 100% used [0x00000000e5560000, 0x00000000e6ab0000, 0x00000000e6ab0000)
  to   space 21824K,   0% used [0x00000000e6ab0000, 0x00000000e6ab0000, 0x00000000e8000000)
 concurrent mark-sweep generation total 393216K, used 17015K [0x00000000e8000000, 0x0000000100000000, 0x0000000100000000)
 Metaspace       used 51116K, capacity 52369K, committed 52680K, reserved 1095680K
  class space    used 6189K, capacity 6474K, committed 6600K, reserved 1048576K
}
2023-12-01T09:27:30.874+0800: 217.245: Total time for which application threads were stopped: 0.0136785 seconds, Stopping threads took: 0.0000523 seconds
2023-12-01T09:27:30.874+0800: 217.245: Total time for which application threads were stopped: 0.0001417 seconds, Stopping threads took: 0.0000848 seconds
2023-12-01T09:27:30.875+0800: 217.246: Total time for which application threads were stopped: 0.0001190 seconds, Stopping threads took: 0.0000490 seconds
2023-12-01T09:27:30.875+0800: 217.246: Total time for which application threads were stopped: 0.0000950 seconds, Stopping threads took: 0.0000425 seconds
2023-12-01T09:27:30.875+0800: 217.246: Total time for which application threads were stopped: 0.0001045 seconds, Stopping threads took: 0.0000671 seconds
2023-12-01T09:27:30.875+0800: 217.246: Total time for which application threads were stopped: 0.0000600 seconds, Stopping threads took: 0.0000288 seconds
2023-12-01T09:27:30.875+0800: 217.246: Total time for which application threads were stopped: 0.0000766 seconds, Stopping threads took: 0.0000412 seconds
2023-12-01T09:27:30.875+0800: 217.246: Total time for which application threads were stopped: 0.0000640 seconds, Stopping threads took: 0.0000359 seconds
2023-12-01T09:27:30.875+0800: 217.246: Total time for which application threads were stopped: 0.0000588 seconds, Stopping threads took: 0.0000332 seconds
2023-12-01T09:27:30.876+0800: 217.247: Total time for which application threads were stopped: 0.0000745 seconds, Stopping threads took: 0.0000421 seconds
2023-12-01T09:27:30.876+0800: 217.247: Total time for which application threads were stopped: 0.0000630 seconds, Stopping threads took: 0.0000363 seconds
2023-12-01T09:27:30.876+0800: 217.247: Total time for which application threads were stopped: 0.0000649 seconds, Stopping threads took: 0.0000364 seconds
2023-12-01T09:27:30.876+0800: 217.247: Total time for which application threads were stopped: 0.0000653 seconds, Stopping threads took: 0.0000385 seconds
2023-12-01T09:27:30.876+0800: 217.247: Total time for which application threads were stopped: 0.0000618 seconds, Stopping threads took: 0.0000407 seconds
2023-12-01T09:27:30.876+0800: 217.247: Total time for which application threads were stopped: 0.0001634 seconds, Stopping threads took: 0.0000354 seconds
2023-12-01T09:27:30.876+0800: 217.247: Total time for which application threads were stopped: 0.0000676 seconds, Stopping threads took: 0.0000320 seconds
2023-12-01T09:27:30.876+0800: 217.247: Total time for which application threads were stopped: 0.0000693 seconds, Stopping threads took: 0.0000287 seconds
2023-12-01T09:27:31.065+0800: 217.436: Total time for which application threads were stopped: 0.0006565 seconds, Stopping threads took: 0.0000235 seconds
2023-12-01T09:27:31.506+0800: 217.877: Total time for which application threads were stopped: 0.0008240 seconds, Stopping threads took: 0.0000315 seconds
2023-12-01T09:27:31.953+0800: 218.324: Total time for which application threads were stopped: 0.0002356 seconds, Stopping threads took: 0.0000548 seconds
{Heap before GC invocations=18 (full 2):
 par new generation   total 109248K, used 109248K [0x00000000e0000000, 0x00000000e8000000, 0x00000000e8000000)
  eden space 87424K, 100% used [0x00000000e0000000, 0x00000000e5560000, 0x00000000e5560000)
  from space 21824K, 100% used [0x00000000e5560000, 0x00000000e6ab0000, 0x00000000e6ab0000)
  to   space 21824K,   0% used [0x00000000e6ab0000, 0x00000000e6ab0000, 0x00000000e8000000)
 concurrent mark-sweep generation total 393216K, used 17015K [0x00000000e8000000, 0x0000000100000000, 0x0000000100000000)
 Metaspace       used 52553K, capacity 53777K, committed 54088K, reserved 1097728K
  class space    used 6308K, capacity 6602K, committed 6728K, reserved 1048576K
2023-12-01T09:27:32.002+0800: 218.373: [GC (Allocation Failure) 2023-12-01T09:27:32.002+0800: 218.373: [ParNew
Desired survivor size 20112992 bytes, new threshold 4 (max 8)
- age   1:    9671896 bytes,    9671896 total
- age   2:    4067784 bytes,   13739680 total
- age   3:    4759464 bytes,   18499144 total
- age   4:    2662168 bytes,   21161312 total
- age   5:      80088 bytes,   21241400 total
- age   6:     665424 bytes,   21906824 total
- age   7:       3640 bytes,   21910464 total
- age   8:     159312 bytes,   22069776 total
: 109248K->21824K(109248K), 0.0208019 secs] 126263K->49383K(502464K), 0.0209578 secs] [Times: user=0.19 sys=0.02, real=0.02 secs] 
Heap after GC invocations=19 (full 2):
 par new generation   total 109248K, used 21824K [0x00000000e0000000, 0x00000000e8000000, 0x00000000e8000000)
  eden space 87424K,   0% used [0x00000000e0000000, 0x00000000e0000000, 0x00000000e5560000)
  from space 21824K, 100% used [0x00000000e6ab0000, 0x00000000e8000000, 0x00000000e8000000)
  to   space 21824K,   0% used [0x00000000e5560000, 0x00000000e5560000, 0x00000000e6ab0000)
 concurrent mark-sweep generation total 393216K, used 27559K [0x00000000e8000000, 0x0000000100000000, 0x0000000100000000)
 Metaspace       used 52553K, capacity 53777K, committed 54088K, reserved 1097728K
  class space    used 6308K, capacity 6602K, committed 6728K, reserved 1048576K
}
2023-12-01T09:27:32.023+0800: 218.394: Total time for which application threads were stopped: 0.0213784 seconds, Stopping threads took: 0.0000534 seconds
2023-12-01T09:27:32.023+0800: 218.394: Total time for which application threads were stopped: 0.0001024 seconds, Stopping threads took: 0.0000484 seconds
2023-12-01T09:27:32.023+0800: 218.394: Total time for which application threads were stopped: 0.0000755 seconds, Stopping threads took: 0.0000189 seconds
2023-12-01T09:27:32.023+0800: 218.394: Total time for which application threads were stopped: 0.0000671 seconds, Stopping threads took: 0.0000185 seconds
2023-12-01T09:27:32.023+0800: 218.395: Total time for which application threads were stopped: 0.0000825 seconds, Stopping threads took: 0.0000422 seconds
2023-12-01T09:27:32.024+0800: 218.395: Total time for which application threads were stopped: 0.0000583 seconds, Stopping threads took: 0.0000265 seconds
2023-12-01T09:27:32.024+0800: 218.395: Total time for which application threads were stopped: 0.0000852 seconds, Stopping threads took: 0.0000625 seconds
2023-12-01T09:27:32.024+0800: 218.395: Total time for which application threads were stopped: 0.0000360 seconds, Stopping threads took: 0.0000126 seconds
2023-12-01T09:27:32.024+0800: 218.395: Total time for which application threads were stopped: 0.0000429 seconds, Stopping threads took: 0.0000165 seconds
2023-12-01T09:27:32.024+0800: 218.395: Total time for which application threads were stopped: 0.0000521 seconds, Stopping threads took: 0.0000221 seconds
2023-12-01T09:27:32.024+0800: 218.395: Total time for which application threads were stopped: 0.0000358 seconds, Stopping threads took: 0.0000120 seconds
2023-12-01T09:27:32.024+0800: 218.395: Total time for which application threads were stopped: 0.0000477 seconds, Stopping threads took: 0.0000212 seconds
2023-12-01T09:27:32.024+0800: 218.395: Total time for which application threads were stopped: 0.0000637 seconds, Stopping threads took: 0.0000266 seconds
2023-12-01T09:27:32.024+0800: 218.395: Total time for which application threads were stopped: 0.0000568 seconds, Stopping threads took: 0.0000307 seconds
2023-12-01T09:27:32.024+0800: 218.395: Total time for which application threads were stopped: 0.0000730 seconds, Stopping threads took: 0.0000377 seconds
2023-12-01T09:27:32.024+0800: 218.395: Total time for which application threads were stopped: 0.0000527 seconds, Stopping threads took: 0.0000282 seconds
2023-12-01T09:27:32.024+0800: 218.395: Total time for which application threads were stopped: 0.0000325 seconds, Stopping threads took: 0.0000103 seconds
2023-12-01T09:27:32.025+0800: 218.396: Total time for which application threads were stopped: 0.0000710 seconds, Stopping threads took: 0.0000350 seconds
2023-12-01T09:27:32.025+0800: 218.396: Total time for which application threads were stopped: 0.0000600 seconds, Stopping threads took: 0.0000270 seconds
2023-12-01T09:27:32.025+0800: 218.396: Total time for which application threads were stopped: 0.0000485 seconds, Stopping threads took: 0.0000220 seconds
2023-12-01T09:27:32.143+0800: 218.514: Total time for which application threads were stopped: 0.0001517 seconds, Stopping threads took: 0.0000378 seconds
{Heap before GC invocations=19 (full 2):
 par new generation   total 109248K, used 109248K [0x00000000e0000000, 0x00000000e8000000, 0x00000000e8000000)
  eden space 87424K, 100% used [0x00000000e0000000, 0x00000000e5560000, 0x00000000e5560000)
  from space 21824K, 100% used [0x00000000e6ab0000, 0x00000000e8000000, 0x00000000e8000000)
  to   space 21824K,   0% used [0x00000000e5560000, 0x00000000e5560000, 0x00000000e6ab0000)
 concurrent mark-sweep generation total 393216K, used 27559K [0x00000000e8000000, 0x0000000100000000, 0x0000000100000000)
 Metaspace       used 53105K, capacity 54353K, committed 54600K, reserved 1097728K
  class space    used 6369K, capacity 6666K, committed 6728K, reserved 1048576K
2023-12-01T09:27:32.319+0800: 218.690: [GC (Allocation Failure) 2023-12-01T09:27:32.319+0800: 218.690: [ParNew
Desired survivor size 20112992 bytes, new threshold 4 (max 8)
- age   1:    5569376 bytes,    5569376 total
- age   2:    9082392 bytes,   14651768 total
- age   3:    3479744 bytes,   18131512 total
- age   4:    4202592 bytes,   22334104 total
: 109248K->21824K(109248K), 0.0439674 secs] 136807K->75647K(502464K), 0.0441197 secs] [Times: user=0.14 sys=0.00, real=0.04 secs] 
Heap after GC invocations=20 (full 2):
 par new generation   total 109248K, used 21824K [0x00000000e0000000, 0x00000000e8000000, 0x00000000e8000000)
  eden space 87424K,   0% used [0x00000000e0000000, 0x00000000e0000000, 0x00000000e5560000)
  from space 21824K, 100% used [0x00000000e5560000, 0x00000000e6ab0000, 0x00000000e6ab0000)
  to   space 21824K,   0% used [0x00000000e6ab0000, 0x00000000e6ab0000, 0x00000000e8000000)
 concurrent mark-sweep generation total 393216K, used 53823K [0x00000000e8000000, 0x0000000100000000, 0x0000000100000000)
 Metaspace       used 53105K, capacity 54353K, committed 54600K, reserved 1097728K
  class space    used 6369K, capacity 6666K, committed 6728K, reserved 1048576K
}
2023-12-01T09:27:32.363+0800: 218.734: Total time for which application threads were stopped: 0.0445477 seconds, Stopping threads took: 0.0000590 seconds
2023-12-01T09:27:32.364+0800: 218.735: Total time for which application threads were stopped: 0.0001332 seconds, Stopping threads took: 0.0000583 seconds
2023-12-01T09:27:32.364+0800: 218.735: Total time for which application threads were stopped: 0.0000747 seconds, Stopping threads took: 0.0000309 seconds
2023-12-01T09:27:32.364+0800: 218.735: Total time for which application threads were stopped: 0.0001496 seconds, Stopping threads took: 0.0000248 seconds
2023-12-01T09:27:32.387+0800: 218.758: Total time for which application threads were stopped: 0.0003063 seconds, Stopping threads took: 0.0000467 seconds
2023-12-01T09:27:32.474+0800: 218.845: Total time for which application threads were stopped: 0.0009577 seconds, Stopping threads took: 0.0000500 seconds
2023-12-01T09:27:32.563+0800: 218.935: Total time for which application threads were stopped: 0.0001141 seconds, Stopping threads took: 0.0000396 seconds
2023-12-01T09:27:32.729+0800: 219.100: Total time for which application threads were stopped: 0.0007649 seconds, Stopping threads took: 0.0000298 seconds
2023-12-01T09:27:32.876+0800: 219.247: Total time for which application threads were stopped: 0.0007505 seconds, Stopping threads took: 0.0000275 seconds
{Heap before GC invocations=20 (full 2):
 par new generation   total 109248K, used 109248K [0x00000000e0000000, 0x00000000e8000000, 0x00000000e8000000)
  eden space 87424K, 100% used [0x00000000e0000000, 0x00000000e5560000, 0x00000000e5560000)
  from space 21824K, 100% used [0x00000000e5560000, 0x00000000e6ab0000, 0x00000000e6ab0000)
  to   space 21824K,   0% used [0x00000000e6ab0000, 0x00000000e6ab0000, 0x00000000e8000000)
 concurrent mark-sweep generation total 393216K, used 53823K [0x00000000e8000000, 0x0000000100000000, 0x0000000100000000)
 Metaspace       used 57893K, capacity 59171K, committed 59464K, reserved 1101824K
  class space    used 6859K, capacity 7181K, committed 7240K, reserved 1048576K
2023-12-01T09:27:32.947+0800: 219.318: [GC (Allocation Failure) 2023-12-01T09:27:32.947+0800: 219.318: [ParNew
Desired survivor size 20112992 bytes, new threshold 4 (max 8)
- age   1:    7067112 bytes,    7067112 total
- age   2:    5063192 bytes,   12130304 total
- age   3:    6753400 bytes,   18883704 total
- age   4:    3450536 bytes,   22334240 total
: 109248K->21824K(109248K), 0.0297052 secs] 163071K->87072K(502464K), 0.0298922 secs] [Times: user=0.08 sys=0.01, real=0.03 secs] 
Heap after GC invocations=21 (full 2):
 par new generation   total 109248K, used 21824K [0x00000000e0000000, 0x00000000e8000000, 0x00000000e8000000)
  eden space 87424K,   0% used [0x00000000e0000000, 0x00000000e0000000, 0x00000000e5560000)
  from space 21824K, 100% used [0x00000000e6ab0000, 0x00000000e8000000, 0x00000000e8000000)
  to   space 21824K,   0% used [0x00000000e5560000, 0x00000000e5560000, 0x00000000e6ab0000)
 concurrent mark-sweep generation total 393216K, used 65248K [0x00000000e8000000, 0x0000000100000000, 0x0000000100000000)
 Metaspace       used 57893K, capacity 59171K, committed 59464K, reserved 1101824K
  class space    used 6859K, capacity 7181K, committed 7240K, reserved 1048576K
}
2023-12-01T09:27:32.977+0800: 219.348: Total time for which application threads were stopped: 0.0300889 seconds, Stopping threads took: 0.0000365 seconds
2023-12-01T09:27:33.241+0800: 219.612: Total time for which application threads were stopped: 0.0008959 seconds, Stopping threads took: 0.0000381 seconds
{Heap before GC invocations=21 (full 2):
 par new generation   total 109248K, used 109248K [0x00000000e0000000, 0x00000000e8000000, 0x00000000e8000000)
  eden space 87424K, 100% used [0x00000000e0000000, 0x00000000e5560000, 0x00000000e5560000)
  from space 21824K, 100% used [0x00000000e6ab0000, 0x00000000e8000000, 0x00000000e8000000)
  to   space 21824K,   0% used [0x00000000e5560000, 0x00000000e5560000, 0x00000000e6ab0000)
 concurrent mark-sweep generation total 393216K, used 65248K [0x00000000e8000000, 0x0000000100000000, 0x0000000100000000)
 Metaspace       used 59830K, capacity 61101K, committed 61512K, reserved 1103872K
  class space    used 7091K, capacity 7412K, committed 7496K, reserved 1048576K
2023-12-01T09:27:33.476+0800: 219.847: [GC (Allocation Failure) 2023-12-01T09:27:33.476+0800: 219.847: [ParNew
Desired survivor size 20112992 bytes, new threshold 4 (max 8)
- age   1:    5096744 bytes,    5096744 total
- age   2:    5454864 bytes,   10551608 total
- age   3:    5063048 bytes,   15614656 total
- age   4:    6753336 bytes,   22367992 total
: 109248K->21824K(109248K), 0.0261139 secs] 174496K->94922K(502464K), 0.0262971 secs] [Times: user=0.09 sys=0.00, real=0.03 secs] 
Heap after GC invocations=22 (full 2):
 par new generation   total 109248K, used 21824K [0x00000000e0000000, 0x00000000e8000000, 0x00000000e8000000)
  eden space 87424K,   0% used [0x00000000e0000000, 0x00000000e0000000, 0x00000000e5560000)
  from space 21824K, 100% used [0x00000000e5560000, 0x00000000e6ab0000, 0x00000000e6ab0000)
  to   space 21824K,   0% used [0x00000000e6ab0000, 0x00000000e6ab0000, 0x00000000e8000000)
 concurrent mark-sweep generation total 393216K, used 73098K [0x00000000e8000000, 0x0000000100000000, 0x0000000100000000)
 Metaspace       used 59830K, capacity 61101K, committed 61512K, reserved 1103872K
  class space    used 7091K, capacity 7412K, committed 7496K, reserved 1048576K
}
2023-12-01T09:27:33.502+0800: 219.873: Total time for which application threads were stopped: 0.0265930 seconds, Stopping threads took: 0.0000457 seconds
2023-12-01T09:27:33.503+0800: 219.873: Total time for which application threads were stopped: 0.0002234 seconds, Stopping threads took: 0.0001186 seconds
{Heap before GC invocations=22 (full 2):
 par new generation   total 109248K, used 109248K [0x00000000e0000000, 0x00000000e8000000, 0x00000000e8000000)
  eden space 87424K, 100% used [0x00000000e0000000, 0x00000000e5560000, 0x00000000e5560000)
  from space 21824K, 100% used [0x00000000e5560000, 0x00000000e6ab0000, 0x00000000e6ab0000)
  to   space 21824K,   0% used [0x00000000e6ab0000, 0x00000000e6ab0000, 0x00000000e8000000)
 concurrent mark-sweep generation total 393216K, used 73098K [0x00000000e8000000, 0x0000000100000000, 0x0000000100000000)
 Metaspace       used 59970K, capacity 61235K, committed 61512K, reserved 1103872K
  class space    used 7107K, capacity 7413K, committed 7496K, reserved 1048576K
2023-12-01T09:27:33.676+0800: 220.047: [GC (Allocation Failure) 2023-12-01T09:27:33.676+0800: 220.047: [ParNew
Desired survivor size 20112992 bytes, new threshold 4 (max 8)
- age   1:    7429168 bytes,    7429168 total
- age   2:    3998320 bytes,   11427488 total
- age   3:    4899944 bytes,   16327432 total
- age   4:    4833176 bytes,   21160608 total
: 109248K->21824K(109248K), 0.0276116 secs] 182346K->114666K(502464K), 0.0277859 secs] [Times: user=0.08 sys=0.00, real=0.03 secs] 
Heap after GC invocations=23 (full 2):
 par new generation   total 109248K, used 21824K [0x00000000e0000000, 0x00000000e8000000, 0x00000000e8000000)
  eden space 87424K,   0% used [0x00000000e0000000, 0x00000000e0000000, 0x00000000e5560000)
  from space 21824K, 100% used [0x00000000e6ab0000, 0x00000000e8000000, 0x00000000e8000000)
  to   space 21824K,   0% used [0x00000000e5560000, 0x00000000e5560000, 0x00000000e6ab0000)
 concurrent mark-sweep generation total 393216K, used 92842K [0x00000000e8000000, 0x0000000100000000, 0x0000000100000000)
 Metaspace       used 59970K, capacity 61235K, committed 61512K, reserved 1103872K
  class space    used 7107K, capacity 7413K, committed 7496K, reserved 1048576K
}
2023-12-01T09:27:33.704+0800: 220.075: Total time for which application threads were stopped: 0.0280754 seconds, Stopping threads took: 0.0000518 seconds
2023-12-01T09:27:34.042+0800: 220.413: Total time for which application threads were stopped: 0.0002691 seconds, Stopping threads took: 0.0000458 seconds
{Heap before GC invocations=23 (full 2):
 par new generation   total 109248K, used 109248K [0x00000000e0000000, 0x00000000e8000000, 0x00000000e8000000)
  eden space 87424K, 100% used [0x00000000e0000000, 0x00000000e5560000, 0x00000000e5560000)
  from space 21824K, 100% used [0x00000000e6ab0000, 0x00000000e8000000, 0x00000000e8000000)
  to   space 21824K,   0% used [0x00000000e5560000, 0x00000000e5560000, 0x00000000e6ab0000)
 concurrent mark-sweep generation total 393216K, used 92842K [0x00000000e8000000, 0x0000000100000000, 0x0000000100000000)
 Metaspace       used 60106K, capacity 61375K, committed 61768K, reserved 1103872K
  class space    used 7108K, capacity 7415K, committed 7496K, reserved 1048576K
2023-12-01T09:27:34.071+0800: 220.441: [GC (Allocation Failure) 2023-12-01T09:27:34.071+0800: 220.442: [ParNew
Desired survivor size 20112992 bytes, new threshold 8 (max 8)
- age   1:    2916256 bytes,    2916256 total
- age   2:    3620984 bytes,    6537240 total
- age   3:    3690792 bytes,   10228032 total
- age   4:    4503984 bytes,   14732016 total
: 109248K->21824K(109248K), 0.0198457 secs] 202090K->122419K(502464K), 0.0200288 secs] [Times: user=0.09 sys=0.00, real=0.02 secs] 
Heap after GC invocations=24 (full 2):
 par new generation   total 109248K, used 21824K [0x00000000e0000000, 0x00000000e8000000, 0x00000000e8000000)
  eden space 87424K,   0% used [0x00000000e0000000, 0x00000000e0000000, 0x00000000e5560000)
  from space 21824K, 100% used [0x00000000e5560000, 0x00000000e6ab0000, 0x00000000e6ab0000)
  to   space 21824K,   0% used [0x00000000e6ab0000, 0x00000000e6ab0000, 0x00000000e8000000)
 concurrent mark-sweep generation total 393216K, used 100595K [0x00000000e8000000, 0x0000000100000000, 0x0000000100000000)
 Metaspace       used 60106K, capacity 61375K, committed 61768K, reserved 1103872K
  class space    used 7108K, capacity 7415K, committed 7496K, reserved 1048576K
}
2023-12-01T09:27:34.091+0800: 220.462: Total time for which application threads were stopped: 0.0202539 seconds, Stopping threads took: 0.0000410 seconds
2023-12-01T09:27:34.091+0800: 220.462: Total time for which application threads were stopped: 0.0001098 seconds, Stopping threads took: 0.0000540 seconds
2023-12-01T09:27:34.105+0800: 220.476: Total time for which application threads were stopped: 0.0001043 seconds, Stopping threads took: 0.0000419 seconds
2023-12-01T09:27:34.105+0800: 220.476: Total time for which application threads were stopped: 0.0000535 seconds, Stopping threads took: 0.0000219 seconds
2023-12-01T09:27:35.109+0800: 221.480: Total time for which application threads were stopped: 0.0001750 seconds, Stopping threads took: 0.0000365 seconds
2023-12-01T09:27:35.851+0800: 222.222: Total time for which application threads were stopped: 0.0001823 seconds, Stopping threads took: 0.0000960 seconds
2023-12-01T09:27:35.871+0800: 222.242: Total time for which application threads were stopped: 0.0001157 seconds, Stopping threads took: 0.0000378 seconds
2023-12-01T09:27:35.871+0800: 222.242: Total time for which application threads were stopped: 0.0000588 seconds, Stopping threads took: 0.0000219 seconds
2023-12-01T09:27:35.871+0800: 222.242: Total time for which application threads were stopped: 0.0000485 seconds, Stopping threads took: 0.0000177 seconds
2023-12-01T09:27:35.871+0800: 222.242: Total time for which application threads were stopped: 0.0000475 seconds, Stopping threads took: 0.0000251 seconds
2023-12-01T09:27:35.871+0800: 222.243: Total time for which application threads were stopped: 0.0000406 seconds, Stopping threads took: 0.0000191 seconds
2023-12-01T09:27:35.898+0800: 222.269: Total time for which application threads were stopped: 0.0002748 seconds, Stopping threads took: 0.0002018 seconds
{Heap before GC invocations=24 (full 2):
 par new generation   total 109248K, used 109217K [0x00000000e0000000, 0x00000000e8000000, 0x00000000e8000000)
  eden space 87424K,  99% used [0x00000000e0000000, 0x00000000e55586d0, 0x00000000e5560000)
  from space 21824K, 100% used [0x00000000e5560000, 0x00000000e6ab0000, 0x00000000e6ab0000)
  to   space 21824K,   0% used [0x00000000e6ab0000, 0x00000000e6ab0000, 0x00000000e8000000)
 concurrent mark-sweep generation total 393216K, used 100595K [0x00000000e8000000, 0x0000000100000000, 0x0000000100000000)
 Metaspace       used 60665K, capacity 62041K, committed 62280K, reserved 1103872K
  class space    used 7160K, capacity 7486K, committed 7496K, reserved 1048576K
2023-12-01T09:27:36.046+0800: 222.418: [GC (Allocation Failure) 2023-12-01T09:27:36.046+0800: 222.418: [ParNew
Desired survivor size 20112992 bytes, new threshold 5 (max 8)
- age   1:    8911840 bytes,    8911840 total
- age   2:    1424384 bytes,   10336224 total
- age   3:    3620800 bytes,   13957024 total
- age   4:    3689600 bytes,   17646624 total
- age   5:    4495200 bytes,   22141824 total
: 109217K->21824K(109248K), 0.0175003 secs] 209813K->130920K(502464K), 0.0176794 secs] [Times: user=0.08 sys=0.00, real=0.02 secs] 
Heap after GC invocations=25 (full 2):
 par new generation   total 109248K, used 21824K [0x00000000e0000000, 0x00000000e8000000, 0x00000000e8000000)
  eden space 87424K,   0% used [0x00000000e0000000, 0x00000000e0000000, 0x00000000e5560000)
  from space 21824K, 100% used [0x00000000e6ab0000, 0x00000000e8000000, 0x00000000e8000000)
  to   space 21824K,   0% used [0x00000000e5560000, 0x00000000e5560000, 0x00000000e6ab0000)
 concurrent mark-sweep generation total 393216K, used 109096K [0x00000000e8000000, 0x0000000100000000, 0x0000000100000000)
 Metaspace       used 60665K, capacity 62041K, committed 62280K, reserved 1103872K
  class space    used 7160K, capacity 7486K, committed 7496K, reserved 1048576K
}
2023-12-01T09:27:36.064+0800: 222.435: Total time for which application threads were stopped: 0.0179338 seconds, Stopping threads took: 0.0000870 seconds
2023-12-01T09:27:36.064+0800: 222.436: Total time for which application threads were stopped: 0.0001151 seconds, Stopping threads took: 0.0000545 seconds
2023-12-01T09:27:36.092+0800: 222.463: Total time for which application threads were stopped: 0.0001536 seconds, Stopping threads took: 0.0000377 seconds
{Heap before GC invocations=25 (full 2):
 par new generation   total 109248K, used 109248K [0x00000000e0000000, 0x00000000e8000000, 0x00000000e8000000)
  eden space 87424K, 100% used [0x00000000e0000000, 0x00000000e5560000, 0x00000000e5560000)
  from space 21824K, 100% used [0x00000000e6ab0000, 0x00000000e8000000, 0x00000000e8000000)
  to   space 21824K,   0% used [0x00000000e5560000, 0x00000000e5560000, 0x00000000e6ab0000)
 concurrent mark-sweep generation total 393216K, used 109096K [0x00000000e8000000, 0x0000000100000000, 0x0000000100000000)
 Metaspace       used 60900K, capacity 62255K, committed 62408K, reserved 1103872K
  class space    used 7174K, capacity 7511K, committed 7624K, reserved 1048576K
2023-12-01T09:27:36.330+0800: 222.701: [GC (Allocation Failure) 2023-12-01T09:27:36.331+0800: 222.701: [ParNew
Desired survivor size 20112992 bytes, new threshold 8 (max 8)
- age   1:    5110168 bytes,    5110168 total
- age   2:    5168520 bytes,   10278688 total
- age   3:    1424040 bytes,   11702728 total
- age   4:    3620800 bytes,   15323528 total
- age   5:    3689136 bytes,   19012664 total
: 109248K->21824K(109248K), 0.0162555 secs] 218344K->138304K(502464K), 0.0166116 secs] [Times: user=0.08 sys=0.00, real=0.02 secs] 
Heap after GC invocations=26 (full 2):
 par new generation   total 109248K, used 21824K [0x00000000e0000000, 0x00000000e8000000, 0x00000000e8000000)
  eden space 87424K,   0% used [0x00000000e0000000, 0x00000000e0000000, 0x00000000e5560000)
  from space 21824K, 100% used [0x00000000e5560000, 0x00000000e6ab0000, 0x00000000e6ab0000)
  to   space 21824K,   0% used [0x00000000e6ab0000, 0x00000000e6ab0000, 0x00000000e8000000)
 concurrent mark-sweep generation total 393216K, used 116480K [0x00000000e8000000, 0x0000000100000000, 0x0000000100000000)
 Metaspace       used 60900K, capacity 62255K, committed 62408K, reserved 1103872K
  class space    used 7174K, capacity 7511K, committed 7624K, reserved 1048576K
}
2023-12-01T09:27:36.346+0800: 222.718: Total time for which application threads were stopped: 0.0169624 seconds, Stopping threads took: 0.0000555 seconds
2023-12-01T09:27:36.347+0800: 222.718: Total time for which application threads were stopped: 0.0001310 seconds, Stopping threads took: 0.0000618 seconds
{Heap before GC invocations=26 (full 2):
 par new generation   total 109248K, used 109248K [0x00000000e0000000, 0x00000000e8000000, 0x00000000e8000000)
  eden space 87424K, 100% used [0x00000000e0000000, 0x00000000e5560000, 0x00000000e5560000)
  from space 21824K, 100% used [0x00000000e5560000, 0x00000000e6ab0000, 0x00000000e6ab0000)
  to   space 21824K,   0% used [0x00000000e6ab0000, 0x00000000e6ab0000, 0x00000000e8000000)
 concurrent mark-sweep generation total 393216K, used 116480K [0x00000000e8000000, 0x0000000100000000, 0x0000000100000000)
 Metaspace       used 60911K, capacity 62319K, committed 62664K, reserved 1103872K
  class space    used 7174K, capacity 7511K, committed 7624K, reserved 1048576K
2023-12-01T09:27:36.429+0800: 222.800: [GC (Allocation Failure) 2023-12-01T09:27:36.429+0800: 222.800: [ParNew
Desired survivor size 20112992 bytes, new threshold 6 (max 8)
- age   1:    4465032 bytes,    4465032 total
- age   2:    4144264 bytes,    8609296 total
- age   3:    4789448 bytes,   13398744 total
- age   4:    1424040 bytes,   14822784 total
- age   5:    3620664 bytes,   18443448 total
- age   6:    3682992 bytes,   22126440 total
: 109248K->21824K(109248K), 0.0168544 secs] 225728K->153742K(502464K), 0.0170323 secs] [Times: user=0.03 sys=0.03, real=0.02 secs] 
Heap after GC invocations=27 (full 2):
 par new generation   total 109248K, used 21824K [0x00000000e0000000, 0x00000000e8000000, 0x00000000e8000000)
  eden space 87424K,   0% used [0x00000000e0000000, 0x00000000e0000000, 0x00000000e5560000)
  from space 21824K, 100% used [0x00000000e6ab0000, 0x00000000e8000000, 0x00000000e8000000)
  to   space 21824K,   0% used [0x00000000e5560000, 0x00000000e5560000, 0x00000000e6ab0000)
 concurrent mark-sweep generation total 393216K, used 131918K [0x00000000e8000000, 0x0000000100000000, 0x0000000100000000)
 Metaspace       used 60911K, capacity 62319K, committed 62664K, reserved 1103872K
  class space    used 7174K, capacity 7511K, committed 7624K, reserved 1048576K
}
2023-12-01T09:27:36.446+0800: 222.817: Total time for which application threads were stopped: 0.0172922 seconds, Stopping threads took: 0.0000689 seconds
{Heap before GC invocations=27 (full 2):
 par new generation   total 109248K, used 109248K [0x00000000e0000000, 0x00000000e8000000, 0x00000000e8000000)
  eden space 87424K, 100% used [0x00000000e0000000, 0x00000000e5560000, 0x00000000e5560000)
  from space 21824K, 100% used [0x00000000e6ab0000, 0x00000000e8000000, 0x00000000e8000000)
  to   space 21824K,   0% used [0x00000000e5560000, 0x00000000e5560000, 0x00000000e6ab0000)
 concurrent mark-sweep generation total 393216K, used 131918K [0x00000000e8000000, 0x0000000100000000, 0x0000000100000000)
 Metaspace       used 61056K, capacity 62449K, committed 62664K, reserved 1103872K
  class space    used 7180K, capacity 7522K, committed 7624K, reserved 1048576K
2023-12-01T09:27:36.639+0800: 223.010: [GC (Allocation Failure) 2023-12-01T09:27:36.639+0800: 223.010: [ParNew
Desired survivor size 20112992 bytes, new threshold 8 (max 8)
- age   1:    1908512 bytes,    1908512 total
- age   2:    3403768 bytes,    5312280 total
- age   3:    3458792 bytes,    8771072 total
- age   4:    4789448 bytes,   13560520 total
- age   5:    1424040 bytes,   14984560 total
- age   6:    3620664 bytes,   18605224 total
: 109248K->21824K(109248K), 0.0094457 secs] 241166K->158253K(502464K), 0.0096315 secs] [Times: user=0.06 sys=0.00, real=0.01 secs] 
Heap after GC invocations=28 (full 2):
 par new generation   total 109248K, used 21824K [0x00000000e0000000, 0x00000000e8000000, 0x00000000e8000000)
  eden space 87424K,   0% used [0x00000000e0000000, 0x00000000e0000000, 0x00000000e5560000)
  from space 21824K, 100% used [0x00000000e5560000, 0x00000000e6ab0000, 0x00000000e6ab0000)
  to   space 21824K,   0% used [0x00000000e6ab0000, 0x00000000e6ab0000, 0x00000000e8000000)
 concurrent mark-sweep generation total 393216K, used 136429K [0x00000000e8000000, 0x0000000100000000, 0x0000000100000000)
 Metaspace       used 61056K, capacity 62449K, committed 62664K, reserved 1103872K
  class space    used 7180K, capacity 7522K, committed 7624K, reserved 1048576K
}
2023-12-01T09:27:36.648+0800: 223.019: Total time for which application threads were stopped: 0.0098762 seconds, Stopping threads took: 0.0000315 seconds
2023-12-01T09:27:36.649+0800: 223.020: Total time for which application threads were stopped: 0.0001147 seconds, Stopping threads took: 0.0000363 seconds
2023-12-01T09:27:37.659+0800: 224.030: Total time for which application threads were stopped: 0.0001852 seconds, Stopping threads took: 0.0000416 seconds
2023-12-01T09:27:38.663+0800: 225.034: Total time for which application threads were stopped: 0.0001398 seconds, Stopping threads took: 0.0000487 seconds
2023-12-01T09:27:40.680+0800: 227.051: Total time for which application threads were stopped: 0.0001251 seconds, Stopping threads took: 0.0000436 seconds
2023-12-01T09:27:50.755+0800: 237.126: Total time for which application threads were stopped: 0.0001438 seconds, Stopping threads took: 0.0000549 seconds
2023-12-01T09:27:56.155+0800: 242.526: Total time for which application threads were stopped: 0.0003119 seconds, Stopping threads took: 0.0002352 seconds
2023-12-01T09:27:56.200+0800: 242.571: Total time for which application threads were stopped: 0.0000911 seconds, Stopping threads took: 0.0000305 seconds
2023-12-01T09:27:58.214+0800: 244.584: Total time for which application threads were stopped: 0.0001895 seconds, Stopping threads took: 0.0000659 seconds
2023-12-01T09:28:00.216+0800: 246.587: Total time for which application threads were stopped: 0.0002247 seconds, Stopping threads took: 0.0000715 seconds
2023-12-01T09:28:00.848+0800: 247.219: Total time for which application threads were stopped: 0.0000659 seconds, Stopping threads took: 0.0000217 seconds
2023-12-01T09:28:00.852+0800: 247.223: Total time for which application threads were stopped: 0.0007066 seconds, Stopping threads took: 0.0000136 seconds
2023-12-01T09:28:01.169+0800: 247.539: Total time for which application threads were stopped: 0.0001973 seconds, Stopping threads took: 0.0000455 seconds
2023-12-01T09:28:01.169+0800: 247.540: Total time for which application threads were stopped: 0.0001045 seconds, Stopping threads took: 0.0000284 seconds
2023-12-01T09:28:08.217+0800: 254.587: Total time for which application threads were stopped: 0.0001434 seconds, Stopping threads took: 0.0000387 seconds
2023-12-01T09:28:10.234+0800: 256.604: Total time for which application threads were stopped: 0.0001381 seconds, Stopping threads took: 0.0000480 seconds
2023-12-01T09:28:13.267+0800: 259.638: Total time for which application threads were stopped: 0.0003081 seconds, Stopping threads took: 0.0000441 seconds
2023-12-01T09:28:30.251+0800: 276.622: Total time for which application threads were stopped: 0.0000904 seconds, Stopping threads took: 0.0000389 seconds
2023-12-01T09:28:33.278+0800: 279.649: Total time for which application threads were stopped: 0.0001439 seconds, Stopping threads took: 0.0000459 seconds
2023-12-01T09:28:42.355+0800: 288.725: Total time for which application threads were stopped: 0.0001317 seconds, Stopping threads took: 0.0000420 seconds
2023-12-01T09:28:55.457+0800: 301.828: Total time for which application threads were stopped: 0.0001255 seconds, Stopping threads took: 0.0000464 seconds
2023-12-01T09:28:56.162+0800: 302.533: Total time for which application threads were stopped: 0.0003036 seconds, Stopping threads took: 0.0002188 seconds
2023-12-01T09:28:56.203+0800: 302.574: Total time for which application threads were stopped: 0.0001040 seconds, Stopping threads took: 0.0000417 seconds
2023-12-01T09:28:57.389+0800: 303.760: Total time for which application threads were stopped: 0.0001094 seconds, Stopping threads took: 0.0000278 seconds
2023-12-01T09:28:57.389+0800: 303.760: Total time for which application threads were stopped: 0.0000903 seconds, Stopping threads took: 0.0000548 seconds
2023-12-01T09:28:57.389+0800: 303.760: Total time for which application threads were stopped: 0.0000602 seconds, Stopping threads took: 0.0000121 seconds
2023-12-01T09:28:58.391+0800: 304.762: Total time for which application threads were stopped: 0.0001431 seconds, Stopping threads took: 0.0000396 seconds
2023-12-01T09:29:01.171+0800: 307.542: Total time for which application threads were stopped: 0.0001061 seconds, Stopping threads took: 0.0000402 seconds
2023-12-01T09:29:01.171+0800: 307.542: Total time for which application threads were stopped: 0.0000828 seconds, Stopping threads took: 0.0000140 seconds
2023-12-01T09:29:04.203+0800: 310.574: Total time for which application threads were stopped: 0.0001256 seconds, Stopping threads took: 0.0000346 seconds
2023-12-01T09:29:04.948+0800: 311.319: Total time for which application threads were stopped: 0.0000966 seconds, Stopping threads took: 0.0000404 seconds
2023-12-01T09:29:04.948+0800: 311.320: Total time for which application threads were stopped: 0.0000666 seconds, Stopping threads took: 0.0000214 seconds
2023-12-01T09:29:04.949+0800: 311.320: Total time for which application threads were stopped: 0.0000859 seconds, Stopping threads took: 0.0000152 seconds
2023-12-01T09:29:04.949+0800: 311.320: Total time for which application threads were stopped: 0.0000391 seconds, Stopping threads took: 0.0000107 seconds
{Heap before GC invocations=28 (full 2):
 par new generation   total 109248K, used 109248K [0x00000000e0000000, 0x00000000e8000000, 0x00000000e8000000)
  eden space 87424K, 100% used [0x00000000e0000000, 0x00000000e5560000, 0x00000000e5560000)
  from space 21824K, 100% used [0x00000000e5560000, 0x00000000e6ab0000, 0x00000000e6ab0000)
  to   space 21824K,   0% used [0x00000000e6ab0000, 0x00000000e6ab0000, 0x00000000e8000000)
 concurrent mark-sweep generation total 393216K, used 136429K [0x00000000e8000000, 0x0000000100000000, 0x0000000100000000)
 Metaspace       used 61627K, capacity 63135K, committed 63432K, reserved 1105920K
  class space    used 7221K, capacity 7559K, committed 7624K, reserved 1048576K
2023-12-01T09:29:04.953+0800: 311.324: [GC (Allocation Failure) 2023-12-01T09:29:04.953+0800: 311.324: [ParNew
Desired survivor size 20112992 bytes, new threshold 8 (max 8)
- age   1:    1306240 bytes,    1306240 total
- age   2:     521752 bytes,    1827992 total
- age   3:    3403672 bytes,    5231664 total
- age   4:    2446568 bytes,    7678232 total
- age   5:    4746816 bytes,   12425048 total
- age   6:    1424040 bytes,   13849088 total
- age   7:    3620704 bytes,   17469792 total
: 109248K->21824K(109248K), 0.0100031 secs] 245677K->158253K(502464K), 0.0102042 secs] [Times: user=0.06 sys=0.00, real=0.01 secs] 
Heap after GC invocations=29 (full 2):
 par new generation   total 109248K, used 21824K [0x00000000e0000000, 0x00000000e8000000, 0x00000000e8000000)
  eden space 87424K,   0% used [0x00000000e0000000, 0x00000000e0000000, 0x00000000e5560000)
  from space 21824K, 100% used [0x00000000e6ab0000, 0x00000000e8000000, 0x00000000e8000000)
  to   space 21824K,   0% used [0x00000000e5560000, 0x00000000e5560000, 0x00000000e6ab0000)
 concurrent mark-sweep generation total 393216K, used 136429K [0x00000000e8000000, 0x0000000100000000, 0x0000000100000000)
 Metaspace       used 61627K, capacity 63135K, committed 63432K, reserved 1105920K
  class space    used 7221K, capacity 7559K, committed 7624K, reserved 1048576K
}
2023-12-01T09:29:04.964+0800: 311.335: Total time for which application threads were stopped: 0.0104188 seconds, Stopping threads took: 0.0000433 seconds
2023-12-01T09:29:05.971+0800: 312.341: Total time for which application threads were stopped: 0.0001492 seconds, Stopping threads took: 0.0000553 seconds
2023-12-01T09:29:09.820+0800: 316.190: Total time for which application threads were stopped: 0.0001892 seconds, Stopping threads took: 0.0001110 seconds
2023-12-01T09:29:09.833+0800: 316.204: Total time for which application threads were stopped: 0.0000619 seconds, Stopping threads took: 0.0000196 seconds
2023-12-01T09:29:09.833+0800: 316.204: Total time for which application threads were stopped: 0.0000240 seconds, Stopping threads took: 0.0000068 seconds
2023-12-01T09:29:09.834+0800: 316.204: Total time for which application threads were stopped: 0.0000296 seconds, Stopping threads took: 0.0000080 seconds
2023-12-01T09:29:09.834+0800: 316.204: Total time for which application threads were stopped: 0.0000294 seconds, Stopping threads took: 0.0000098 seconds
2023-12-01T09:29:09.834+0800: 316.204: Total time for which application threads were stopped: 0.0000528 seconds, Stopping threads took: 0.0000069 seconds
2023-12-01T09:29:09.850+0800: 316.220: Total time for which application threads were stopped: 0.0002300 seconds, Stopping threads took: 0.0001590 seconds
2023-12-01T09:29:09.864+0800: 316.235: Total time for which application threads were stopped: 0.0001745 seconds, Stopping threads took: 0.0001274 seconds
2023-12-01T09:29:09.867+0800: 316.238: Total time for which application threads were stopped: 0.0000755 seconds, Stopping threads took: 0.0000301 seconds
2023-12-01T09:29:09.872+0800: 316.243: Total time for which application threads were stopped: 0.0000754 seconds, Stopping threads took: 0.0000321 seconds
2023-12-01T09:29:09.887+0800: 316.258: Total time for which application threads were stopped: 0.0000952 seconds, Stopping threads took: 0.0000475 seconds
2023-12-01T09:29:09.888+0800: 316.259: Total time for which application threads were stopped: 0.0001985 seconds, Stopping threads took: 0.0000638 seconds
2023-12-01T09:29:09.889+0800: 316.259: Total time for which application threads were stopped: 0.0001007 seconds, Stopping threads took: 0.0000285 seconds
2023-12-01T09:29:09.889+0800: 316.259: Total time for which application threads were stopped: 0.0000791 seconds, Stopping threads took: 0.0000165 seconds
2023-12-01T09:29:09.889+0800: 316.259: Total time for which application threads were stopped: 0.0000313 seconds, Stopping threads took: 0.0000137 seconds
2023-12-01T09:29:09.889+0800: 316.260: Total time for which application threads were stopped: 0.0000246 seconds, Stopping threads took: 0.0000100 seconds
2023-12-01T09:29:09.889+0800: 316.260: Total time for which application threads were stopped: 0.0000408 seconds, Stopping threads took: 0.0000181 seconds
2023-12-01T09:29:09.889+0800: 316.260: Total time for which application threads were stopped: 0.0000446 seconds, Stopping threads took: 0.0000196 seconds
2023-12-01T09:29:09.889+0800: 316.260: Total time for which application threads were stopped: 0.0000393 seconds, Stopping threads took: 0.0000155 seconds
2023-12-01T09:29:09.889+0800: 316.260: Total time for which application threads were stopped: 0.0000348 seconds, Stopping threads took: 0.0000140 seconds
2023-12-01T09:29:09.889+0800: 316.260: Total time for which application threads were stopped: 0.0000315 seconds, Stopping threads took: 0.0000127 seconds
2023-12-01T09:29:09.889+0800: 316.260: Total time for which application threads were stopped: 0.0000359 seconds, Stopping threads took: 0.0000137 seconds
2023-12-01T09:29:09.889+0800: 316.260: Total time for which application threads were stopped: 0.0000239 seconds, Stopping threads took: 0.0000095 seconds
2023-12-01T09:29:09.890+0800: 316.260: Total time for which application threads were stopped: 0.0000248 seconds, Stopping threads took: 0.0000104 seconds
2023-12-01T09:29:09.890+0800: 316.260: Total time for which application threads were stopped: 0.0000324 seconds, Stopping threads took: 0.0000132 seconds
2023-12-01T09:29:09.890+0800: 316.260: Total time for which application threads were stopped: 0.0000250 seconds, Stopping threads took: 0.0000103 seconds
2023-12-01T09:29:09.890+0800: 316.260: Total time for which application threads were stopped: 0.0000225 seconds, Stopping threads took: 0.0000088 seconds
2023-12-01T09:29:09.890+0800: 316.260: Total time for which application threads were stopped: 0.0000229 seconds, Stopping threads took: 0.0000093 seconds
2023-12-01T09:29:09.890+0800: 316.260: Total time for which application threads were stopped: 0.0000535 seconds, Stopping threads took: 0.0000223 seconds
2023-12-01T09:29:09.890+0800: 316.261: Total time for which application threads were stopped: 0.0000331 seconds, Stopping threads took: 0.0000147 seconds
2023-12-01T09:29:09.890+0800: 316.261: Total time for which application threads were stopped: 0.0001148 seconds, Stopping threads took: 0.0000100 seconds
2023-12-01T09:29:09.918+0800: 316.289: Total time for which application threads were stopped: 0.0000745 seconds, Stopping threads took: 0.0000236 seconds
2023-12-01T09:29:09.924+0800: 316.295: Total time for which application threads were stopped: 0.0000661 seconds, Stopping threads took: 0.0000230 seconds
2023-12-01T09:29:09.933+0800: 316.304: Total time for which application threads were stopped: 0.0001037 seconds, Stopping threads took: 0.0000417 seconds
{Heap before GC invocations=29 (full 2):
 par new generation   total 109248K, used 109248K [0x00000000e0000000, 0x00000000e8000000, 0x00000000e8000000)
  eden space 87424K, 100% used [0x00000000e0000000, 0x00000000e5560000, 0x00000000e5560000)
  from space 21824K, 100% used [0x00000000e6ab0000, 0x00000000e8000000, 0x00000000e8000000)
  to   space 21824K,   0% used [0x00000000e5560000, 0x00000000e5560000, 0x00000000e6ab0000)
 concurrent mark-sweep generation total 393216K, used 136429K [0x00000000e8000000, 0x0000000100000000, 0x0000000100000000)
 Metaspace       used 61696K, capacity 63205K, committed 63432K, reserved 1105920K
  class space    used 7222K, capacity 7560K, committed 7624K, reserved 1048576K
2023-12-01T09:29:09.951+0800: 316.322: [GC (Allocation Failure) 2023-12-01T09:29:09.951+0800: 316.322: [ParNew
Desired survivor size 20112992 bytes, new threshold 8 (max 8)
- age   1:    5726664 bytes,    5726664 total
- age   2:     484056 bytes,    6210720 total
- age   3:     518304 bytes,    6729024 total
- age   4:    3403552 bytes,   10132576 total
- age   5:    2445376 bytes,   12577952 total
- age   6:    4673664 bytes,   17251616 total
- age   7:    1424040 bytes,   18675656 total
- age   8:    3620664 bytes,   22296320 total
: 109248K->21824K(109248K), 0.0169579 secs] 245677K->169577K(502464K), 0.0171144 secs] [Times: user=0.05 sys=0.02, real=0.02 secs] 
Heap after GC invocations=30 (full 2):
 par new generation   total 109248K, used 21824K [0x00000000e0000000, 0x00000000e8000000, 0x00000000e8000000)
  eden space 87424K,   0% used [0x00000000e0000000, 0x00000000e0000000, 0x00000000e5560000)
  from space 21824K, 100% used [0x00000000e5560000, 0x00000000e6ab0000, 0x00000000e6ab0000)
  to   space 21824K,   0% used [0x00000000e6ab0000, 0x00000000e6ab0000, 0x00000000e8000000)
 concurrent mark-sweep generation total 393216K, used 147753K [0x00000000e8000000, 0x0000000100000000, 0x0000000100000000)
 Metaspace       used 61696K, capacity 63205K, committed 63432K, reserved 1105920K
  class space    used 7222K, capacity 7560K, committed 7624K, reserved 1048576K
}
2023-12-01T09:29:09.968+0800: 316.339: Total time for which application threads were stopped: 0.0174050 seconds, Stopping threads took: 0.0001435 seconds
2023-12-01T09:29:09.969+0800: 316.339: Total time for which application threads were stopped: 0.0001935 seconds, Stopping threads took: 0.0001060 seconds
2023-12-01T09:29:09.969+0800: 316.340: Total time for which application threads were stopped: 0.0001596 seconds, Stopping threads took: 0.0001368 seconds
2023-12-01T09:29:09.976+0800: 316.347: Total time for which application threads were stopped: 0.0001651 seconds, Stopping threads took: 0.0000634 seconds
2023-12-01T09:29:09.981+0800: 316.351: Total time for which application threads were stopped: 0.0001725 seconds, Stopping threads took: 0.0001051 seconds
2023-12-01T09:29:10.003+0800: 316.373: Total time for which application threads were stopped: 0.0000832 seconds, Stopping threads took: 0.0000347 seconds
2023-12-01T09:29:10.004+0800: 316.374: Total time for which application threads were stopped: 0.0000981 seconds, Stopping threads took: 0.0000252 seconds
2023-12-01T09:29:10.018+0800: 316.389: Total time for which application threads were stopped: 0.0000872 seconds, Stopping threads took: 0.0000438 seconds
{Heap before GC invocations=30 (full 2):
 par new generation   total 109248K, used 109248K [0x00000000e0000000, 0x00000000e8000000, 0x00000000e8000000)
  eden space 87424K, 100% used [0x00000000e0000000, 0x00000000e5560000, 0x00000000e5560000)
  from space 21824K, 100% used [0x00000000e5560000, 0x00000000e6ab0000, 0x00000000e6ab0000)
  to   space 21824K,   0% used [0x00000000e6ab0000, 0x00000000e6ab0000, 0x00000000e8000000)
 concurrent mark-sweep generation total 393216K, used 147753K [0x00000000e8000000, 0x0000000100000000, 0x0000000100000000)
 Metaspace       used 61792K, capacity 63269K, committed 63432K, reserved 1105920K
  class space    used 7222K, capacity 7560K, committed 7624K, reserved 1048576K
2023-12-01T09:29:10.151+0800: 316.523: [GC (Allocation Failure) 2023-12-01T09:29:10.151+0800: 316.523: [ParNew
Desired survivor size 20112992 bytes, new threshold 8 (max 8)
- age   1:    3508736 bytes,    3508736 total
- age   2:    4582752 bytes,    8091488 total
- age   3:     399600 bytes,    8491088 total
- age   4:     510928 bytes,    9002016 total
- age   5:    3326880 bytes,   12328896 total
- age   6:    2389128 bytes,   14718024 total
- age   7:    4400688 bytes,   19118712 total
- age   8:    1423240 bytes,   20541952 total
: 109248K->21824K(109248K), 0.0150903 secs] 257001K->178826K(502464K), 0.0152310 secs] [Times: user=0.06 sys=0.02, real=0.02 secs] 
Heap after GC invocations=31 (full 2):
 par new generation   total 109248K, used 21824K [0x00000000e0000000, 0x00000000e8000000, 0x00000000e8000000)
  eden space 87424K,   0% used [0x00000000e0000000, 0x00000000e0000000, 0x00000000e5560000)
  from space 21824K, 100% used [0x00000000e6ab0000, 0x00000000e8000000, 0x00000000e8000000)
  to   space 21824K,   0% used [0x00000000e5560000, 0x00000000e5560000, 0x00000000e6ab0000)
 concurrent mark-sweep generation total 393216K, used 157002K [0x00000000e8000000, 0x0000000100000000, 0x0000000100000000)
 Metaspace       used 61792K, capacity 63269K, committed 63432K, reserved 1105920K
  class space    used 7222K, capacity 7560K, committed 7624K, reserved 1048576K
}
2023-12-01T09:29:10.167+0800: 316.538: Total time for which application threads were stopped: 0.0154404 seconds, Stopping threads took: 0.0000350 seconds
2023-12-01T09:29:10.167+0800: 316.538: Total time for which application threads were stopped: 0.0000867 seconds, Stopping threads took: 0.0000330 seconds
{Heap before GC invocations=31 (full 2):
 par new generation   total 109248K, used 109248K [0x00000000e0000000, 0x00000000e8000000, 0x00000000e8000000)
  eden space 87424K, 100% used [0x00000000e0000000, 0x00000000e5560000, 0x00000000e5560000)
  from space 21824K, 100% used [0x00000000e6ab0000, 0x00000000e8000000, 0x00000000e8000000)
  to   space 21824K,   0% used [0x00000000e5560000, 0x00000000e5560000, 0x00000000e6ab0000)
 concurrent mark-sweep generation total 393216K, used 157002K [0x00000000e8000000, 0x0000000100000000, 0x0000000100000000)
 Metaspace       used 61797K, capacity 63269K, committed 63432K, reserved 1105920K
  class space    used 7222K, capacity 7560K, committed 7624K, reserved 1048576K
2023-12-01T09:29:10.228+0800: 316.600: [GC (Allocation Failure) 2023-12-01T09:29:10.228+0800: 316.600: [ParNew
Desired survivor size 20112992 bytes, new threshold 8 (max 8)
- age   1:    3801848 bytes,    3801848 total
- age   2:    2764848 bytes,    6566696 total
- age   3:    4579184 bytes,   11145880 total
- age   4:     397584 bytes,   11543464 total
- age   5:     510680 bytes,   12054144 total
- age   6:    3326832 bytes,   15380976 total
- age   7:    2384896 bytes,   17765872 total
- age   8:    4400688 bytes,   22166560 total
: 109248K->21824K(109248K), 0.0183203 secs] 266250K->195836K(502464K), 0.0184929 secs] [Times: user=0.05 sys=0.01, real=0.02 secs] 
Heap after GC invocations=32 (full 2):
 par new generation   total 109248K, used 21824K [0x00000000e0000000, 0x00000000e8000000, 0x00000000e8000000)
  eden space 87424K,   0% used [0x00000000e0000000, 0x00000000e0000000, 0x00000000e5560000)
  from space 21824K, 100% used [0x00000000e5560000, 0x00000000e6ab0000, 0x00000000e6ab0000)
  to   space 21824K,   0% used [0x00000000e6ab0000, 0x00000000e6ab0000, 0x00000000e8000000)
 concurrent mark-sweep generation total 393216K, used 174012K [0x00000000e8000000, 0x0000000100000000, 0x0000000100000000)
 Metaspace       used 61797K, capacity 63269K, committed 63432K, reserved 1105920K
  class space    used 7222K, capacity 7560K, committed 7624K, reserved 1048576K
}
2023-12-01T09:29:10.247+0800: 316.618: Total time for which application threads were stopped: 0.0186599 seconds, Stopping threads took: 0.0000244 seconds
2023-12-01T09:29:10.306+0800: 316.678: Total time for which application threads were stopped: 0.0001519 seconds, Stopping threads took: 0.0000815 seconds
{Heap before GC invocations=32 (full 2):
 par new generation   total 109248K, used 109248K [0x00000000e0000000, 0x00000000e8000000, 0x00000000e8000000)
  eden space 87424K, 100% used [0x00000000e0000000, 0x00000000e5560000, 0x00000000e5560000)
  from space 21824K, 100% used [0x00000000e5560000, 0x00000000e6ab0000, 0x00000000e6ab0000)
  to   space 21824K,   0% used [0x00000000e6ab0000, 0x00000000e6ab0000, 0x00000000e8000000)
 concurrent mark-sweep generation total 393216K, used 174012K [0x00000000e8000000, 0x0000000100000000, 0x0000000100000000)
 Metaspace       used 61855K, capacity 63333K, committed 63688K, reserved 1105920K
  class space    used 7222K, capacity 7560K, committed 7624K, reserved 1048576K
2023-12-01T09:29:10.427+0800: 316.798: [GC (Allocation Failure) 2023-12-01T09:29:10.427+0800: 316.798: [ParNew
Desired survivor size 20112992 bytes, new threshold 8 (max 8)
- age   1:    2342488 bytes,    2342488 total
- age   2:    2504856 bytes,    4847344 total
- age   3:    2305768 bytes,    7153112 total
- age   4:    4570264 bytes,   11723376 total
- age   5:     397584 bytes,   12120960 total
- age   6:     510680 bytes,   12631640 total
- age   7:    3326832 bytes,   15958472 total
- age   8:    2384896 bytes,   18343368 total
: 109248K->21824K(109248K), 0.0124737 secs] 283260K->201035K(502464K), 0.0126647 secs] [Times: user=0.00 sys=0.00, real=0.01 secs] 
Heap after GC invocations=33 (full 2):
 par new generation   total 109248K, used 21824K [0x00000000e0000000, 0x00000000e8000000, 0x00000000e8000000)
  eden space 87424K,   0% used [0x00000000e0000000, 0x00000000e0000000, 0x00000000e5560000)
  from space 21824K, 100% used [0x00000000e6ab0000, 0x00000000e8000000, 0x00000000e8000000)
  to   space 21824K,   0% used [0x00000000e5560000, 0x00000000e5560000, 0x00000000e6ab0000)
 concurrent mark-sweep generation total 393216K, used 179211K [0x00000000e8000000, 0x0000000100000000, 0x0000000100000000)
 Metaspace       used 61855K, capacity 63333K, committed 63688K, reserved 1105920K
  class space    used 7222K, capacity 7560K, committed 7624K, reserved 1048576K
}
2023-12-01T09:29:10.439+0800: 316.811: Total time for which application threads were stopped: 0.0129002 seconds, Stopping threads took: 0.0000540 seconds
2023-12-01T09:29:10.440+0800: 316.811: Total time for which application threads were stopped: 0.0001388 seconds, Stopping threads took: 0.0000723 seconds
2023-12-01T09:29:10.446+0800: 316.818: Total time for which application threads were stopped: 0.0000808 seconds, Stopping threads took: 0.0000348 seconds
2023-12-01T09:29:10.486+0800: 316.857: Total time for which application threads were stopped: 0.0000817 seconds, Stopping threads took: 0.0000369 seconds
2023-12-01T09:29:11.490+0800: 317.861: Total time for which application threads were stopped: 0.0001608 seconds, Stopping threads took: 0.0000391 seconds
2023-12-01T09:29:14.512+0800: 320.883: Total time for which application threads were stopped: 0.0001376 seconds, Stopping threads took: 0.0000380 seconds
2023-12-01T09:29:45.396+0800: 351.767: Total time for which application threads were stopped: 0.0002133 seconds, Stopping threads took: 0.0001420 seconds
2023-12-01T09:29:45.399+0800: 351.770: Total time for which application threads were stopped: 0.0001135 seconds, Stopping threads took: 0.0000270 seconds
2023-12-01T09:29:46.414+0800: 352.784: Total time for which application threads were stopped: 0.0001687 seconds, Stopping threads took: 0.0000493 seconds
2023-12-01T09:29:56.149+0800: 362.521: Total time for which application threads were stopped: 0.0002187 seconds, Stopping threads took: 0.0001655 seconds
2023-12-01T09:29:56.192+0800: 362.563: Total time for which application threads were stopped: 0.0000898 seconds, Stopping threads took: 0.0000309 seconds
2023-12-01T09:29:58.210+0800: 364.581: Total time for which application threads were stopped: 0.0001588 seconds, Stopping threads took: 0.0000399 seconds
2023-12-01T09:30:01.157+0800: 367.528: Total time for which application threads were stopped: 0.0001528 seconds, Stopping threads took: 0.0000507 seconds
2023-12-01T09:30:01.157+0800: 367.528: Total time for which application threads were stopped: 0.0000994 seconds, Stopping threads took: 0.0000184 seconds
2023-12-01T09:30:06.204+0800: 372.575: Total time for which application threads were stopped: 0.0001899 seconds, Stopping threads took: 0.0000410 seconds
2023-12-01T09:30:48.494+0800: 414.865: Total time for which application threads were stopped: 0.0001562 seconds, Stopping threads took: 0.0000515 seconds
2023-12-01T09:30:56.153+0800: 422.524: Total time for which application threads were stopped: 0.0002907 seconds, Stopping threads took: 0.0001917 seconds
2023-12-01T09:30:56.194+0800: 422.565: Total time for which application threads were stopped: 0.0000789 seconds, Stopping threads took: 0.0000254 seconds
2023-12-01T09:30:58.211+0800: 424.581: Total time for which application threads were stopped: 0.0001227 seconds, Stopping threads took: 0.0000443 seconds
2023-12-01T09:31:01.167+0800: 427.538: Total time for which application threads were stopped: 0.0001901 seconds, Stopping threads took: 0.0000443 seconds
2023-12-01T09:31:01.167+0800: 427.538: Total time for which application threads were stopped: 0.0000869 seconds, Stopping threads took: 0.0000292 seconds
2023-12-01T09:31:29.350+0800: 455.721: Total time for which application threads were stopped: 0.0001285 seconds, Stopping threads took: 0.0000384 seconds
2023-12-01T09:31:39.428+0800: 465.799: Total time for which application threads were stopped: 0.0001417 seconds, Stopping threads took: 0.0000430 seconds
2023-12-01T09:31:50.507+0800: 476.878: Total time for which application threads were stopped: 0.0001626 seconds, Stopping threads took: 0.0000568 seconds
2023-12-01T09:31:56.152+0800: 482.522: Total time for which application threads were stopped: 0.0002090 seconds, Stopping threads took: 0.0001113 seconds
2023-12-01T09:31:56.208+0800: 482.579: Total time for which application threads were stopped: 0.0001742 seconds, Stopping threads took: 0.0000631 seconds
2023-12-01T09:31:58.228+0800: 484.598: Total time for which application threads were stopped: 0.0001559 seconds, Stopping threads took: 0.0000540 seconds
2023-12-01T09:32:00.246+0800: 486.616: Total time for which application threads were stopped: 0.0001583 seconds, Stopping threads took: 0.0000515 seconds
2023-12-01T09:32:01.167+0800: 487.537: Total time for which application threads were stopped: 0.0001360 seconds, Stopping threads took: 0.0000649 seconds
2023-12-01T09:32:01.167+0800: 487.538: Total time for which application threads were stopped: 0.0000794 seconds, Stopping threads took: 0.0000200 seconds
2023-12-01T09:32:23.363+0800: 509.734: Total time for which application threads were stopped: 0.0001655 seconds, Stopping threads took: 0.0000499 seconds
2023-12-01T09:32:43.518+0800: 529.889: Total time for which application threads were stopped: 0.0001619 seconds, Stopping threads took: 0.0000601 seconds
2023-12-01T09:32:56.155+0800: 542.526: Total time for which application threads were stopped: 0.0002769 seconds, Stopping threads took: 0.0001826 seconds
2023-12-01T09:32:56.231+0800: 542.602: Total time for which application threads were stopped: 0.0001040 seconds, Stopping threads took: 0.0000389 seconds
2023-12-01T09:32:58.244+0800: 544.615: Total time for which application threads were stopped: 0.0001431 seconds, Stopping threads took: 0.0000451 seconds
2023-12-01T09:33:01.168+0800: 547.539: Total time for which application threads were stopped: 0.0001402 seconds, Stopping threads took: 0.0000345 seconds
2023-12-01T09:33:01.168+0800: 547.539: Total time for which application threads were stopped: 0.0000556 seconds, Stopping threads took: 0.0000168 seconds
2023-12-01T09:33:36.434+0800: 582.804: Total time for which application threads were stopped: 0.0001397 seconds, Stopping threads took: 0.0000428 seconds
2023-12-01T09:33:53.568+0800: 599.938: Total time for which application threads were stopped: 0.0001471 seconds, Stopping threads took: 0.0000489 seconds
2023-12-01T09:33:56.154+0800: 602.524: Total time for which application threads were stopped: 0.0002138 seconds, Stopping threads took: 0.0001446 seconds
2023-12-01T09:33:56.194+0800: 602.565: Total time for which application threads were stopped: 0.0001645 seconds, Stopping threads took: 0.0000250 seconds
2023-12-01T09:33:56.197+0800: 602.567: Total time for which application threads were stopped: 0.0000925 seconds, Stopping threads took: 0.0000253 seconds
2023-12-01T09:34:01.164+0800: 607.535: Total time for which application threads were stopped: 0.0001192 seconds, Stopping threads took: 0.0000395 seconds
2023-12-01T09:34:01.164+0800: 607.535: Total time for which application threads were stopped: 0.0000745 seconds, Stopping threads took: 0.0000137 seconds
2023-12-01T09:34:07.210+0800: 613.581: Total time for which application threads were stopped: 0.0001421 seconds, Stopping threads took: 0.0000462 seconds
2023-12-01T09:34:56.167+0800: 662.538: Total time for which application threads were stopped: 0.0002404 seconds, Stopping threads took: 0.0001523 seconds
2023-12-01T09:34:56.225+0800: 662.595: Total time for which application threads were stopped: 0.0001358 seconds, Stopping threads took: 0.0000379 seconds
2023-12-01T09:34:58.234+0800: 664.604: Total time for which application threads were stopped: 0.0003073 seconds, Stopping threads took: 0.0001063 seconds
2023-12-01T09:35:01.184+0800: 667.554: Total time for which application threads were stopped: 0.0002461 seconds, Stopping threads took: 0.0000788 seconds
2023-12-01T09:35:01.185+0800: 667.555: Total time for which application threads were stopped: 0.0001963 seconds, Stopping threads took: 0.0000639 seconds
2023-12-01T09:35:26.359+0800: 692.730: Total time for which application threads were stopped: 0.0001473 seconds, Stopping threads took: 0.0000532 seconds
2023-12-01T09:35:41.459+0800: 707.830: Total time for which application threads were stopped: 0.0001374 seconds, Stopping threads took: 0.0000478 seconds
2023-12-01T09:35:52.558+0800: 718.928: Total time for which application threads were stopped: 0.0001655 seconds, Stopping threads took: 0.0000426 seconds
2023-12-01T09:35:56.167+0800: 722.537: Total time for which application threads were stopped: 0.0001729 seconds, Stopping threads took: 0.0001098 seconds
2023-12-01T09:35:56.217+0800: 722.587: Total time for which application threads were stopped: 0.0001299 seconds, Stopping threads took: 0.0000529 seconds
2023-12-01T09:36:01.182+0800: 727.553: Total time for which application threads were stopped: 0.0002880 seconds, Stopping threads took: 0.0000841 seconds
2023-12-01T09:36:01.183+0800: 727.553: Total time for which application threads were stopped: 0.0001633 seconds, Stopping threads took: 0.0000519 seconds
2023-12-01T09:36:24.379+0800: 750.750: Total time for which application threads were stopped: 0.0001994 seconds, Stopping threads took: 0.0000801 seconds
2023-12-01T09:36:35.449+0800: 761.820: Total time for which application threads were stopped: 0.0001271 seconds, Stopping threads took: 0.0000492 seconds
2023-12-01T09:36:56.152+0800: 782.523: Total time for which application threads were stopped: 0.0001666 seconds, Stopping threads took: 0.0000247 seconds
2023-12-01T09:36:56.156+0800: 782.527: Total time for which application threads were stopped: 0.0002977 seconds, Stopping threads took: 0.0002480 seconds
2023-12-01T09:36:56.201+0800: 782.571: Total time for which application threads were stopped: 0.0001625 seconds, Stopping threads took: 0.0000324 seconds
2023-12-01T09:37:01.164+0800: 787.534: Total time for which application threads were stopped: 0.0001344 seconds, Stopping threads took: 0.0000448 seconds
2023-12-01T09:37:56.160+0800: 842.531: Total time for which application threads were stopped: 0.0002055 seconds, Stopping threads took: 0.0001173 seconds
2023-12-01T09:37:56.213+0800: 842.584: Total time for which application threads were stopped: 0.0001589 seconds, Stopping threads took: 0.0000731 seconds
2023-12-01T09:37:59.234+0800: 845.604: Total time for which application threads were stopped: 0.0001495 seconds, Stopping threads took: 0.0000447 seconds
2023-12-01T09:38:01.168+0800: 847.538: Total time for which application threads were stopped: 0.0001195 seconds, Stopping threads took: 0.0000347 seconds
2023-12-01T09:38:01.168+0800: 847.538: Total time for which application threads were stopped: 0.0000951 seconds, Stopping threads took: 0.0000257 seconds
2023-12-01T09:38:33.438+0800: 879.808: Total time for which application threads were stopped: 0.0001483 seconds, Stopping threads took: 0.0000433 seconds
2023-12-01T09:38:56.158+0800: 902.528: Total time for which application threads were stopped: 0.0002677 seconds, Stopping threads took: 0.0001848 seconds
2023-12-01T09:38:56.220+0800: 902.590: Total time for which application threads were stopped: 0.0001443 seconds, Stopping threads took: 0.0000350 seconds
2023-12-01T09:39:01.163+0800: 907.533: Total time for which application threads were stopped: 0.0001267 seconds, Stopping threads took: 0.0000363 seconds
2023-12-01T09:39:01.163+0800: 907.533: Total time for which application threads were stopped: 0.0000835 seconds, Stopping threads took: 0.0000189 seconds
2023-12-01T09:39:56.153+0800: 962.523: Total time for which application threads were stopped: 0.0002295 seconds, Stopping threads took: 0.0001456 seconds
2023-12-01T09:39:56.210+0800: 962.580: Total time for which application threads were stopped: 0.0001431 seconds, Stopping threads took: 0.0000462 seconds
2023-12-01T09:40:01.168+0800: 967.539: Total time for which application threads were stopped: 0.0002167 seconds, Stopping threads took: 0.0000345 seconds
2023-12-01T09:40:01.168+0800: 967.539: Total time for which application threads were stopped: 0.0001262 seconds, Stopping threads took: 0.0000279 seconds
2023-12-01T09:40:07.213+0800: 973.583: Total time for which application threads were stopped: 0.0001705 seconds, Stopping threads took: 0.0000591 seconds
2023-12-01T09:40:56.167+0800: 1022.537: Total time for which application threads were stopped: 0.0004240 seconds, Stopping threads took: 0.0002372 seconds
{Heap before GC invocations=33 (full 2):
 par new generation   total 109248K, used 109248K [0x00000000e0000000, 0x00000000e8000000, 0x00000000e8000000)
  eden space 87424K, 100% used [0x00000000e0000000, 0x00000000e5560000, 0x00000000e5560000)
  from space 21824K, 100% used [0x00000000e6ab0000, 0x00000000e8000000, 0x00000000e8000000)
  to   space 21824K,   0% used [0x00000000e5560000, 0x00000000e5560000, 0x00000000e6ab0000)
 concurrent mark-sweep generation total 393216K, used 179211K [0x00000000e8000000, 0x0000000100000000, 0x0000000100000000)
 Metaspace       used 62372K, capacity 63837K, committed 63944K, reserved 1105920K
  class space    used 7240K, capacity 7580K, committed 7624K, reserved 1048576K
2023-12-01T09:40:56.167+0800: 1022.537: [GC (Allocation Failure) 2023-12-01T09:40:56.167+0800: 1022.537: [ParNew
Desired survivor size 20112992 bytes, new threshold 8 (max 8)
- age   1:    2314648 bytes,    2314648 total
- age   2:    1070864 bytes,    3385512 total
- age   3:    2504640 bytes,    5890152 total
- age   4:    1649856 bytes,    7540008 total
- age   5:    4552120 bytes,   12092128 total
- age   6:     322664 bytes,   12414792 total
- age   7:     510680 bytes,   12925472 total
- age   8:    3326832 bytes,   16252304 total
: 109248K->21824K(109248K), 0.0114964 secs] 288459K->203379K(502464K), 0.0116662 secs] [Times: user=0.00 sys=0.00, real=0.01 secs] 
Heap after GC invocations=34 (full 2):
 par new generation   total 109248K, used 21824K [0x00000000e0000000, 0x00000000e8000000, 0x00000000e8000000)
  eden space 87424K,   0% used [0x00000000e0000000, 0x00000000e0000000, 0x00000000e5560000)
  from space 21824K, 100% used [0x00000000e5560000, 0x00000000e6ab0000, 0x00000000e6ab0000)
  to   space 21824K,   0% used [0x00000000e6ab0000, 0x00000000e6ab0000, 0x00000000e8000000)
 concurrent mark-sweep generation total 393216K, used 181555K [0x00000000e8000000, 0x0000000100000000, 0x0000000100000000)
 Metaspace       used 62372K, capacity 63837K, committed 63944K, reserved 1105920K
  class space    used 7240K, capacity 7580K, committed 7624K, reserved 1048576K
}
2023-12-01T09:40:56.178+0800: 1022.549: Total time for which application threads were stopped: 0.0118279 seconds, Stopping threads took: 0.0000152 seconds
2023-12-01T09:40:56.234+0800: 1022.604: Total time for which application threads were stopped: 0.0001594 seconds, Stopping threads took: 0.0000534 seconds
2023-12-01T09:40:59.262+0800: 1025.632: Total time for which application threads were stopped: 0.0001438 seconds, Stopping threads took: 0.0000501 seconds
2023-12-01T09:41:01.194+0800: 1027.565: Total time for which application threads were stopped: 0.0001104 seconds, Stopping threads took: 0.0000302 seconds
2023-12-01T09:41:01.194+0800: 1027.565: Total time for which application threads were stopped: 0.0000378 seconds, Stopping threads took: 0.0000117 seconds
2023-12-01T09:41:07.248+0800: 1033.618: Total time for which application threads were stopped: 0.0001388 seconds, Stopping threads took: 0.0000518 seconds
2023-12-01T09:41:56.161+0800: 1082.531: Total time for which application threads were stopped: 0.0001962 seconds, Stopping threads took: 0.0001127 seconds
2023-12-01T09:41:56.214+0800: 1082.584: Total time for which application threads were stopped: 0.0001097 seconds, Stopping threads took: 0.0000403 seconds
2023-12-01T09:42:01.170+0800: 1087.541: Total time for which application threads were stopped: 0.0001916 seconds, Stopping threads took: 0.0000511 seconds
2023-12-01T09:42:01.170+0800: 1087.541: Total time for which application threads were stopped: 0.0000786 seconds, Stopping threads took: 0.0000474 seconds
2023-12-01T09:42:56.147+0800: 1142.517: Total time for which application threads were stopped: 0.0002923 seconds, Stopping threads took: 0.0001999 seconds
2023-12-01T09:42:56.185+0800: 1142.556: Total time for which application threads were stopped: 0.0000802 seconds, Stopping threads took: 0.0000258 seconds
2023-12-01T09:43:01.149+0800: 1147.520: Total time for which application threads were stopped: 0.0001689 seconds, Stopping threads took: 0.0000475 seconds
2023-12-01T09:43:01.149+0800: 1147.520: Total time for which application threads were stopped: 0.0000647 seconds, Stopping threads took: 0.0000171 seconds
2023-12-01T09:43:56.152+0800: 1202.522: Total time for which application threads were stopped: 0.0003869 seconds, Stopping threads took: 0.0002892 seconds
2023-12-01T09:43:56.190+0800: 1202.560: Total time for which application threads were stopped: 0.0001538 seconds, Stopping threads took: 0.0000246 seconds
2023-12-01T09:43:56.192+0800: 1202.562: Total time for which application threads were stopped: 0.0001303 seconds, Stopping threads took: 0.0000180 seconds
2023-12-01T09:43:56.192+0800: 1202.562: Total time for which application threads were stopped: 0.0000469 seconds, Stopping threads took: 0.0000116 seconds
2023-12-01T09:44:01.154+0800: 1207.525: Total time for which application threads were stopped: 0.0002781 seconds, Stopping threads took: 0.0000452 seconds
2023-12-01T09:44:01.154+0800: 1207.525: Total time for which application threads were stopped: 0.0000739 seconds, Stopping threads took: 0.0000201 seconds
2023-12-01T09:44:56.149+0800: 1262.519: Total time for which application threads were stopped: 0.0003355 seconds, Stopping threads took: 0.0002273 seconds
2023-12-01T09:44:56.190+0800: 1262.560: Total time for which application threads were stopped: 0.0000843 seconds, Stopping threads took: 0.0000282 seconds
2023-12-01T09:45:01.156+0800: 1267.526: Total time for which application threads were stopped: 0.0001120 seconds, Stopping threads took: 0.0000342 seconds
2023-12-01T09:45:01.156+0800: 1267.526: Total time for which application threads were stopped: 0.0000539 seconds, Stopping threads took: 0.0000150 seconds
2023-12-01T09:45:07.218+0800: 1273.588: Total time for which application threads were stopped: 0.0001492 seconds, Stopping threads took: 0.0000383 seconds
2023-12-01T09:45:56.153+0800: 1322.523: Total time for which application threads were stopped: 0.0001970 seconds, Stopping threads took: 0.0001468 seconds
2023-12-01T09:45:56.193+0800: 1322.563: Total time for which application threads were stopped: 0.0001566 seconds, Stopping threads took: 0.0000267 seconds
2023-12-01T09:46:01.155+0800: 1327.525: Total time for which application threads were stopped: 0.0001463 seconds, Stopping threads took: 0.0000458 seconds
2023-12-01T09:46:56.146+0800: 1382.517: Total time for which application threads were stopped: 0.0001507 seconds, Stopping threads took: 0.0000928 seconds
2023-12-01T09:46:56.187+0800: 1382.557: Total time for which application threads were stopped: 0.0000960 seconds, Stopping threads took: 0.0000420 seconds
2023-12-01T09:47:01.156+0800: 1387.526: Total time for which application threads were stopped: 0.0001589 seconds, Stopping threads took: 0.0000528 seconds
2023-12-01T09:47:01.156+0800: 1387.527: Total time for which application threads were stopped: 0.0000823 seconds, Stopping threads took: 0.0000215 seconds
2023-12-01T09:47:56.152+0800: 1442.523: Total time for which application threads were stopped: 0.0002266 seconds, Stopping threads took: 0.0001313 seconds
2023-12-01T09:47:56.200+0800: 1442.570: Total time for which application threads were stopped: 0.0001635 seconds, Stopping threads took: 0.0000798 seconds
2023-12-01T09:48:00.238+0800: 1446.608: Total time for which application threads were stopped: 0.0001393 seconds, Stopping threads took: 0.0000563 seconds
2023-12-01T09:48:01.161+0800: 1447.531: Total time for which application threads were stopped: 0.0001120 seconds, Stopping threads took: 0.0000350 seconds
2023-12-01T09:48:01.161+0800: 1447.531: Total time for which application threads were stopped: 0.0000920 seconds, Stopping threads took: 0.0000193 seconds
2023-12-01T09:48:56.152+0800: 1502.522: Total time for which application threads were stopped: 0.0002532 seconds, Stopping threads took: 0.0001818 seconds
2023-12-01T09:48:56.207+0800: 1502.577: Total time for which application threads were stopped: 0.0001692 seconds, Stopping threads took: 0.0000450 seconds
2023-12-01T09:49:00.232+0800: 1506.602: Total time for which application threads were stopped: 0.0001638 seconds, Stopping threads took: 0.0000530 seconds
2023-12-01T09:49:01.164+0800: 1507.534: Total time for which application threads were stopped: 0.0001241 seconds, Stopping threads took: 0.0000330 seconds
2023-12-01T09:49:01.164+0800: 1507.535: Total time for which application threads were stopped: 0.0000741 seconds, Stopping threads took: 0.0000139 seconds
2023-12-01T09:49:56.165+0800: 1562.535: Total time for which application threads were stopped: 0.0003095 seconds, Stopping threads took: 0.0002227 seconds
2023-12-01T09:49:56.216+0800: 1562.586: Total time for which application threads were stopped: 0.0001923 seconds, Stopping threads took: 0.0000695 seconds
2023-12-01T09:50:01.167+0800: 1567.537: Total time for which application threads were stopped: 0.0001230 seconds, Stopping threads took: 0.0000251 seconds
2023-12-01T09:50:01.167+0800: 1567.537: Total time for which application threads were stopped: 0.0000360 seconds, Stopping threads took: 0.0000113 seconds
2023-12-01T09:50:07.204+0800: 1573.574: Total time for which application threads were stopped: 0.0002439 seconds, Stopping threads took: 0.0001158 seconds
2023-12-01T09:50:56.161+0800: 1622.531: Total time for which application threads were stopped: 0.0002725 seconds, Stopping threads took: 0.0001801 seconds
2023-12-01T09:50:56.211+0800: 1622.580: Total time for which application threads were stopped: 0.0002566 seconds, Stopping threads took: 0.0000274 seconds
2023-12-01T09:50:57.221+0800: 1623.590: Total time for which application threads were stopped: 0.0001557 seconds, Stopping threads took: 0.0000402 seconds
2023-12-01T09:51:01.162+0800: 1627.532: Total time for which application threads were stopped: 0.0001319 seconds, Stopping threads took: 0.0000435 seconds
2023-12-01T09:51:01.162+0800: 1627.532: Total time for which application threads were stopped: 0.0000831 seconds, Stopping threads took: 0.0000218 seconds
2023-12-01T09:51:08.223+0800: 1634.593: Total time for which application threads were stopped: 0.0001166 seconds, Stopping threads took: 0.0000446 seconds
2023-12-01T09:51:56.151+0800: 1682.520: Total time for which application threads were stopped: 0.0004003 seconds, Stopping threads took: 0.0003148 seconds
2023-12-01T09:51:56.189+0800: 1682.558: Total time for which application threads were stopped: 0.0000807 seconds, Stopping threads took: 0.0000243 seconds
2023-12-01T09:52:00.227+0800: 1686.597: Total time for which application threads were stopped: 0.0002505 seconds, Stopping threads took: 0.0000593 seconds
2023-12-01T09:52:01.157+0800: 1687.527: Total time for which application threads were stopped: 0.0001432 seconds, Stopping threads took: 0.0000427 seconds
2023-12-01T09:52:01.157+0800: 1687.528: Total time for which application threads were stopped: 0.0000891 seconds, Stopping threads took: 0.0000213 seconds
2023-12-01T09:52:56.158+0800: 1742.528: Total time for which application threads were stopped: 0.0006056 seconds, Stopping threads took: 0.0004928 seconds
2023-12-01T09:52:56.206+0800: 1742.576: Total time for which application threads were stopped: 0.0000915 seconds, Stopping threads took: 0.0000347 seconds
2023-12-01T09:53:01.170+0800: 1747.540: Total time for which application threads were stopped: 0.0001556 seconds, Stopping threads took: 0.0000482 seconds
2023-12-01T09:53:01.170+0800: 1747.540: Total time for which application threads were stopped: 0.0000608 seconds, Stopping threads took: 0.0000184 seconds
2023-12-01T09:53:02.178+0800: 1748.548: Total time for which application threads were stopped: 0.0001437 seconds, Stopping threads took: 0.0000442 seconds
2023-12-01T09:53:56.158+0800: 1802.528: Total time for which application threads were stopped: 0.0001325 seconds, Stopping threads took: 0.0000761 seconds
2023-12-01T09:53:56.195+0800: 1802.564: Total time for which application threads were stopped: 0.0001497 seconds, Stopping threads took: 0.0000272 seconds
2023-12-01T09:53:56.196+0800: 1802.566: Total time for which application threads were stopped: 0.0000596 seconds, Stopping threads took: 0.0000167 seconds
2023-12-01T09:54:01.170+0800: 1807.540: Total time for which application threads were stopped: 0.0001422 seconds, Stopping threads took: 0.0000424 seconds
2023-12-01T09:54:01.170+0800: 1807.540: Total time for which application threads were stopped: 0.0001881 seconds, Stopping threads took: 0.0000137 seconds
2023-12-01T09:54:56.160+0800: 1862.530: Total time for which application threads were stopped: 0.0002030 seconds, Stopping threads took: 0.0001143 seconds
2023-12-01T09:54:56.216+0800: 1862.586: Total time for which application threads were stopped: 0.0000949 seconds, Stopping threads took: 0.0000304 seconds
2023-12-01T09:55:01.167+0800: 1867.536: Total time for which application threads were stopped: 0.0001310 seconds, Stopping threads took: 0.0000335 seconds
2023-12-01T09:55:01.167+0800: 1867.536: Total time for which application threads were stopped: 0.0000796 seconds, Stopping threads took: 0.0000155 seconds
2023-12-01T09:55:56.160+0800: 1922.530: Total time for which application threads were stopped: 0.0003031 seconds, Stopping threads took: 0.0002044 seconds
2023-12-01T09:55:56.221+0800: 1922.590: Total time for which application threads were stopped: 0.0001778 seconds, Stopping threads took: 0.0000400 seconds
2023-12-01T09:56:01.164+0800: 1927.534: Total time for which application threads were stopped: 0.0001607 seconds, Stopping threads took: 0.0000464 seconds
2023-12-01T09:56:01.164+0800: 1927.534: Total time for which application threads were stopped: 0.0001004 seconds, Stopping threads took: 0.0000243 seconds
2023-12-01T09:56:56.153+0800: 1982.523: Total time for which application threads were stopped: 0.0002379 seconds, Stopping threads took: 0.0000392 seconds
2023-12-01T09:56:56.158+0800: 1982.528: Total time for which application threads were stopped: 0.0002169 seconds, Stopping threads took: 0.0001461 seconds
2023-12-01T09:56:56.218+0800: 1982.588: Total time for which application threads were stopped: 0.0001025 seconds, Stopping threads took: 0.0000317 seconds
2023-12-01T09:57:01.159+0800: 1987.529: Total time for which application threads were stopped: 0.0001328 seconds, Stopping threads took: 0.0000407 seconds
2023-12-01T09:57:01.159+0800: 1987.529: Total time for which application threads were stopped: 0.0000943 seconds, Stopping threads took: 0.0000259 seconds
2023-12-01T09:57:56.163+0800: 2042.533: Total time for which application threads were stopped: 0.0001687 seconds, Stopping threads took: 0.0001166 seconds
2023-12-01T09:57:56.216+0800: 2042.586: Total time for which application threads were stopped: 0.0000966 seconds, Stopping threads took: 0.0000292 seconds
2023-12-01T09:58:01.173+0800: 2047.542: Total time for which application threads were stopped: 0.0001447 seconds, Stopping threads took: 0.0000413 seconds
2023-12-01T09:58:01.173+0800: 2047.542: Total time for which application threads were stopped: 0.0000908 seconds, Stopping threads took: 0.0000227 seconds
2023-12-01T09:58:56.151+0800: 2102.520: Total time for which application threads were stopped: 0.0003154 seconds, Stopping threads took: 0.0002071 seconds
2023-12-01T09:58:56.190+0800: 2102.559: Total time for which application threads were stopped: 0.0000845 seconds, Stopping threads took: 0.0000252 seconds
2023-12-01T09:59:01.158+0800: 2107.527: Total time for which application threads were stopped: 0.0001387 seconds, Stopping threads took: 0.0000421 seconds
2023-12-01T09:59:01.158+0800: 2107.527: Total time for which application threads were stopped: 0.0000506 seconds, Stopping threads took: 0.0000138 seconds
2023-12-01T09:59:07.201+0800: 2113.571: Total time for which application threads were stopped: 0.0001250 seconds, Stopping threads took: 0.0000461 seconds
2023-12-01T09:59:56.156+0800: 2162.525: Total time for which application threads were stopped: 0.0005503 seconds, Stopping threads took: 0.0003950 seconds
2023-12-01T09:59:56.196+0800: 2162.565: Total time for which application threads were stopped: 0.0000979 seconds, Stopping threads took: 0.0000273 seconds
2023-12-01T10:00:01.162+0800: 2167.531: Total time for which application threads were stopped: 0.0001204 seconds, Stopping threads took: 0.0000321 seconds
2023-12-01T10:00:01.162+0800: 2167.532: Total time for which application threads were stopped: 0.0000794 seconds, Stopping threads took: 0.0000144 seconds
2023-12-01T10:00:56.167+0800: 2222.536: Total time for which application threads were stopped: 0.0004138 seconds, Stopping threads took: 0.0002128 seconds
2023-12-01T10:00:56.233+0800: 2222.602: Total time for which application threads were stopped: 0.0003250 seconds, Stopping threads took: 0.0000446 seconds
2023-12-01T10:01:01.169+0800: 2227.538: Total time for which application threads were stopped: 0.0001686 seconds, Stopping threads took: 0.0000690 seconds
2023-12-01T10:01:01.169+0800: 2227.539: Total time for which application threads were stopped: 0.0001560 seconds, Stopping threads took: 0.0000560 seconds
2023-12-01T10:01:56.157+0800: 2282.527: Total time for which application threads were stopped: 0.0002653 seconds, Stopping threads took: 0.0001461 seconds
2023-12-01T10:01:56.207+0800: 2282.576: Total time for which application threads were stopped: 0.0001104 seconds, Stopping threads took: 0.0000319 seconds
2023-12-01T10:02:01.166+0800: 2287.535: Total time for which application threads were stopped: 0.0001465 seconds, Stopping threads took: 0.0000443 seconds
2023-12-01T10:02:01.166+0800: 2287.535: Total time for which application threads were stopped: 0.0001773 seconds, Stopping threads took: 0.0000173 seconds
2023-12-01T10:02:07.203+0800: 2293.572: Total time for which application threads were stopped: 0.0001476 seconds, Stopping threads took: 0.0000440 seconds
2023-12-01T10:02:56.161+0800: 2342.530: Total time for which application threads were stopped: 0.0002126 seconds, Stopping threads took: 0.0001405 seconds
2023-12-01T10:02:56.215+0800: 2342.584: Total time for which application threads were stopped: 0.0002125 seconds, Stopping threads took: 0.0000315 seconds
2023-12-01T10:03:01.166+0800: 2347.535: Total time for which application threads were stopped: 0.0001272 seconds, Stopping threads took: 0.0000352 seconds
2023-12-01T10:03:56.150+0800: 2402.519: Total time for which application threads were stopped: 0.0003401 seconds, Stopping threads took: 0.0002304 seconds
2023-12-01T10:03:56.191+0800: 2402.560: Total time for which application threads were stopped: 0.0001770 seconds, Stopping threads took: 0.0000274 seconds
2023-12-01T10:03:56.193+0800: 2402.562: Total time for which application threads were stopped: 0.0001474 seconds, Stopping threads took: 0.0000187 seconds
2023-12-01T10:03:56.193+0800: 2402.562: Total time for which application threads were stopped: 0.0000346 seconds, Stopping threads took: 0.0000079 seconds
2023-12-01T10:04:01.166+0800: 2407.536: Total time for which application threads were stopped: 0.0002996 seconds, Stopping threads took: 0.0000390 seconds
2023-12-01T10:04:01.166+0800: 2407.536: Total time for which application threads were stopped: 0.0000670 seconds, Stopping threads took: 0.0000192 seconds
2023-12-01T10:04:56.164+0800: 2462.533: Total time for which application threads were stopped: 0.0002953 seconds, Stopping threads took: 0.0001787 seconds
2023-12-01T10:04:56.219+0800: 2462.588: Total time for which application threads were stopped: 0.0001704 seconds, Stopping threads took: 0.0000443 seconds
2023-12-01T10:05:01.171+0800: 2467.540: Total time for which application threads were stopped: 0.0001548 seconds, Stopping threads took: 0.0000392 seconds
2023-12-01T10:05:01.171+0800: 2467.541: Total time for which application threads were stopped: 0.0000878 seconds, Stopping threads took: 0.0000221 seconds
2023-12-01T10:05:56.151+0800: 2522.521: Total time for which application threads were stopped: 0.0003563 seconds, Stopping threads took: 0.0002931 seconds
2023-12-01T10:05:56.191+0800: 2522.560: Total time for which application threads were stopped: 0.0001338 seconds, Stopping threads took: 0.0000391 seconds
2023-12-01T10:06:01.157+0800: 2527.526: Total time for which application threads were stopped: 0.0001386 seconds, Stopping threads took: 0.0000416 seconds
2023-12-01T10:06:01.157+0800: 2527.527: Total time for which application threads were stopped: 0.0001138 seconds, Stopping threads took: 0.0000334 seconds
2023-12-01T10:06:16.886+0800: 2543.256: Total time for which application threads were stopped: 0.0001078 seconds, Stopping threads took: 0.0000377 seconds
2023-12-01T10:06:16.886+0800: 2543.256: Total time for which application threads were stopped: 0.0000402 seconds, Stopping threads took: 0.0000140 seconds
2023-12-01T10:06:16.888+0800: 2543.258: Total time for which application threads were stopped: 0.0000604 seconds, Stopping threads took: 0.0000212 seconds
2023-12-01T10:06:17.903+0800: 2544.272: Total time for which application threads were stopped: 0.0001328 seconds, Stopping threads took: 0.0000417 seconds
2023-12-01T10:06:56.146+0800: 2582.516: Total time for which application threads were stopped: 0.0001492 seconds, Stopping threads took: 0.0000903 seconds
2023-12-01T10:06:56.188+0800: 2582.557: Total time for which application threads were stopped: 0.0000876 seconds, Stopping threads took: 0.0000241 seconds
2023-12-01T10:07:01.154+0800: 2587.523: Total time for which application threads were stopped: 0.0001356 seconds, Stopping threads took: 0.0000382 seconds
2023-12-01T10:07:01.154+0800: 2587.523: Total time for which application threads were stopped: 0.0000595 seconds, Stopping threads took: 0.0000195 seconds
2023-12-01T10:07:56.153+0800: 2642.522: Total time for which application threads were stopped: 0.0002939 seconds, Stopping threads took: 0.0001957 seconds
2023-12-01T10:07:56.193+0800: 2642.562: Total time for which application threads were stopped: 0.0000979 seconds, Stopping threads took: 0.0000291 seconds
2023-12-01T10:08:01.170+0800: 2647.539: Total time for which application threads were stopped: 0.0001786 seconds, Stopping threads took: 0.0000468 seconds
2023-12-01T10:08:01.170+0800: 2647.539: Total time for which application threads were stopped: 0.0000574 seconds, Stopping threads took: 0.0000210 seconds
2023-12-01T10:08:02.177+0800: 2648.546: Total time for which application threads were stopped: 0.0001553 seconds, Stopping threads took: 0.0000452 seconds
2023-12-01T10:08:21.316+0800: 2667.685: Total time for which application threads were stopped: 0.0001463 seconds, Stopping threads took: 0.0000464 seconds
2023-12-01T10:08:32.411+0800: 2678.780: Total time for which application threads were stopped: 0.0002192 seconds, Stopping threads took: 0.0000726 seconds
2023-12-01T10:08:56.150+0800: 2702.520: Total time for which application threads were stopped: 0.0003904 seconds, Stopping threads took: 0.0002178 seconds
2023-12-01T10:08:56.192+0800: 2702.560: Total time for which application threads were stopped: 0.0000891 seconds, Stopping threads took: 0.0000292 seconds
2023-12-01T10:09:01.167+0800: 2707.536: Total time for which application threads were stopped: 0.0002471 seconds, Stopping threads took: 0.0001355 seconds
2023-12-01T10:09:01.167+0800: 2707.537: Total time for which application threads were stopped: 0.0001019 seconds, Stopping threads took: 0.0000250 seconds
2023-12-01T10:09:14.282+0800: 2720.651: Total time for which application threads were stopped: 0.0001522 seconds, Stopping threads took: 0.0000422 seconds
2023-12-01T10:09:45.543+0800: 2751.912: Total time for which application threads were stopped: 0.0001891 seconds, Stopping threads took: 0.0000511 seconds
2023-12-01T10:09:56.148+0800: 2762.517: Total time for which application threads were stopped: 0.0001876 seconds, Stopping threads took: 0.0001215 seconds
2023-12-01T10:09:56.199+0800: 2762.568: Total time for which application threads were stopped: 0.0001490 seconds, Stopping threads took: 0.0000381 seconds
2023-12-01T10:10:01.152+0800: 2767.521: Total time for which application threads were stopped: 0.0001356 seconds, Stopping threads took: 0.0000378 seconds
2023-12-01T10:10:01.152+0800: 2767.521: Total time for which application threads were stopped: 0.0000609 seconds, Stopping threads took: 0.0000137 seconds
2023-12-01T10:10:16.283+0800: 2782.652: Total time for which application threads were stopped: 0.0001216 seconds, Stopping threads took: 0.0000360 seconds
2023-12-01T10:10:26.377+0800: 2792.746: Total time for which application threads were stopped: 0.0001836 seconds, Stopping threads took: 0.0000616 seconds
2023-12-01T10:10:47.578+0800: 2813.947: Total time for which application threads were stopped: 0.0002040 seconds, Stopping threads took: 0.0000539 seconds
2023-12-01T10:10:56.159+0800: 2822.528: Total time for which application threads were stopped: 0.0002785 seconds, Stopping threads took: 0.0002104 seconds
2023-12-01T10:10:56.213+0800: 2822.582: Total time for which application threads were stopped: 0.0001094 seconds, Stopping threads took: 0.0000375 seconds
2023-12-01T10:10:58.239+0800: 2824.608: Total time for which application threads were stopped: 0.0001836 seconds, Stopping threads took: 0.0000517 seconds
2023-12-01T10:11:01.165+0800: 2827.534: Total time for which application threads were stopped: 0.0001188 seconds, Stopping threads took: 0.0000389 seconds
2023-12-01T10:11:01.165+0800: 2827.534: Total time for which application threads were stopped: 0.0000509 seconds, Stopping threads took: 0.0000126 seconds
2023-12-01T10:11:03.176+0800: 2829.545: Total time for which application threads were stopped: 0.0003382 seconds, Stopping threads took: 0.0001336 seconds
2023-12-01T10:11:56.149+0800: 2882.519: Total time for which application threads were stopped: 0.0002177 seconds, Stopping threads took: 0.0000362 seconds
2023-12-01T10:11:56.154+0800: 2882.524: Total time for which application threads were stopped: 0.0002072 seconds, Stopping threads took: 0.0001224 seconds
2023-12-01T10:11:56.195+0800: 2882.564: Total time for which application threads were stopped: 0.0001015 seconds, Stopping threads took: 0.0000291 seconds
2023-12-01T10:12:01.166+0800: 2887.535: Total time for which application threads were stopped: 0.0001665 seconds, Stopping threads took: 0.0000518 seconds
2023-12-01T10:12:01.166+0800: 2887.535: Total time for which application threads were stopped: 0.0000767 seconds, Stopping threads took: 0.0000159 seconds
2023-12-01T10:12:56.160+0800: 2942.529: Total time for which application threads were stopped: 0.0002244 seconds, Stopping threads took: 0.0001255 seconds
2023-12-01T10:12:56.206+0800: 2942.575: Total time for which application threads were stopped: 0.0001453 seconds, Stopping threads took: 0.0000316 seconds
2023-12-01T10:13:01.168+0800: 2947.537: Total time for which application threads were stopped: 0.0001820 seconds, Stopping threads took: 0.0000366 seconds
2023-12-01T10:13:01.168+0800: 2947.537: Total time for which application threads were stopped: 0.0001000 seconds, Stopping threads took: 0.0000300 seconds
2023-12-01T10:13:56.145+0800: 3002.515: Total time for which application threads were stopped: 0.0001969 seconds, Stopping threads took: 0.0001422 seconds
2023-12-01T10:13:56.184+0800: 3002.553: Total time for which application threads were stopped: 0.0001632 seconds, Stopping threads took: 0.0000265 seconds
2023-12-01T10:13:56.186+0800: 3002.555: Total time for which application threads were stopped: 0.0001043 seconds, Stopping threads took: 0.0000363 seconds
2023-12-01T10:14:01.156+0800: 3007.525: Total time for which application threads were stopped: 0.0001254 seconds, Stopping threads took: 0.0000376 seconds
2023-12-01T10:14:01.156+0800: 3007.525: Total time for which application threads were stopped: 0.0000873 seconds, Stopping threads took: 0.0000224 seconds
2023-12-01T10:14:56.161+0800: 3062.530: Total time for which application threads were stopped: 0.0001893 seconds, Stopping threads took: 0.0001117 seconds
2023-12-01T10:14:56.208+0800: 3062.576: Total time for which application threads were stopped: 0.0001026 seconds, Stopping threads took: 0.0000302 seconds
2023-12-01T10:15:01.164+0800: 3067.533: Total time for which application threads were stopped: 0.0001254 seconds, Stopping threads took: 0.0000305 seconds
2023-12-01T10:15:01.164+0800: 3067.533: Total time for which application threads were stopped: 0.0000871 seconds, Stopping threads took: 0.0000142 seconds
2023-12-01T10:15:56.154+0800: 3122.523: Total time for which application threads were stopped: 0.0003211 seconds, Stopping threads took: 0.0000871 seconds
2023-12-01T10:15:56.159+0800: 3122.528: Total time for which application threads were stopped: 0.0002929 seconds, Stopping threads took: 0.0002438 seconds
2023-12-01T10:15:56.199+0800: 3122.567: Total time for which application threads were stopped: 0.0000921 seconds, Stopping threads took: 0.0000241 seconds
2023-12-01T10:16:01.172+0800: 3127.540: Total time for which application threads were stopped: 0.0001160 seconds, Stopping threads took: 0.0000295 seconds
2023-12-01T10:16:01.172+0800: 3127.540: Total time for which application threads were stopped: 0.0000603 seconds, Stopping threads took: 0.0000152 seconds
2023-12-01T10:16:56.166+0800: 3182.534: Total time for which application threads were stopped: 0.0002322 seconds, Stopping threads took: 0.0001474 seconds
2023-12-01T10:16:56.220+0800: 3182.588: Total time for which application threads were stopped: 0.0001168 seconds, Stopping threads took: 0.0000366 seconds
2023-12-01T10:17:01.172+0800: 3187.540: Total time for which application threads were stopped: 0.0001723 seconds, Stopping threads took: 0.0000466 seconds
2023-12-01T10:17:01.172+0800: 3187.541: Total time for which application threads were stopped: 0.0000685 seconds, Stopping threads took: 0.0000241 seconds
2023-12-01T10:17:03.189+0800: 3189.557: Total time for which application threads were stopped: 0.0001747 seconds, Stopping threads took: 0.0000696 seconds
2023-12-01T10:17:56.152+0800: 3242.521: Total time for which application threads were stopped: 0.0002401 seconds, Stopping threads took: 0.0001496 seconds
{Heap before GC invocations=34 (full 2):
 par new generation   total 109248K, used 109248K [0x00000000e0000000, 0x00000000e8000000, 0x00000000e8000000)
  eden space 87424K, 100% used [0x00000000e0000000, 0x00000000e5560000, 0x00000000e5560000)
  from space 21824K, 100% used [0x00000000e5560000, 0x00000000e6ab0000, 0x00000000e6ab0000)
  to   space 21824K,   0% used [0x00000000e6ab0000, 0x00000000e6ab0000, 0x00000000e8000000)
 concurrent mark-sweep generation total 393216K, used 181555K [0x00000000e8000000, 0x0000000100000000, 0x0000000100000000)
 Metaspace       used 62915K, capacity 64365K, committed 64456K, reserved 1105920K
  class space    used 7241K, capacity 7580K, committed 7624K, reserved 1048576K
2023-12-01T10:17:56.191+0800: 3242.559: [GC (Allocation Failure) 2023-12-01T10:17:56.191+0800: 3242.560: [ParNew
Desired survivor size 20112992 bytes, new threshold 8 (max 8)
- age   1:    6762400 bytes,    6762400 total
- age   2:    1443192 bytes,    8205592 total
- age   3:    1070688 bytes,    9276280 total
- age   4:    2504640 bytes,   11780920 total
- age   5:    1649280 bytes,   13430200 total
- age   6:    4548768 bytes,   17978968 total
- age   7:     239200 bytes,   18218168 total
- age   8:     510520 bytes,   18728688 total
: 109248K->21824K(109248K), 0.0257355 secs] 290803K->206783K(502464K), 0.0259556 secs] [Times: user=0.05 sys=0.06, real=0.03 secs] 
Heap after GC invocations=35 (full 2):
 par new generation   total 109248K, used 21824K [0x00000000e0000000, 0x00000000e8000000, 0x00000000e8000000)
  eden space 87424K,   0% used [0x00000000e0000000, 0x00000000e0000000, 0x00000000e5560000)
  from space 21824K, 100% used [0x00000000e6ab0000, 0x00000000e8000000, 0x00000000e8000000)
  to   space 21824K,   0% used [0x00000000e5560000, 0x00000000e5560000, 0x00000000e6ab0000)
 concurrent mark-sweep generation total 393216K, used 184959K [0x00000000e8000000, 0x0000000100000000, 0x0000000100000000)
 Metaspace       used 62915K, capacity 64365K, committed 64456K, reserved 1105920K
  class space    used 7241K, capacity 7580K, committed 7624K, reserved 1048576K
}
2023-12-01T10:17:56.217+0800: 3242.586: Total time for which application threads were stopped: 0.0263038 seconds, Stopping threads took: 0.0000314 seconds
2023-12-01T10:17:56.218+0800: 3242.586: Total time for which application threads were stopped: 0.0002948 seconds, Stopping threads took: 0.0001199 seconds
2023-12-01T10:17:56.219+0800: 3242.587: Total time for which application threads were stopped: 0.0001698 seconds, Stopping threads took: 0.0000683 seconds
2023-12-01T10:17:56.219+0800: 3242.588: Total time for which application threads were stopped: 0.0001642 seconds, Stopping threads took: 0.0000695 seconds
2023-12-01T10:17:56.220+0800: 3242.589: Total time for which application threads were stopped: 0.0001260 seconds, Stopping threads took: 0.0000534 seconds
2023-12-01T10:17:56.221+0800: 3242.589: Total time for which application threads were stopped: 0.0001256 seconds, Stopping threads took: 0.0000487 seconds
2023-12-01T10:17:56.221+0800: 3242.590: Total time for which application threads were stopped: 0.0001259 seconds, Stopping threads took: 0.0000569 seconds
2023-12-01T10:17:56.222+0800: 3242.591: Total time for which application threads were stopped: 0.0001162 seconds, Stopping threads took: 0.0000465 seconds
2023-12-01T10:17:56.223+0800: 3242.591: Total time for which application threads were stopped: 0.0001091 seconds, Stopping threads took: 0.0000439 seconds
2023-12-01T10:17:56.223+0800: 3242.592: Total time for which application threads were stopped: 0.0001076 seconds, Stopping threads took: 0.0000477 seconds
2023-12-01T10:17:56.224+0800: 3242.592: Total time for which application threads were stopped: 0.0001029 seconds, Stopping threads took: 0.0000450 seconds
2023-12-01T10:17:56.224+0800: 3242.593: Total time for which application threads were stopped: 0.0000923 seconds, Stopping threads took: 0.0000428 seconds
2023-12-01T10:17:56.242+0800: 3242.610: Total time for which application threads were stopped: 0.0001658 seconds, Stopping threads took: 0.0000387 seconds
2023-12-01T10:18:01.165+0800: 3247.534: Total time for which application threads were stopped: 0.0001403 seconds, Stopping threads took: 0.0000395 seconds
2023-12-01T10:18:01.165+0800: 3247.534: Total time for which application threads were stopped: 0.0000901 seconds, Stopping threads took: 0.0000203 seconds
2023-12-01T10:18:56.151+0800: 3302.519: Total time for which application threads were stopped: 0.0002371 seconds, Stopping threads took: 0.0001524 seconds
2023-12-01T10:18:56.196+0800: 3302.565: Total time for which application threads were stopped: 0.0001148 seconds, Stopping threads took: 0.0000301 seconds
2023-12-01T10:19:01.155+0800: 3307.524: Total time for which application threads were stopped: 0.0001331 seconds, Stopping threads took: 0.0000384 seconds
2023-12-01T10:19:01.155+0800: 3307.524: Total time for which application threads were stopped: 0.0000911 seconds, Stopping threads took: 0.0000206 seconds
2023-12-01T10:19:03.171+0800: 3309.539: Total time for which application threads were stopped: 0.0001777 seconds, Stopping threads took: 0.0000511 seconds
2023-12-01T10:19:24.338+0800: 3330.706: Total time for which application threads were stopped: 0.0001868 seconds, Stopping threads took: 0.0000582 seconds
2023-12-01T10:19:36.427+0800: 3342.796: Total time for which application threads were stopped: 0.0004192 seconds, Stopping threads took: 0.0000946 seconds
2023-12-01T10:19:56.156+0800: 3362.524: Total time for which application threads were stopped: 0.0002264 seconds, Stopping threads took: 0.0001308 seconds
2023-12-01T10:19:56.207+0800: 3362.576: Total time for which application threads were stopped: 0.0001006 seconds, Stopping threads took: 0.0000306 seconds
2023-12-01T10:20:01.160+0800: 3367.529: Total time for which application threads were stopped: 0.0001322 seconds, Stopping threads took: 0.0000426 seconds
2023-12-01T10:20:01.160+0800: 3367.529: Total time for which application threads were stopped: 0.0000910 seconds, Stopping threads took: 0.0000226 seconds
2023-12-01T10:20:56.163+0800: 3422.531: Total time for which application threads were stopped: 0.0004400 seconds, Stopping threads took: 0.0001415 seconds
2023-12-01T10:20:56.214+0800: 3422.583: Total time for which application threads were stopped: 0.0001997 seconds, Stopping threads took: 0.0000316 seconds
2023-12-01T10:21:01.174+0800: 3427.543: Total time for which application threads were stopped: 0.0001562 seconds, Stopping threads took: 0.0000463 seconds
2023-12-01T10:21:03.190+0800: 3429.558: Total time for which application threads were stopped: 0.0001719 seconds, Stopping threads took: 0.0000674 seconds
2023-12-01T10:21:44.461+0800: 3470.829: Total time for which application threads were stopped: 0.0001330 seconds, Stopping threads took: 0.0000412 seconds
2023-12-01T10:21:56.151+0800: 3482.519: Total time for which application threads were stopped: 0.0002535 seconds, Stopping threads took: 0.0001772 seconds
2023-12-01T10:21:56.200+0800: 3482.568: Total time for which application threads were stopped: 0.0001313 seconds, Stopping threads took: 0.0000501 seconds
2023-12-01T10:22:01.164+0800: 3487.532: Total time for which application threads were stopped: 0.0001379 seconds, Stopping threads took: 0.0000394 seconds
2023-12-01T10:22:01.164+0800: 3487.532: Total time for which application threads were stopped: 0.0000744 seconds, Stopping threads took: 0.0000191 seconds
2023-12-01T10:22:02.036+0800: 3488.404: Total time for which application threads were stopped: 0.0005572 seconds, Stopping threads took: 0.0001156 seconds
2023-12-01T10:22:03.038+0800: 3489.406: Total time for which application threads were stopped: 0.0001864 seconds, Stopping threads took: 0.0000577 seconds
2023-12-01T10:22:04.044+0800: 3490.412: Total time for which application threads were stopped: 0.0001398 seconds, Stopping threads took: 0.0000430 seconds
{Heap before GC invocations=35 (full 2):
 par new generation   total 109248K, used 109223K [0x00000000e0000000, 0x00000000e8000000, 0x00000000e8000000)
  eden space 87424K,  99% used [0x00000000e0000000, 0x00000000e5559e60, 0x00000000e5560000)
  from space 21824K, 100% used [0x00000000e6ab0000, 0x00000000e8000000, 0x00000000e8000000)
  to   space 21824K,   0% used [0x00000000e5560000, 0x00000000e5560000, 0x00000000e6ab0000)
 concurrent mark-sweep generation total 393216K, used 184959K [0x00000000e8000000, 0x0000000100000000, 0x0000000100000000)
 Metaspace       used 62998K, capacity 64499K, committed 64712K, reserved 1105920K
  class space    used 7241K, capacity 7581K, committed 7624K, reserved 1048576K
2023-12-01T10:22:08.038+0800: 3494.407: [GC (Allocation Failure) 2023-12-01T10:22:08.038+0800: 3494.407: [ParNew
Desired survivor size 20112992 bytes, new threshold 8 (max 8)
- age   1:    2458368 bytes,    2458368 total
- age   2:    3689848 bytes,    6148216 total
- age   3:     848296 bytes,    6996512 total
- age   4:    1070688 bytes,    8067200 total
- age   5:    2504640 bytes,   10571840 total
- age   6:    1649280 bytes,   12221120 total
- age   7:    4548768 bytes,   16769888 total
- age   8:     222752 bytes,   16992640 total
: 109223K->21824K(109248K), 0.0105051 secs] 294183K->207282K(502464K), 0.0107256 secs] [Times: user=0.00 sys=0.00, real=0.01 secs] 
Heap after GC invocations=36 (full 2):
 par new generation   total 109248K, used 21824K [0x00000000e0000000, 0x00000000e8000000, 0x00000000e8000000)
  eden space 87424K,   0% used [0x00000000e0000000, 0x00000000e0000000, 0x00000000e5560000)
  from space 21824K, 100% used [0x00000000e5560000, 0x00000000e6ab0000, 0x00000000e6ab0000)
  to   space 21824K,   0% used [0x00000000e6ab0000, 0x00000000e6ab0000, 0x00000000e8000000)
 concurrent mark-sweep generation total 393216K, used 185458K [0x00000000e8000000, 0x0000000100000000, 0x0000000100000000)
 Metaspace       used 62998K, capacity 64499K, committed 64712K, reserved 1105920K
  class space    used 7241K, capacity 7581K, committed 7624K, reserved 1048576K
}
2023-12-01T10:22:08.048+0800: 3494.418: Total time for which application threads were stopped: 0.0110504 seconds, Stopping threads took: 0.0000371 seconds
2023-12-01T10:22:08.049+0800: 3494.418: Total time for which application threads were stopped: 0.0002594 seconds, Stopping threads took: 0.0001478 seconds
2023-12-01T10:22:08.050+0800: 3494.419: Total time for which application threads were stopped: 0.0002094 seconds, Stopping threads took: 0.0000614 seconds
2023-12-01T10:22:08.051+0800: 3494.420: Total time for which application threads were stopped: 0.0001772 seconds, Stopping threads took: 0.0000613 seconds
2023-12-01T10:22:08.052+0800: 3494.421: Total time for which application threads were stopped: 0.0002696 seconds, Stopping threads took: 0.0001355 seconds
2023-12-01T10:22:08.053+0800: 3494.422: Total time for which application threads were stopped: 0.0001872 seconds, Stopping threads took: 0.0001056 seconds
2023-12-01T10:22:08.054+0800: 3494.423: Total time for which application threads were stopped: 0.0003691 seconds, Stopping threads took: 0.0000583 seconds
{Heap before GC invocations=36 (full 2):
 par new generation   total 109248K, used 109248K [0x00000000e0000000, 0x00000000e8000000, 0x00000000e8000000)
  eden space 87424K, 100% used [0x00000000e0000000, 0x00000000e5560000, 0x00000000e5560000)
  from space 21824K, 100% used [0x00000000e5560000, 0x00000000e6ab0000, 0x00000000e6ab0000)
  to   space 21824K,   0% used [0x00000000e6ab0000, 0x00000000e6ab0000, 0x00000000e8000000)
 concurrent mark-sweep generation total 393216K, used 185458K [0x00000000e8000000, 0x0000000100000000, 0x0000000100000000)
 Metaspace       used 63037K, capacity 64523K, committed 64712K, reserved 1105920K
  class space    used 7243K, capacity 7585K, committed 7624K, reserved 1048576K
2023-12-01T10:22:08.120+0800: 3494.489: [GC (Allocation Failure) 2023-12-01T10:22:08.120+0800: 3494.489: [ParNew
Desired survivor size 20112992 bytes, new threshold 8 (max 8)
- age   1:     245016 bytes,     245016 total
- age   2:    2125272 bytes,    2370288 total
- age   3:    1816224 bytes,    4186512 total
- age   4:     369040 bytes,    4555552 total
- age   5:    1070688 bytes,    5626240 total
- age   6:    2504640 bytes,    8130880 total
- age   7:    1649280 bytes,    9780160 total
- age   8:    4548768 bytes,   14328928 total
: 109248K->21824K(109248K), 0.0073956 secs] 294706K->207459K(502464K), 0.0076072 secs] [Times: user=0.00 sys=0.00, real=0.01 secs] 
Heap after GC invocations=37 (full 2):
 par new generation   total 109248K, used 21824K [0x00000000e0000000, 0x00000000e8000000, 0x00000000e8000000)
  eden space 87424K,   0% used [0x00000000e0000000, 0x00000000e0000000, 0x00000000e5560000)
  from space 21824K, 100% used [0x00000000e6ab0000, 0x00000000e8000000, 0x00000000e8000000)
  to   space 21824K,   0% used [0x00000000e5560000, 0x00000000e5560000, 0x00000000e6ab0000)
 concurrent mark-sweep generation total 393216K, used 185635K [0x00000000e8000000, 0x0000000100000000, 0x0000000100000000)
 Metaspace       used 63037K, capacity 64523K, committed 64712K, reserved 1105920K
  class space    used 7243K, capacity 7585K, committed 7624K, reserved 1048576K
}
2023-12-01T10:22:08.128+0800: 3494.496: Total time for which application threads were stopped: 0.0078590 seconds, Stopping threads took: 0.0000389 seconds
2023-12-01T10:22:08.267+0800: 3494.635: Total time for which application threads were stopped: 0.0001918 seconds, Stopping threads took: 0.0000354 seconds
2023-12-01T10:22:08.283+0800: 3494.651: Total time for which application threads were stopped: 0.0002642 seconds, Stopping threads took: 0.0001091 seconds
2023-12-01T10:22:08.326+0800: 3494.694: Total time for which application threads were stopped: 0.0004278 seconds, Stopping threads took: 0.0001084 seconds
2023-12-01T10:22:08.327+0800: 3494.696: Total time for which application threads were stopped: 0.0000941 seconds, Stopping threads took: 0.0000334 seconds
2023-12-01T10:22:08.327+0800: 3494.696: Total time for which application threads were stopped: 0.0000463 seconds, Stopping threads took: 0.0000151 seconds
2023-12-01T10:22:08.327+0800: 3494.696: Total time for which application threads were stopped: 0.0000327 seconds, Stopping threads took: 0.0000112 seconds
2023-12-01T10:22:08.327+0800: 3494.696: Total time for which application threads were stopped: 0.0000306 seconds, Stopping threads took: 0.0000100 seconds
2023-12-01T10:22:08.327+0800: 3494.696: Total time for which application threads were stopped: 0.0000507 seconds, Stopping threads took: 0.0000198 seconds
2023-12-01T10:22:08.327+0800: 3494.696: Total time for which application threads were stopped: 0.0000348 seconds, Stopping threads took: 0.0000136 seconds
2023-12-01T10:22:08.347+0800: 3494.716: Total time for which application threads were stopped: 0.0002064 seconds, Stopping threads took: 0.0000614 seconds
2023-12-01T10:22:08.347+0800: 3494.717: Total time for which application threads were stopped: 0.0000920 seconds, Stopping threads took: 0.0000332 seconds
2023-12-01T10:22:08.388+0800: 3494.757: Total time for which application threads were stopped: 0.0001763 seconds, Stopping threads took: 0.0000491 seconds
2023-12-01T10:22:08.389+0800: 3494.758: Total time for which application threads were stopped: 0.0001397 seconds, Stopping threads took: 0.0000426 seconds
2023-12-01T10:22:08.389+0800: 3494.758: Total time for which application threads were stopped: 0.0000557 seconds, Stopping threads took: 0.0000164 seconds
2023-12-01T10:22:08.389+0800: 3494.758: Total time for which application threads were stopped: 0.0000482 seconds, Stopping threads took: 0.0000167 seconds
2023-12-01T10:22:08.389+0800: 3494.758: Total time for which application threads were stopped: 0.0000775 seconds, Stopping threads took: 0.0000352 seconds
2023-12-01T10:22:08.389+0800: 3494.758: Total time for which application threads were stopped: 0.0000474 seconds, Stopping threads took: 0.0000164 seconds
2023-12-01T10:22:17.466+0800: 3503.834: Total time for which application threads were stopped: 0.0001711 seconds, Stopping threads took: 0.0000650 seconds
2023-12-01T10:22:56.147+0800: 3542.516: Total time for which application threads were stopped: 0.0002462 seconds, Stopping threads took: 0.0000430 seconds
2023-12-01T10:22:56.155+0800: 3542.524: Total time for which application threads were stopped: 0.0003472 seconds, Stopping threads took: 0.0002184 seconds
2023-12-01T10:22:56.201+0800: 3542.569: Total time for which application threads were stopped: 0.0001270 seconds, Stopping threads took: 0.0000371 seconds
2023-12-01T10:23:01.161+0800: 3547.529: Total time for which application threads were stopped: 0.0001784 seconds, Stopping threads took: 0.0000334 seconds
2023-12-01T10:23:01.161+0800: 3547.530: Total time for which application threads were stopped: 0.0000992 seconds, Stopping threads took: 0.0000468 seconds
2023-12-01T10:23:04.192+0800: 3550.561: Total time for which application threads were stopped: 0.0001335 seconds, Stopping threads took: 0.0000521 seconds
2023-12-01T10:23:56.150+0800: 3602.519: Total time for which application threads were stopped: 0.0002020 seconds, Stopping threads took: 0.0001427 seconds
2023-12-01T10:23:56.194+0800: 3602.563: Total time for which application threads were stopped: 0.0002097 seconds, Stopping threads took: 0.0000298 seconds
2023-12-01T10:23:56.197+0800: 3602.565: Total time for which application threads were stopped: 0.0001893 seconds, Stopping threads took: 0.0000278 seconds
2023-12-01T10:23:56.197+0800: 3602.565: Total time for which application threads were stopped: 0.0000839 seconds, Stopping threads took: 0.0000184 seconds
2023-12-01T10:24:01.170+0800: 3607.538: Total time for which application threads were stopped: 0.0002898 seconds, Stopping threads took: 0.0000375 seconds
2023-12-01T10:24:01.170+0800: 3607.538: Total time for which application threads were stopped: 0.0000705 seconds, Stopping threads took: 0.0000150 seconds
2023-12-01T10:24:56.162+0800: 3662.530: Total time for which application threads were stopped: 0.0001825 seconds, Stopping threads took: 0.0001166 seconds
2023-12-01T10:24:56.210+0800: 3662.578: Total time for which application threads were stopped: 0.0001016 seconds, Stopping threads took: 0.0000335 seconds
2023-12-01T10:25:01.174+0800: 3667.543: Total time for which application threads were stopped: 0.0001603 seconds, Stopping threads took: 0.0000419 seconds
2023-12-01T10:25:01.174+0800: 3667.543: Total time for which application threads were stopped: 0.0000970 seconds, Stopping threads took: 0.0000313 seconds
2023-12-01T10:25:04.198+0800: 3670.566: Total time for which application threads were stopped: 0.0001590 seconds, Stopping threads took: 0.0000486 seconds
2023-12-01T10:25:56.151+0800: 3722.520: Total time for which application threads were stopped: 0.0002994 seconds, Stopping threads took: 0.0002175 seconds
2023-12-01T10:25:56.197+0800: 3722.565: Total time for which application threads were stopped: 0.0001101 seconds, Stopping threads took: 0.0000363 seconds
2023-12-01T10:26:01.154+0800: 3727.523: Total time for which application threads were stopped: 0.0002114 seconds, Stopping threads took: 0.0000633 seconds
2023-12-01T10:26:01.154+0800: 3727.523: Total time for which application threads were stopped: 0.0001578 seconds, Stopping threads took: 0.0000473 seconds
2023-12-01T10:26:04.181+0800: 3730.549: Total time for which application threads were stopped: 0.0001447 seconds, Stopping threads took: 0.0000446 seconds
2023-12-01T10:26:10.231+0800: 3736.599: Total time for which application threads were stopped: 0.0001377 seconds, Stopping threads took: 0.0000426 seconds
2023-12-01T10:26:56.163+0800: 3782.532: Total time for which application threads were stopped: 0.0002342 seconds, Stopping threads took: 0.0001343 seconds
2023-12-01T10:26:56.207+0800: 3782.576: Total time for which application threads were stopped: 0.0000973 seconds, Stopping threads took: 0.0000294 seconds
2023-12-01T10:27:01.171+0800: 3787.539: Total time for which application threads were stopped: 0.0001609 seconds, Stopping threads took: 0.0000402 seconds
2023-12-01T10:27:01.171+0800: 3787.539: Total time for which application threads were stopped: 0.0001588 seconds, Stopping threads took: 0.0000346 seconds
2023-12-01T10:27:04.196+0800: 3790.564: Total time for which application threads were stopped: 0.0001548 seconds, Stopping threads took: 0.0000498 seconds
2023-12-01T10:27:17.788+0800: 3804.156: Total time for which application threads were stopped: 0.0001356 seconds, Stopping threads took: 0.0000437 seconds
2023-12-01T10:27:17.788+0800: 3804.156: Total time for which application threads were stopped: 0.0001477 seconds, Stopping threads took: 0.0000332 seconds
2023-12-01T10:27:17.788+0800: 3804.156: Total time for which application threads were stopped: 0.0000528 seconds, Stopping threads took: 0.0000155 seconds
2023-12-01T10:27:43.968+0800: 3830.336: Total time for which application threads were stopped: 0.0002032 seconds, Stopping threads took: 0.0000577 seconds
2023-12-01T10:27:56.157+0800: 3842.525: Total time for which application threads were stopped: 0.0002567 seconds, Stopping threads took: 0.0001413 seconds
2023-12-01T10:27:56.219+0800: 3842.587: Total time for which application threads were stopped: 0.0002914 seconds, Stopping threads took: 0.0000397 seconds
2023-12-01T10:27:58.557+0800: 3844.925: Total time for which application threads were stopped: 0.0000975 seconds, Stopping threads took: 0.0000418 seconds
2023-12-01T10:27:58.560+0800: 3844.928: Total time for which application threads were stopped: 0.0001383 seconds, Stopping threads took: 0.0000250 seconds
2023-12-01T10:27:58.566+0800: 3844.934: Total time for which application threads were stopped: 0.0003156 seconds, Stopping threads took: 0.0000621 seconds
2023-12-01T10:27:58.566+0800: 3844.935: Total time for which application threads were stopped: 0.0000898 seconds, Stopping threads took: 0.0000189 seconds
2023-12-01T10:27:58.567+0800: 3844.935: Total time for which application threads were stopped: 0.0000732 seconds, Stopping threads took: 0.0000301 seconds
2023-12-01T10:27:58.567+0800: 3844.936: Total time for which application threads were stopped: 0.0000472 seconds, Stopping threads took: 0.0000140 seconds
2023-12-01T10:27:58.567+0800: 3844.936: Total time for which application threads were stopped: 0.0000659 seconds, Stopping threads took: 0.0000191 seconds
2023-12-01T10:27:58.568+0800: 3844.937: Total time for which application threads were stopped: 0.0001103 seconds, Stopping threads took: 0.0000290 seconds
2023-12-01T10:27:58.568+0800: 3844.937: Total time for which application threads were stopped: 0.0000511 seconds, Stopping threads took: 0.0000164 seconds
2023-12-01T10:27:58.568+0800: 3844.937: Total time for which application threads were stopped: 0.0000735 seconds, Stopping threads took: 0.0000464 seconds
2023-12-01T10:27:58.568+0800: 3844.937: Total time for which application threads were stopped: 0.0000588 seconds, Stopping threads took: 0.0000391 seconds
2023-12-01T10:27:58.568+0800: 3844.937: Total time for which application threads were stopped: 0.0000506 seconds, Stopping threads took: 0.0000317 seconds
2023-12-01T10:27:58.569+0800: 3844.937: Total time for which application threads were stopped: 0.0001138 seconds, Stopping threads took: 0.0000893 seconds
2023-12-01T10:27:58.569+0800: 3844.937: Total time for which application threads were stopped: 0.0000560 seconds, Stopping threads took: 0.0000327 seconds
2023-12-01T10:27:58.569+0800: 3844.937: Total time for which application threads were stopped: 0.0000456 seconds, Stopping threads took: 0.0000224 seconds
2023-12-01T10:27:58.569+0800: 3844.938: Total time for which application threads were stopped: 0.0000453 seconds, Stopping threads took: 0.0000249 seconds
2023-12-01T10:27:58.569+0800: 3844.938: Total time for which application threads were stopped: 0.0000529 seconds, Stopping threads took: 0.0000297 seconds
2023-12-01T10:27:58.569+0800: 3844.938: Total time for which application threads were stopped: 0.0000799 seconds, Stopping threads took: 0.0000257 seconds
2023-12-01T10:27:58.571+0800: 3844.940: Total time for which application threads were stopped: 0.0001240 seconds, Stopping threads took: 0.0000189 seconds
2023-12-01T10:27:58.571+0800: 3844.940: Total time for which application threads were stopped: 0.0000584 seconds, Stopping threads took: 0.0000148 seconds
2023-12-01T10:27:58.572+0800: 3844.940: Total time for which application threads were stopped: 0.0000906 seconds, Stopping threads took: 0.0000167 seconds
2023-12-01T10:27:58.572+0800: 3844.941: Total time for which application threads were stopped: 0.0000630 seconds, Stopping threads took: 0.0000371 seconds
2023-12-01T10:27:58.572+0800: 3844.941: Total time for which application threads were stopped: 0.0000449 seconds, Stopping threads took: 0.0000236 seconds
2023-12-01T10:27:58.572+0800: 3844.941: Total time for which application threads were stopped: 0.0000394 seconds, Stopping threads took: 0.0000124 seconds
2023-12-01T10:27:58.572+0800: 3844.941: Total time for which application threads were stopped: 0.0001866 seconds, Stopping threads took: 0.0000864 seconds
2023-12-01T10:27:58.573+0800: 3844.942: Total time for which application threads were stopped: 0.0000594 seconds, Stopping threads took: 0.0000307 seconds
2023-12-01T10:27:58.574+0800: 3844.942: Total time for which application threads were stopped: 0.0000561 seconds, Stopping threads took: 0.0000146 seconds
2023-12-01T10:27:58.574+0800: 3844.943: Total time for which application threads were stopped: 0.0000618 seconds, Stopping threads took: 0.0000132 seconds
2023-12-01T10:27:58.575+0800: 3844.944: Total time for which application threads were stopped: 0.0001720 seconds, Stopping threads took: 0.0001333 seconds
Heap
 par new generation   total 109248K, used 101966K [0x00000000e0000000, 0x00000000e8000000, 0x00000000e8000000)
  eden space 87424K,  91% used [0x00000000e0000000, 0x00000000e4e43880, 0x00000000e5560000)
  from space 21824K, 100% used [0x00000000e6ab0000, 0x00000000e8000000, 0x00000000e8000000)
  to   space 21824K,   0% used [0x00000000e5560000, 0x00000000e5560000, 0x00000000e6ab0000)
 concurrent mark-sweep generation total 393216K, used 185635K [0x00000000e8000000, 0x0000000100000000, 0x0000000100000000)
 Metaspace       used 63273K, capacity 64809K, committed 64968K, reserved 1105920K
  class space    used 7258K, capacity 7592K, committed 7624K, reserved 1048576K
